
> sbb-travel-companion@0.9.0 test:unit
> vitest src/lib/utils/__tests__/TimeParser.test.ts


[1m[44m DEV [49m[22m [34mv4.0.16 [39m[90mC:/Users/schlp/code/sbb-chat-mcp[39m

 [31mÔØ»[39m src/lib/utils/__tests__/TimeParser.test.ts [2m([22m[2m45 tests[22m[2m | [22m[31m23 failed[39m[2m)[22m[32m 20[2mms[22m[39m
         [32mÔ£ô[39m parses "today"[32m 1[2mms[22m[39m
         [32mÔ£ô[39m parses "tomorrow"[32m 0[2mms[22m[39m
         [32mÔ£ô[39m parses "yesterday"[32m 0[2mms[22m[39m
         [32mÔ£ô[39m parses "heute"[32m 0[2mms[22m[39m
         [32mÔ£ô[39m parses "morgen"[32m 0[2mms[22m[39m
         [32mÔ£ô[39m parses "gestern"[32m 0[2mms[22m[39m
         [32mÔ£ô[39m parses "aujourd'hui"[32m 0[2mms[22m[39m
         [32mÔ£ô[39m parses "demain"[32m 0[2mms[22m[39m
         [32mÔ£ô[39m parses "hier"[32m 0[2mms[22m[39m
         [32mÔ£ô[39m parses "oggi"[32m 0[2mms[22m[39m
         [32mÔ£ô[39m parses "domani"[32m 0[2mms[22m[39m
         [32mÔ£ô[39m parses "ieri"[32m 0[2mms[22m[39m
         [32mÔ£ô[39m parses ISO date string[32m 0[2mms[22m[39m
         [32mÔ£ô[39m parses ISO datetime string[32m 0[2mms[22m[39m
         [32mÔ£ô[39m is case-insensitive[32m 0[2mms[22m[39m
         [32mÔ£ô[39m trims whitespace[32m 0[2mms[22m[39m
         [32mÔ£ô[39m returns base date for invalid input[32m 0[2mms[22m[39m
         [32mÔ£ô[39m uses current date when baseDate is not provided[32m 0[2mms[22m[39m
         [32mÔ£ô[39m converts "9am" to "09:00"[32m 0[2mms[22m[39m
[31m         [31m├ù[31m converts "2pm" to "14:00"[39m[32m 4[2mms[22m[39m
[31m         [31m├ù[31m converts "12am" to "00:00"[39m[32m 1[2mms[22m[39m
[31m         [31m├ù[31m converts "12pm" to "12:00"[39m[32m 0[2mms[22m[39m
[31m         [31m├ù[31m handles uppercase AM/PM[39m[32m 0[2mms[22m[39m
[31m         [31m├ù[31m converts "9:30am" to "09:30"[39m[32m 0[2mms[22m[39m
[31m         [31m├ù[31m converts "2:45pm" to "14:45"[39m[32m 1[2mms[22m[39m
[31m         [31m├ù[31m converts "12:30am" to "00:30"[39m[32m 0[2mms[22m[39m
[31m         [31m├ù[31m converts "12:30pm" to "12:30"[39m[32m 0[2mms[22m[39m
[31m         [31m├ù[31m handles spaces before AM/PM[39m[32m 0[2mms[22m[39m
[31m         [31m├ù[31m handles single digit hour[39m[32m 0[2mms[22m[39m
[31m         [31m├ù[31m handles double digit hour[39m[32m 0[2mms[22m[39m
[31m         [31m├ù[31m handles time without leading zero[39m[32m 0[2mms[22m[39m
[31m         [31m├ù[31m handles time with leading zero[39m[32m 1[2mms[22m[39m
[31m         [31m├ù[31m handles time with seconds[39m[32m 1[2mms[22m[39m
[31m         [31m├ù[31m trims whitespace[39m[32m 0[2mms[22m[39m
         [32mÔ£ô[39m returns default for invalid input[32m 0[2mms[22m[39m
[31m         [31m├ù[31m handles midnight[39m[32m 0[2mms[22m[39m
[31m         [31m├ù[31m handles noon[39m[32m 0[2mms[22m[39m
[31m       [31m├ù[31m combines date and time correctly[39m[32m 2[2mms[22m[39m
[31m       [31m├ù[31m handles relative date with time[39m[32m 1[2mms[22m[39m
       [32mÔ£ô[39m uses default time when time is not provided[32m 0[2mms[22m[39m
[31m       [31m├ù[31m uses current date when date is not provided[39m[32m 0[2mms[22m[39m
       [32mÔ£ô[39m uses defaults when both are not provided[32m 0[2mms[22m[39m
[31m       [31m├ù[31m handles multilingual date with AM/PM time[39m[32m 0[2mms[22m[39m
[31m       [31m├ù[31m returns current time for invalid inputs[39m[32m 0[2mms[22m[39m
[31m       [31m├ù[31m preserves date-only format in date field[39m[32m 0[2mms[22m[39m
node.exe : 
At line:1 char:1
+ & "C:\Program Files\nodejs/node.exe" 
"C:\Users\schlp\AppData\Roaming\ ...
+ ~~~~~~~~~~~~~~~~~~~~~~~~~~~~~~~~~~~~~~~~~~~~~~~~~~
~~~~~~~~~~~~~~~~~~~
    + CategoryInfo          : NotSpecified: (:Strin 
   g) [], RemoteException
    + FullyQualifiedErrorId : NativeCommandError
 
[31mÔÄ»ÔÄ»ÔÄ»ÔÄ»ÔÄ»ÔÄ»[39m[1m[41m Failed Tests 
23 [49m[22m[31mÔÄ»ÔÄ»ÔÄ»ÔÄ»ÔÄ»ÔÄ»ÔÄ»[39m

[41m[1m FAIL [22m[49m 
src/lib/utils/__tests__/TimeParser.test.ts[2m > 
[22mTimeParser[2m > [22mnormalizeTime[2m > 
[22mAM/PM format without minutes[2m > 
[22mconverts "2pm" to "14:00"
[31m[1mAssertionError[22m: expected '09:00' to 
be '14:00' // Object.is equality[39m

Expected: [32m"[7m14[27m:00"[39m
Received: [31m"[7m09[27m:00"[39m

[36m [2mÔØ»[22m src/lib/utils/__tests__/TimeParse
r.test.ts:[2m138:49[22m[39m
    [90m136| [39m
    [90m137| [39m      
[34mit[39m([32m'converts "2pm" to 
"14:00"'[39m[33m,[39m () [33m=>[39m {
    [90m138| [39m        [34mexpect[39m([33mTim
eParser[39m[33m.[39m[34mnormalizeTime[39m([32m
'2pm'[39m))[33m.[39m[34mtoBe[39m([32m'14:00'[
39m)[33m;[39m
    [90m   | [39m                                 
               [31m^[39m
    [90m139| [39m      })[33m;[39m
    [90m140| [39m

[31m[2mÔÄ»ÔÄ»ÔÄ»ÔÄ»ÔÄ»ÔÄ»ÔÄ»ÔÄ»ÔÄ»ÔÄ»ÔÄ»ÔÄ»ÔÄ»ÔÄ»Ô
Ä»ÔÄ»ÔÄ»ÔÄ»ÔÄ»ÔÄ»ÔÄ»ÔÄ»ÔÄ»[1/23]ÔÄ»[22m[39m

[41m[1m FAIL [22m[49m 
src/lib/utils/__tests__/TimeParser.test.ts[2m > 
[22mTimeParser[2m > [22mnormalizeTime[2m > 
[22mAM/PM format without minutes[2m > 
[22mconverts "12am" to "00:00"
[31m[1mAssertionError[22m: expected '09:00' to 
be '00:00' // Object.is equality[39m

Expected: [32m"0[7m0[27m:00"[39m
Received: [31m"0[7m9[27m:00"[39m

[36m [2mÔØ»[22m src/lib/utils/__tests__/TimeParse
r.test.ts:[2m142:50[22m[39m
    [90m140| [39m
    [90m141| [39m      
[34mit[39m([32m'converts "12am" to 
"00:00"'[39m[33m,[39m () [33m=>[39m {
    [90m142| [39m        [34mexpect[39m([33mTim
eParser[39m[33m.[39m[34mnormalizeTime[39m([32m
'12am'[39m))[33m.[39m[34mtoBe[39m([32m'00:00'
[39m)[33m;[39m
    [90m   | [39m                                 
                [31m^[39m
    [90m143| [39m      })[33m;[39m
    [90m144| [39m

[31m[2mÔÄ»ÔÄ»ÔÄ»ÔÄ»ÔÄ»ÔÄ»ÔÄ»ÔÄ»ÔÄ»ÔÄ»ÔÄ»ÔÄ»ÔÄ»ÔÄ»Ô
Ä»ÔÄ»ÔÄ»ÔÄ»ÔÄ»ÔÄ»ÔÄ»ÔÄ»ÔÄ»[2/23]ÔÄ»[22m[39m

[41m[1m FAIL [22m[49m 
src/lib/utils/__tests__/TimeParser.test.ts[2m > 
[22mTimeParser[2m > [22mnormalizeTime[2m > 
[22mAM/PM format without minutes[2m > 
[22mconverts "12pm" to "12:00"
[31m[1mAssertionError[22m: expected '09:00' to 
be '12:00' // Object.is equality[39m

Expected: [32m"[7m12[27m:00"[39m
Received: [31m"[7m09[27m:00"[39m

[36m [2mÔØ»[22m src/lib/utils/__tests__/TimeParse
r.test.ts:[2m146:50[22m[39m
    [90m144| [39m
    [90m145| [39m      
[34mit[39m([32m'converts "12pm" to 
"12:00"'[39m[33m,[39m () [33m=>[39m {
    [90m146| [39m        [34mexpect[39m([33mTim
eParser[39m[33m.[39m[34mnormalizeTime[39m([32m
'12pm'[39m))[33m.[39m[34mtoBe[39m([32m'12:00'
[39m)[33m;[39m
    [90m   | [39m                                 
                [31m^[39m
    [90m147| [39m      })[33m;[39m
    [90m148| [39m

[31m[2mÔÄ»ÔÄ»ÔÄ»ÔÄ»ÔÄ»ÔÄ»ÔÄ»ÔÄ»ÔÄ»ÔÄ»ÔÄ»ÔÄ»ÔÄ»ÔÄ»Ô
Ä»ÔÄ»ÔÄ»ÔÄ»ÔÄ»ÔÄ»ÔÄ»ÔÄ»ÔÄ»[3/23]ÔÄ»[22m[39m

[41m[1m FAIL [22m[49m 
src/lib/utils/__tests__/TimeParser.test.ts[2m > 
[22mTimeParser[2m > [22mnormalizeTime[2m > 
[22mAM/PM format without minutes[2m > 
[22mhandles uppercase AM/PM
[31m[1mAssertionError[22m: expected '09:00' to 
be '14:00' // Object.is equality[39m

Expected: [32m"[7m14[27m:00"[39m
Received: [31m"[7m09[27m:00"[39m

[36m [2mÔØ»[22m src/lib/utils/__tests__/TimeParse
r.test.ts:[2m151:49[22m[39m
    [90m149| [39m      [34mit[39m([32m'handles 
uppercase AM/PM'[39m[33m,[39m () [33m=>[39m {
    [90m150| [39m        [34mexpect[39m([33mTim
eParser[39m[33m.[39m[34mnormalizeTime[39m([32m
'9AM'[39m))[33m.[39m[34mtoBe[39m([32m'09:00'[
39m)[33m;[39m
    [90m151| [39m        [34mexpect[39m([33mTim
eParser[39m[33m.[39m[34mnormalizeTime[39m([32m
'2PM'[39m))[33m.[39m[34mtoBe[39m([32m'14:00'[
39m)[33m;[39m
    [90m   | [39m                                 
               [31m^[39m
    [90m152| [39m      })[33m;[39m
    [90m153| [39m    })[33m;[39m

[31m[2mÔÄ»ÔÄ»ÔÄ»ÔÄ»ÔÄ»ÔÄ»ÔÄ»ÔÄ»ÔÄ»ÔÄ»ÔÄ»ÔÄ»ÔÄ»ÔÄ»Ô
Ä»ÔÄ»ÔÄ»ÔÄ»ÔÄ»ÔÄ»ÔÄ»ÔÄ»ÔÄ»[4/23]ÔÄ»[22m[39m

[41m[1m FAIL [22m[49m 
src/lib/utils/__tests__/TimeParser.test.ts[2m > 
[22mTimeParser[2m > [22mnormalizeTime[2m > 
[22mAM/PM format with minutes[2m > [22mconverts 
"9:30am" to "09:30"
[31m[1mAssertionError[22m: expected '09:00' to 
be '09:30' // Object.is equality[39m

Expected: [32m"09:[7m3[27m0"[39m
Received: [31m"09:[7m0[27m0"[39m

[36m [2mÔØ»[22m src/lib/utils/__tests__/TimeParse
r.test.ts:[2m157:52[22m[39m
    [90m155| [39m    
[34mdescribe[39m([32m'AM/PM format with 
minutes'[39m[33m,[39m () [33m=>[39m {
    [90m156| [39m      
[34mit[39m([32m'converts "9:30am" to 
"09:30"'[39m[33m,[39m () [33m=>[39m {
    [90m157| [39m        [34mexpect[39m([33mTim
eParser[39m[33m.[39m[34mnormalizeTime[39m([32m
'9:30am'[39m))[33m.[39m[34mtoBe[39m([32m'09:30
'[39m)[33m;[39m
    [90m   | [39m                                 
                  [31m^[39m
    [90m158| [39m      })[33m;[39m
    [90m159| [39m

[31m[2mÔÄ»ÔÄ»ÔÄ»ÔÄ»ÔÄ»ÔÄ»ÔÄ»ÔÄ»ÔÄ»ÔÄ»ÔÄ»ÔÄ»ÔÄ»ÔÄ»Ô
Ä»ÔÄ»ÔÄ»ÔÄ»ÔÄ»ÔÄ»ÔÄ»ÔÄ»ÔÄ»[5/23]ÔÄ»[22m[39m

[41m[1m FAIL [22m[49m 
src/lib/utils/__tests__/TimeParser.test.ts[2m > 
[22mTimeParser[2m > [22mnormalizeTime[2m > 
[22mAM/PM format with minutes[2m > [22mconverts 
"2:45pm" to "14:45"
[31m[1mAssertionError[22m: expected '09:00' to 
be '14:45' // Object.is equality[39m

Expected: [32m"14:45"[39m
Received: [31m"09:00"[39m

[36m [2mÔØ»[22m src/lib/utils/__tests__/TimeParse
r.test.ts:[2m161:52[22m[39m
    [90m159| [39m
    [90m160| [39m      
[34mit[39m([32m'converts "2:45pm" to 
"14:45"'[39m[33m,[39m () [33m=>[39m {
    [90m161| [39m        [34mexpect[39m([33mTim
eParser[39m[33m.[39m[34mnormalizeTime[39m([32m
'2:45pm'[39m))[33m.[39m[34mtoBe[39m([32m'14:45
'[39m)[33m;[39m
    [90m   | [39m                                 
                  [31m^[39m
    [90m162| [39m      })[33m;[39m
    [90m163| [39m

[31m[2mÔÄ»ÔÄ»ÔÄ»ÔÄ»ÔÄ»ÔÄ»ÔÄ»ÔÄ»ÔÄ»ÔÄ»ÔÄ»ÔÄ»ÔÄ»ÔÄ»Ô
Ä»ÔÄ»ÔÄ»ÔÄ»ÔÄ»ÔÄ»ÔÄ»ÔÄ»ÔÄ»[6/23]ÔÄ»[22m[39m

[41m[1m FAIL [22m[49m 
src/lib/utils/__tests__/TimeParser.test.ts[2m > 
[22mTimeParser[2m > [22mnormalizeTime[2m > 
[22mAM/PM format with minutes[2m > [22mconverts 
"12:30am" to "00:30"
[31m[1mAssertionError[22m: expected '09:00' to 
be '00:30' // Object.is equality[39m

Expected: [32m"0[7m0:3[27m0"[39m
Received: [31m"0[7m9:0[27m0"[39m

[36m [2mÔØ»[22m src/lib/utils/__tests__/TimeParse
r.test.ts:[2m165:53[22m[39m
    [90m163| [39m
    [90m164| [39m      
[34mit[39m([32m'converts "12:30am" to 
"00:30"'[39m[33m,[39m () [33m=>[39m {
    [90m165| [39m        [34mexpect[39m([33mTim
eParser[39m[33m.[39m[34mnormalizeTime[39m([32m
'12:30am'[39m))[33m.[39m[34mtoBe[39m([32m'00:3
0'[39m)[33m;[39m
    [90m   | [39m                                 
                   [31m^[39m
    [90m166| [39m      })[33m;[39m
    [90m167| [39m

[31m[2mÔÄ»ÔÄ»ÔÄ»ÔÄ»ÔÄ»ÔÄ»ÔÄ»ÔÄ»ÔÄ»ÔÄ»ÔÄ»ÔÄ»ÔÄ»ÔÄ»Ô
Ä»ÔÄ»ÔÄ»ÔÄ»ÔÄ»ÔÄ»ÔÄ»ÔÄ»ÔÄ»[7/23]ÔÄ»[22m[39m

[41m[1m FAIL [22m[49m 
src/lib/utils/__tests__/TimeParser.test.ts[2m > 
[22mTimeParser[2m > [22mnormalizeTime[2m > 
[22mAM/PM format with minutes[2m > [22mconverts 
"12:30pm" to "12:30"
[31m[1mAssertionError[22m: expected '09:00' to 
be '12:30' // Object.is equality[39m

Expected: [32m"[7m12:3[27m0"[39m
Received: [31m"[7m09:0[27m0"[39m

[36m [2mÔØ»[22m src/lib/utils/__tests__/TimeParse
r.test.ts:[2m169:53[22m[39m
    [90m167| [39m
    [90m168| [39m      
[34mit[39m([32m'converts "12:30pm" to 
"12:30"'[39m[33m,[39m () [33m=>[39m {
    [90m169| [39m        [34mexpect[39m([33mTim
eParser[39m[33m.[39m[34mnormalizeTime[39m([32m
'12:30pm'[39m))[33m.[39m[34mtoBe[39m([32m'12:3
0'[39m)[33m;[39m
    [90m   | [39m                                 
                   [31m^[39m
    [90m170| [39m      })[33m;[39m
    [90m171| [39m

[31m[2mÔÄ»ÔÄ»ÔÄ»ÔÄ»ÔÄ»ÔÄ»ÔÄ»ÔÄ»ÔÄ»ÔÄ»ÔÄ»ÔÄ»ÔÄ»ÔÄ»Ô
Ä»ÔÄ»ÔÄ»ÔÄ»ÔÄ»ÔÄ»ÔÄ»ÔÄ»ÔÄ»[8/23]ÔÄ»[22m[39m

[41m[1m FAIL [22m[49m 
src/lib/utils/__tests__/TimeParser.test.ts[2m > 
[22mTimeParser[2m > [22mnormalizeTime[2m > 
[22mAM/PM format with minutes[2m > [22mhandles 
spaces before AM/PM
[31m[1mAssertionError[22m: expected '09:00' to 
be '09:30' // Object.is equality[39m

Expected: [32m"09:[7m3[27m0"[39m
Received: [31m"09:[7m0[27m0"[39m

[36m [2mÔØ»[22m src/lib/utils/__tests__/TimeParse
r.test.ts:[2m173:53[22m[39m
    [90m171| [39m
    [90m172| [39m      [34mit[39m([32m'handles 
spaces before AM/PM'[39m[33m,[39m () 
[33m=>[39m {
    [90m173| [39m        [34mexpect[39m([33mTim
eParser[39m[33m.[39m[34mnormalizeTime[39m([32m
'9:30 am'[39m))[33m.[39m[34mtoBe[39m([32m'09:3
0'[39m)[33m;[39m
    [90m   | [39m                                 
                   [31m^[39m
    [90m174| [39m        [34mexpect[39m([33mTim
eParser[39m[33m.[39m[34mnormalizeTime[39m([32m
'2:45 PM'[39m))[33m.[39m[34mtoBe[39m([32m'14:4
5'[39m)[33m;[39m
    [90m175| [39m      })[33m;[39m

[31m[2mÔÄ»ÔÄ»ÔÄ»ÔÄ»ÔÄ»ÔÄ»ÔÄ»ÔÄ»ÔÄ»ÔÄ»ÔÄ»ÔÄ»ÔÄ»ÔÄ»Ô
Ä»ÔÄ»ÔÄ»ÔÄ»ÔÄ»ÔÄ»ÔÄ»ÔÄ»ÔÄ»[9/23]ÔÄ»[22m[39m

[41m[1m FAIL [22m[49m 
src/lib/utils/__tests__/TimeParser.test.ts[2m > 
[22mTimeParser[2m > [22mnormalizeTime[2m > 
[22m24-hour format[2m > [22mhandles single digit 
hour
[31m[1mAssertionError[22m: expected '09:00' to 
be '07:00' // Object.is equality[39m

Expected: [32m"0[7m7[27m:00"[39m
Received: [31m"0[7m9[27m:00"[39m

[36m [2mÔØ»[22m src/lib/utils/__tests__/TimeParse
r.test.ts:[2m180:47[22m[39m
    [90m178| [39m    
[34mdescribe[39m([32m'24-hour 
format'[39m[33m,[39m () [33m=>[39m {
    [90m179| [39m      [34mit[39m([32m'handles 
single digit hour'[39m[33m,[39m () [33m=>[39m {
    [90m180| [39m        [34mexpect[39m([33mTim
eParser[39m[33m.[39m[34mnormalizeTime[39m([32m
'7'[39m))[33m.[39m[34mtoBe[39m([32m'07:00'[39
m)[33m;[39m
    [90m   | [39m                                 
             [31m^[39m
    [90m181| [39m        [34mexpect[39m([33mTim
eParser[39m[33m.[39m[34mnormalizeTime[39m([32m
'9'[39m))[33m.[39m[34mtoBe[39m([32m'09:00'[39
m)[33m;[39m
    [90m182| [39m      })[33m;[39m

[31m[2mÔÄ»ÔÄ»ÔÄ»ÔÄ»ÔÄ»ÔÄ»ÔÄ»ÔÄ»ÔÄ»ÔÄ»ÔÄ»ÔÄ»ÔÄ»ÔÄ»Ô
Ä»ÔÄ»ÔÄ»ÔÄ»ÔÄ»ÔÄ»ÔÄ»ÔÄ»[10/23]ÔÄ»[22m[39m

[41m[1m FAIL [22m[49m 
src/lib/utils/__tests__/TimeParser.test.ts[2m > 
[22mTimeParser[2m > [22mnormalizeTime[2m > 
[22m24-hour format[2m > [22mhandles double digit 
hour
[31m[1mAssertionError[22m: expected '09:00' to 
be '14:00' // Object.is equality[39m

Expected: [32m"[7m14[27m:00"[39m
Received: [31m"[7m09[27m:00"[39m

[36m [2mÔØ»[22m src/lib/utils/__tests__/TimeParse
r.test.ts:[2m185:48[22m[39m
    [90m183| [39m
    [90m184| [39m      [34mit[39m([32m'handles 
double digit hour'[39m[33m,[39m () [33m=>[39m {
    [90m185| [39m        [34mexpect[39m([33mTim
eParser[39m[33m.[39m[34mnormalizeTime[39m([32m
'14'[39m))[33m.[39m[34mtoBe[39m([32m'14:00'[3
9m)[33m;[39m
    [90m   | [39m                                 
              [31m^[39m
    [90m186| [39m        [34mexpect[39m([33mTim
eParser[39m[33m.[39m[34mnormalizeTime[39m([32m
'23'[39m))[33m.[39m[34mtoBe[39m([32m'23:00'[3
9m)[33m;[39m
    [90m187| [39m      })[33m;[39m

[31m[2mÔÄ»ÔÄ»ÔÄ»ÔÄ»ÔÄ»ÔÄ»ÔÄ»ÔÄ»ÔÄ»ÔÄ»ÔÄ»ÔÄ»ÔÄ»ÔÄ»Ô
Ä»ÔÄ»ÔÄ»ÔÄ»ÔÄ»ÔÄ»ÔÄ»ÔÄ»[11/23]ÔÄ»[22m[39m

[41m[1m FAIL [22m[49m 
src/lib/utils/__tests__/TimeParser.test.ts[2m > 
[22mTimeParser[2m > [22mnormalizeTime[2m > 
[22m24-hour format[2m > [22mhandles time without 
leading zero
[31m[1mAssertionError[22m: expected '09:00' to 
be '07:30' // Object.is equality[39m

Expected: [32m"0[7m7:3[27m0"[39m
Received: [31m"0[7m9:0[27m0"[39m

[36m [2mÔØ»[22m src/lib/utils/__tests__/TimeParse
r.test.ts:[2m190:50[22m[39m
    [90m188| [39m
    [90m189| [39m      [34mit[39m([32m'handles 
time without leading zero'[39m[33m,[39m () 
[33m=>[39m {
    [90m190| [39m        [34mexpect[39m([33mTim
eParser[39m[33m.[39m[34mnormalizeTime[39m([32m
'7:30'[39m))[33m.[39m[34mtoBe[39m([32m'07:30'
[39m)[33m;[39m
    [90m   | [39m                                 
                [31m^[39m
    [90m191| [39m        [34mexpect[39m([33mTim
eParser[39m[33m.[39m[34mnormalizeTime[39m([32m
'9:45'[39m))[33m.[39m[34mtoBe[39m([32m'09:45'
[39m)[33m;[39m
    [90m192| [39m      })[33m;[39m

[31m[2mÔÄ»ÔÄ»ÔÄ»ÔÄ»ÔÄ»ÔÄ»ÔÄ»ÔÄ»ÔÄ»ÔÄ»ÔÄ»ÔÄ»ÔÄ»ÔÄ»Ô
Ä»ÔÄ»ÔÄ»ÔÄ»ÔÄ»ÔÄ»ÔÄ»ÔÄ»[12/23]ÔÄ»[22m[39m

[41m[1m FAIL [22m[49m 
src/lib/utils/__tests__/TimeParser.test.ts[2m > 
[22mTimeParser[2m > [22mnormalizeTime[2m > 
[22m24-hour format[2m > [22mhandles time with 
leading zero
[31m[1mAssertionError[22m: expected '09:00' to 
be '07:30' // Object.is equality[39m

Expected: [32m"0[7m7:3[27m0"[39m
Received: [31m"0[7m9:0[27m0"[39m

[36m [2mÔØ»[22m src/lib/utils/__tests__/TimeParse
r.test.ts:[2m195:51[22m[39m
    [90m193| [39m
    [90m194| [39m      [34mit[39m([32m'handles 
time with leading zero'[39m[33m,[39m () 
[33m=>[39m {
    [90m195| [39m        [34mexpect[39m([33mTim
eParser[39m[33m.[39m[34mnormalizeTime[39m([32m
'07:30'[39m))[33m.[39m[34mtoBe[39m([32m'07:30'
[39m)[33m;[39m
    [90m   | [39m                                 
                 [31m^[39m
    [90m196| [39m        [34mexpect[39m([33mTim
eParser[39m[33m.[39m[34mnormalizeTime[39m([32m
'14:45'[39m))[33m.[39m[34mtoBe[39m([32m'14:45'
[39m)[33m;[39m
    [90m197| [39m      })[33m;[39m

[31m[2mÔÄ»ÔÄ»ÔÄ»ÔÄ»ÔÄ»ÔÄ»ÔÄ»ÔÄ»ÔÄ»ÔÄ»ÔÄ»ÔÄ»ÔÄ»ÔÄ»Ô
Ä»ÔÄ»ÔÄ»ÔÄ»ÔÄ»ÔÄ»ÔÄ»ÔÄ»[13/23]ÔÄ»[22m[39m

[41m[1m FAIL [22m[49m 
src/lib/utils/__tests__/TimeParser.test.ts[2m > 
[22mTimeParser[2m > [22mnormalizeTime[2m > 
[22m24-hour format[2m > [22mhandles time with 
seconds
[31m[1mAssertionError[22m: expected '09:00' to 
be '14:30' // Object.is equality[39m

Expected: [32m"[7m14:3[27m0"[39m
Received: [31m"[7m09:0[27m0"[39m

[36m [2mÔØ»[22m src/lib/utils/__tests__/TimeParse
r.test.ts:[2m200:54[22m[39m
    [90m198| [39m
    [90m199| [39m      [34mit[39m([32m'handles 
time with seconds'[39m[33m,[39m () [33m=>[39m {
    [90m200| [39m        [34mexpect[39m([33mTim
eParser[39m[33m.[39m[34mnormalizeTime[39m([32m
'14:30:00'[39m))[33m.[39m[34mtoBe[39m([32m'14:
30'[39m)[33m;[39m
    [90m   | [39m                                 
                    [31m^[39m
    [90m201| [39m        [34mexpect[39m([33mTim
eParser[39m[33m.[39m[34mnormalizeTime[39m([32m
'09:15:30'[39m))[33m.[39m[34mtoBe[39m([32m'09:
15'[39m)[33m;[39m
    [90m202| [39m      })[33m;[39m

[31m[2mÔÄ»ÔÄ»ÔÄ»ÔÄ»ÔÄ»ÔÄ»ÔÄ»ÔÄ»ÔÄ»ÔÄ»ÔÄ»ÔÄ»ÔÄ»ÔÄ»Ô
Ä»ÔÄ»ÔÄ»ÔÄ»ÔÄ»ÔÄ»ÔÄ»ÔÄ»[14/23]ÔÄ»[22m[39m

[41m[1m FAIL [22m[49m 
src/lib/utils/__tests__/TimeParser.test.ts[2m > 
[22mTimeParser[2m > [22mnormalizeTime[2m > 
[22medge cases[2m > [22mtrims whitespace
[31m[1mAssertionError[22m: expected '09:00' to 
be '09:30' // Object.is equality[39m

Expected: [32m"09:[7m3[27m0"[39m
Received: [31m"09:[7m0[27m0"[39m

[36m [2mÔØ»[22m src/lib/utils/__tests__/TimeParse
r.test.ts:[2m207:56[22m[39m
    [90m205| [39m    
[34mdescribe[39m([32m'edge 
cases'[39m[33m,[39m () [33m=>[39m {
    [90m206| [39m      [34mit[39m([32m'trims 
whitespace'[39m[33m,[39m () [33m=>[39m {
    [90m207| [39m        [34mexpect[39m([33mTim
eParser[39m[33m.[39m[34mnormalizeTime[39m([32m
'  9:30am  '[39m))[33m.[39m[34mtoBe[39m([32m'0
9:30'[39m)[33m;[39m
    [90m   | [39m                                 
                      [31m^[39m
    [90m208| [39m        [34mexpect[39m([33mTim
eParser[39m[33m.[39m[34mnormalizeTime[39m([32m
'  14:30  '[39m))[33m.[39m[34mtoBe[39m([32m'14
:30'[39m)[33m;[39m
    [90m209| [39m      })[33m;[39m

[31m[2mÔÄ»ÔÄ»ÔÄ»ÔÄ»ÔÄ»ÔÄ»ÔÄ»ÔÄ»ÔÄ»ÔÄ»ÔÄ»ÔÄ»ÔÄ»ÔÄ»Ô
Ä»ÔÄ»ÔÄ»ÔÄ»ÔÄ»ÔÄ»ÔÄ»ÔÄ»[15/23]ÔÄ»[22m[39m

[41m[1m FAIL [22m[49m 
src/lib/utils/__tests__/TimeParser.test.ts[2m > 
[22mTimeParser[2m > [22mnormalizeTime[2m > 
[22medge cases[2m > [22mhandles midnight
[31m[1mAssertionError[22m: expected '09:00' to 
be '00:00' // Object.is equality[39m

Expected: [32m"0[7m0[27m:00"[39m
Received: [31m"0[7m9[27m:00"[39m

[36m [2mÔØ»[22m src/lib/utils/__tests__/TimeParse
r.test.ts:[2m217:47[22m[39m
    [90m215| [39m
    [90m216| [39m      [34mit[39m([32m'handles 
midnight'[39m[33m,[39m () [33m=>[39m {
    [90m217| [39m        [34mexpect[39m([33mTim
eParser[39m[33m.[39m[34mnormalizeTime[39m([32m
'0'[39m))[33m.[39m[34mtoBe[39m([32m'00:00'[39
m)[33m;[39m
    [90m   | [39m                                 
             [31m^[39m
    [90m218| [39m        [34mexpect[39m([33mTim
eParser[39m[33m.[39m[34mnormalizeTime[39m([32m
'00'[39m))[33m.[39m[34mtoBe[39m([32m'00:00'[3
9m)[33m;[39m
    [90m219| [39m        [34mexpect[39m([33mTim
eParser[39m[33m.[39m[34mnormalizeTime[39m([32m
'00:00'[39m))[33m.[39m[34mtoBe[39m([32m'00:00'
[39m)[33m;[39m

[31m[2mÔÄ»ÔÄ»ÔÄ»ÔÄ»ÔÄ»ÔÄ»ÔÄ»ÔÄ»ÔÄ»ÔÄ»ÔÄ»ÔÄ»ÔÄ»ÔÄ»Ô
Ä»ÔÄ»ÔÄ»ÔÄ»ÔÄ»ÔÄ»ÔÄ»ÔÄ»[16/23]ÔÄ»[22m[39m

[41m[1m FAIL [22m[49m 
src/lib/utils/__tests__/TimeParser.test.ts[2m > 
[22mTimeParser[2m > [22mnormalizeTime[2m > 
[22medge cases[2m > [22mhandles noon
[31m[1mAssertionError[22m: expected '09:00' to 
be '12:00' // Object.is equality[39m

Expected: [32m"[7m12[27m:00"[39m
Received: [31m"[7m09[27m:00"[39m

[36m [2mÔØ»[22m src/lib/utils/__tests__/TimeParse
r.test.ts:[2m223:48[22m[39m
    [90m221| [39m
    [90m222| [39m      [34mit[39m([32m'handles 
noon'[39m[33m,[39m () [33m=>[39m {
    [90m223| [39m        [34mexpect[39m([33mTim
eParser[39m[33m.[39m[34mnormalizeTime[39m([32m
'12'[39m))[33m.[39m[34mtoBe[39m([32m'12:00'[3
9m)[33m;[39m
    [90m   | [39m                                 
              [31m^[39m
    [90m224| [39m        [34mexpect[39m([33mTim
eParser[39m[33m.[39m[34mnormalizeTime[39m([32m
'12:00'[39m))[33m.[39m[34mtoBe[39m([32m'12:00'
[39m)[33m;[39m
    [90m225| [39m      })[33m;[39m

[31m[2mÔÄ»ÔÄ»ÔÄ»ÔÄ»ÔÄ»ÔÄ»ÔÄ»ÔÄ»ÔÄ»ÔÄ»ÔÄ»ÔÄ»ÔÄ»ÔÄ»Ô
Ä»ÔÄ»ÔÄ»ÔÄ»ÔÄ»ÔÄ»ÔÄ»ÔÄ»[17/23]ÔÄ»[22m[39m

[41m[1m FAIL [22m[49m 
src/lib/utils/__tests__/TimeParser.test.ts[2m > 
[22mTimeParser[2m > [22mparseDatetime[2m > 
[22mcombines date and time correctly
[31m[1mAssertionError[22m: expected 9 to be 14 
// Object.is equality[39m

[32m- Expected[39m
[31m+ Received[39m

[32m- 14[39m
[31m+ 9[39m

[36m [2mÔØ»[22m src/lib/utils/__tests__/TimeParse
r.test.ts:[2m252:47[22m[39m
    [90m250| [39m
    [90m251| [39m      [90m// Verify time 
components (hour and minute)[39m
    [90m252| [39m      [34mexpect[39m(result[33
m.[39mdepartureTime[33m.[39m[34mgetHours[39m())
[33m.[39m[34mtoBe[39m([34m14[39m)[33m;[39m
    [90m   | [39m                                 
             [31m^[39m
    [90m253| [39m      [34mexpect[39m(result[33
m.[39mdepartureTime[33m.[39m[34mgetMinutes[39m(
))[33m.[39m[34mtoBe[39m([34m30[39m)[33m;[39m
    [90m254| [39m    })[33m;[39m

[31m[2mÔÄ»ÔÄ»ÔÄ»ÔÄ»ÔÄ»ÔÄ»ÔÄ»ÔÄ»ÔÄ»ÔÄ»ÔÄ»ÔÄ»ÔÄ»ÔÄ»Ô
Ä»ÔÄ»ÔÄ»ÔÄ»ÔÄ»ÔÄ»ÔÄ»ÔÄ»[18/23]ÔÄ»[22m[39m

[41m[1m FAIL [22m[49m 
src/lib/utils/__tests__/TimeParser.test.ts[2m > 
[22mTimeParser[2m > [22mparseDatetime[2m > 
[22mhandles relative date with time
[31m[1mAssertionError[22m: expected +0 to be 30 
// Object.is equality[39m

[32m- Expected[39m
[31m+ Received[39m

[32m- 30[39m
[31m+ 0[39m

[36m [2mÔØ»[22m src/lib/utils/__tests__/TimeParse
r.test.ts:[2m267:49[22m[39m
    [90m265| [39m      [90m// Verify time 
components[39m
    [90m266| [39m      [34mexpect[39m(result[33
m.[39mdepartureTime[33m.[39m[34mgetHours[39m())
[33m.[39m[34mtoBe[39m([34m9[39m)[33m;[39m
    [90m267| [39m      [34mexpect[39m(result[33
m.[39mdepartureTime[33m.[39m[34mgetMinutes[39m(
))[33m.[39m[34mtoBe[39m([34m30[39m)[33m;[39m
    [90m   | [39m                                 
               [31m^[39m
    [90m268| [39m    })[33m;[39m
    [90m269| [39m

[31m[2mÔÄ»ÔÄ»ÔÄ»ÔÄ»ÔÄ»ÔÄ»ÔÄ»ÔÄ»ÔÄ»ÔÄ»ÔÄ»ÔÄ»ÔÄ»ÔÄ»Ô
Ä»ÔÄ»ÔÄ»ÔÄ»ÔÄ»ÔÄ»ÔÄ»ÔÄ»[19/23]ÔÄ»[22m[39m

[41m[1m FAIL [22m[49m 
src/lib/utils/__tests__/TimeParser.test.ts[2m > 
[22mTimeParser[2m > [22mparseDatetime[2m > 
[22muses current date when date is not provided
[31m[1mAssertionError[22m: expected 9 to be 14 
// Object.is equality[39m

[32m- Expected[39m
[31m+ Received[39m


[2m Test Files [22m [1m[31m1 failed[39m[22m[90m (1)[39m
[2m      Tests [22m [1m[31m23 failed[39m[22m[2m | [22m[1m[32m22 passed[39m[22m[90m (45)[39m
[2m   Start at [22m 12:51:18
[2m   Duration [22m 1.23s[2m (transform 160ms, setup 303ms, import 44ms, tests 20ms, environment 600ms)[22m

[1m[41m FAIL [49m[22m [31mTests failed. Watching for file changes...[39m
       [2mpress [22m[1mh[22m[2m to show help[22m[2m, [22m[2mpress [22m[1mq[22m[2m to quit[22m
[32m- 14[39m
[31m+ 9[39m

[36m [2mÔØ»[22m src/lib/utils/__tests__/TimeParse
r.test.ts:[2m286:47[22m[39m
    [90m284| [39m      )[33m;[39m
    [90m285| [39m
    [90m286| [39m      [34mexpect[39m(result[33
m.[39mdepartureTime[33m.[39m[34mgetHours[39m())
[33m.[39m[34mtoBe[39m([34m14[39m)[33m;[39m
    [90m   | [39m                                 
             [31m^[39m
    [90m287| [39m      [34mexpect[39m(result[33
m.[39mdepartureTime[33m.[39m[34mgetMinutes[39m(
))[33m.[39m[34mtoBe[39m([34m30[39m)[33m;[39m
    [90m288| [39m    })[33m;[39m

[31m[2mÔÄ»ÔÄ»ÔÄ»ÔÄ»ÔÄ»ÔÄ»ÔÄ»ÔÄ»ÔÄ»ÔÄ»ÔÄ»ÔÄ»ÔÄ»ÔÄ»Ô
Ä»ÔÄ»ÔÄ»ÔÄ»ÔÄ»ÔÄ»ÔÄ»ÔÄ»[20/23]ÔÄ»[22m[39m

[41m[1m FAIL [22m[49m 
src/lib/utils/__tests__/TimeParser.test.ts[2m > 
[22mTimeParser[2m > [22mparseDatetime[2m > 
[22mhandles multilingual date with AM/PM time
[31m[1mAssertionError[22m: expected 9 to be 14 
// Object.is equality[39m

[32m- Expected[39m
[31m+ Received[39m

[32m- 14[39m
[31m+ 9[39m

[36m [2mÔØ»[22m src/lib/utils/__tests__/TimeParse
r.test.ts:[2m310:47[22m[39m
    [90m308| [39m      )[33m;[39m
    [90m309| [39m
    [90m310| [39m      [34mexpect[39m(result[33
m.[39mdepartureTime[33m.[39m[34mgetHours[39m())
[33m.[39m[34mtoBe[39m([34m14[39m)[33m;[39m
    [90m   | [39m                                 
             [31m^[39m
    [90m311| [39m      [34mexpect[39m(result[33
m.[39mdepartureTime[33m.[39m[34mgetMinutes[39m(
))[33m.[39m[34mtoBe[39m([34m30[39m)[33m;[39m
    [90m312| [39m    })[33m;[39m

[31m[2mÔÄ»ÔÄ»ÔÄ»ÔÄ»ÔÄ»ÔÄ»ÔÄ»ÔÄ»ÔÄ»ÔÄ»ÔÄ»ÔÄ»ÔÄ»ÔÄ»Ô
Ä»ÔÄ»ÔÄ»ÔÄ»ÔÄ»ÔÄ»ÔÄ»ÔÄ»[21/23]ÔÄ»[22m[39m

[41m[1m FAIL [22m[49m 
src/lib/utils/__tests__/TimeParser.test.ts[2m > 
[22mTimeParser[2m > [22mparseDatetime[2m > 
[22mreturns current time for invalid inputs
[31m[1mAssertionError[22m: expected 
'2024-01-15T00:00:00.000Z' to be 
'2024-01-15T12:00:00.000Z' // Object.is 
equality[39m

Expected: 
[32m"2024-01-15T[7m12[27m:00:00.000Z"[39m
Received: 
[31m"2024-01-15T[7m00[27m:00:00.000Z"[39m

[36m [2mÔØ»[22m src/lib/utils/__tests__/TimeParse
r.test.ts:[2m318:41[22m[39m
    [90m316| [39m
    [90m317| [39m      [35mconst[39m now 
[33m=[39m [35mnew[39m [33mDate[39m([32m'2024-
01-15T12:00:00Z'[39m)[33m;[39m
    [90m318| [39m      [34mexpect[39m(result[33
m.[39mdate[33m.[39m[34mtoISOString[39m())[33m.
[39m[34mtoBe[39m(now[33m.[39m[34mtoISOString[
39m())[33m;[39m
    [90m   | [39m                                 
       [31m^[39m
    [90m319| [39m      expect(result.departureTime
.toISOString()).toBe(now.toISOString(ÔÇª
    [90m320| [39m    })[33m;[39m

[31m[2mÔÄ»ÔÄ»ÔÄ»ÔÄ»ÔÄ»ÔÄ»ÔÄ»ÔÄ»ÔÄ»ÔÄ»ÔÄ»ÔÄ»ÔÄ»ÔÄ»Ô
Ä»ÔÄ»ÔÄ»ÔÄ»ÔÄ»ÔÄ»ÔÄ»ÔÄ»[22/23]ÔÄ»[22m[39m

[41m[1m FAIL [22m[49m 
src/lib/utils/__tests__/TimeParser.test.ts[2m > 
[22mTimeParser[2m > [22mparseDatetime[2m > 
[22mpreserves date-only format in date field
[31m[1mAssertionError[22m: expected 9 to be 14 
// Object.is equality[39m

[32m- Expected[39m
[31m+ Received[39m

[32m- 14[39m
[31m+ 9[39m

[36m [2mÔØ»[22m src/lib/utils/__tests__/TimeParse
r.test.ts:[2m332:47[22m[39m
    [90m330| [39m        [32m'2024-03-20'[39m
    [90m331| [39m      )[33m;[39m
    [90m332| [39m      [34mexpect[39m(result[33
m.[39mdepartureTime[33m.[39m[34mgetHours[39m())
[33m.[39m[34mtoBe[39m([34m14[39m)[33m;[39m
    [90m   | [39m                                 
             [31m^[39m
    [90m333| [39m      [34mexpect[39m(result[33
m.[39mdepartureTime[33m.[39m[34mgetMinutes[39m(
))[33m.[39m[34mtoBe[39m([34m30[39m)[33m;[39m
    [90m334| [39m    })[33m;[39m

[31m[2mÔÄ»ÔÄ»ÔÄ»ÔÄ»ÔÄ»ÔÄ»ÔÄ»ÔÄ»ÔÄ»ÔÄ»ÔÄ»ÔÄ»ÔÄ»ÔÄ»Ô
Ä»ÔÄ»ÔÄ»ÔÄ»ÔÄ»ÔÄ»ÔÄ»ÔÄ»[23/23]ÔÄ»[22m[39m

c[3J[1m[44m RERUN [49m[22m [34m[2msrc/lib/utils/TimeParser.ts [22m[34mx1 [34m[39m
       [2m Filename pattern: [22m[34msrc/lib/utils/__tests__/TimeParser.test.ts[39m

 [31mÔØ»[39m src/lib/utils/__tests__/TimeParser.test.ts [2m([22m[2m45 tests[22m[2m | [22m[31m23 failed[39m[2m)[22m[32m 19[2mms[22m[39m
         [32mÔ£ô[39m parses "today"[32m 1[2mms[22m[39m
         [32mÔ£ô[39m parses "tomorrow"[32m 0[2mms[22m[39m
         [32mÔ£ô[39m parses "yesterday"[32m 0[2mms[22m[39m
         [32mÔ£ô[39m parses "heute"[32m 0[2mms[22m[39m
         [32mÔ£ô[39m parses "morgen"[32m 0[2mms[22m[39m
         [32mÔ£ô[39m parses "gestern"[32m 0[2mms[22m[39m
         [32mÔ£ô[39m parses "aujourd'hui"[32m 0[2mms[22m[39m
         [32mÔ£ô[39m parses "demain"[32m 0[2mms[22m[39m
         [32mÔ£ô[39m parses "hier"[32m 0[2mms[22m[39m
         [32mÔ£ô[39m parses "oggi"[32m 0[2mms[22m[39m
         [32mÔ£ô[39m parses "domani"[32m 0[2mms[22m[39m
         [32mÔ£ô[39m parses "ieri"[32m 0[2mms[22m[39m
         [32mÔ£ô[39m parses ISO date string[32m 0[2mms[22m[39m
         [32mÔ£ô[39m parses ISO datetime string[32m 0[2mms[22m[39m
         [32mÔ£ô[39m is case-insensitive[32m 0[2mms[22m[39m
         [32mÔ£ô[39m trims whitespace[32m 0[2mms[22m[39m
         [32mÔ£ô[39m returns base date for invalid input[32m 0[2mms[22m[39m
         [32mÔ£ô[39m uses current date when baseDate is not provided[32m 0[2mms[22m[39m
         [32mÔ£ô[39m converts "9am" to "09:00"[32m 0[2mms[22m[39m
[31m         [31m├ù[31m converts "2pm" to "14:00"[39m[32m 5[2mms[22m[39m
[31m         [31m├ù[31m converts "12am" to "00:00"[39m[32m 1[2mms[22m[39m
[31m         [31m├ù[31m converts "12pm" to "12:00"[39m[32m 0[2mms[22m[39m
[31m         [31m├ù[31m handles uppercase AM/PM[39m[32m 0[2mms[22m[39m
[31m         [31m├ù[31m converts "9:30am" to "09:30"[39m[32m 0[2mms[22m[39m
[31m         [31m├ù[31m converts "2:45pm" to "14:45"[39m[32m 0[2mms[22m[39m
[31m         [31m├ù[31m converts "12:30am" to "00:30"[39m[32m 0[2mms[22m[39m
[31m         [31m├ù[31m converts "12:30pm" to "12:30"[39m[32m 0[2mms[22m[39m
[31m         [31m├ù[31m handles spaces before AM/PM[39m[32m 0[2mms[22m[39m
[31m         [31m├ù[31m handles single digit hour[39m[32m 0[2mms[22m[39m
[31m         [31m├ù[31m handles double digit hour[39m[32m 0[2mms[22m[39m
[31m         [31m├ù[31m handles time without leading zero[39m[32m 0[2mms[22m[39m
[31m         [31m├ù[31m handles time with leading zero[39m[32m 0[2mms[22m[39m
[31m         [31m├ù[31m handles time with seconds[39m[32m 0[2mms[22m[39m
[31m         [31m├ù[31m trims whitespace[39m[32m 0[2mms[22m[39m
         [32mÔ£ô[39m returns default for invalid input[32m 0[2mms[22m[39m
[31m         [31m├ù[31m handles midnight[39m[32m 0[2mms[22m[39m
[31m         [31m├ù[31m handles noon[39m[32m 0[2mms[22m[39m
[31m       [31m├ù[31m combines date and time correctly[39m[32m 2[2mms[22m[39m
[31m       [31m├ù[31m handles relative date with time[39m[32m 0[2mms[22m[39m
       [32mÔ£ô[39m uses default time when time is not provided[32m 0[2mms[22m[39m
[31m       [31m├ù[31m uses current date when date is not provided[39m[32m 0[2mms[22m[39m
       [32mÔ£ô[39m uses defaults when both are not provided[32m 0[2mms[22m[39m
[31m       [31m├ù[31m handles multilingual date with AM/PM time[39m[32m 0[2mms[22m[39m
[31m       [31m├ù[31m returns current time for invalid inputs[39m[32m 0[2mms[22m[39m
[31m       [31m├ù[31m preserves date-only format in date field[39m[32m 0[2mms[22m[39m

[31mÔÄ»ÔÄ»ÔÄ»ÔÄ»ÔÄ»ÔÄ»[39m[1m[41m Failed Tests 
23 [49m[22m[31mÔÄ»ÔÄ»ÔÄ»ÔÄ»ÔÄ»ÔÄ»ÔÄ»[39m

[41m[1m FAIL [22m[49m 
src/lib/utils/__tests__/TimeParser.test.ts[2m > 
[22mTimeParser[2m > [22mnormalizeTime[2m > 
[22mAM/PM format without minutes[2m > 
[22mconverts "2pm" to "14:00"
[31m[1mAssertionError[22m: expected '09:00' to 
be '14:00' // Object.is equality[39m

Expected: [32m"[7m14[27m:00"[39m
Received: [31m"[7m09[27m:00"[39m

[36m [2mÔØ»[22m src/lib/utils/__tests__/TimeParse
r.test.ts:[2m138:49[22m[39m
    [90m136| [39m
    [90m137| [39m      
[34mit[39m([32m'converts "2pm" to 
"14:00"'[39m[33m,[39m () [33m=>[39m {
    [90m138| [39m        [34mexpect[39m([33mTim
eParser[39m[33m.[39m[34mnormalizeTime[39m([32m
'2pm'[39m))[33m.[39m[34mtoBe[39m([32m'14:00'[
39m)[33m;[39m
    [90m   | [39m                                 
               [31m^[39m
    [90m139| [39m      })[33m;[39m
    [90m140| [39m

[31m[2mÔÄ»ÔÄ»ÔÄ»ÔÄ»ÔÄ»ÔÄ»ÔÄ»ÔÄ»ÔÄ»ÔÄ»ÔÄ»ÔÄ»ÔÄ»ÔÄ»Ô
Ä»ÔÄ»ÔÄ»ÔÄ»ÔÄ»ÔÄ»ÔÄ»ÔÄ»ÔÄ»[1/23]ÔÄ»[22m[39m

[41m[1m FAIL [22m[49m 
src/lib/utils/__tests__/TimeParser.test.ts[2m > 
[22mTimeParser[2m > [22mnormalizeTime[2m > 
[22mAM/PM format without minutes[2m > 
[22mconverts "12am" to "00:00"
[31m[1mAssertionError[22m: expected '09:00' to 
be '00:00' // Object.is equality[39m

Expected: [32m"0[7m0[27m:00"[39m
Received: [31m"0[7m9[27m:00"[39m

[36m [2mÔØ»[22m src/lib/utils/__tests__/TimeParse
r.test.ts:[2m142:50[22m[39m
    [90m140| [39m
    [90m141| [39m      
[34mit[39m([32m'converts "12am" to 
"00:00"'[39m[33m,[39m () [33m=>[39m {
    [90m142| [39m        [34mexpect[39m([33mTim
eParser[39m[33m.[39m[34mnormalizeTime[39m([32m
'12am'[39m))[33m.[39m[34mtoBe[39m([32m'00:00'
[39m)[33m;[39m
    [90m   | [39m                                 
                [31m^[39m
    [90m143| [39m      })[33m;[39m
    [90m144| [39m

[31m[2mÔÄ»ÔÄ»ÔÄ»ÔÄ»ÔÄ»ÔÄ»ÔÄ»ÔÄ»ÔÄ»ÔÄ»ÔÄ»ÔÄ»ÔÄ»ÔÄ»Ô
Ä»ÔÄ»ÔÄ»ÔÄ»ÔÄ»ÔÄ»ÔÄ»ÔÄ»ÔÄ»[2/23]ÔÄ»[22m[39m

[41m[1m FAIL [22m[49m 
src/lib/utils/__tests__/TimeParser.test.ts[2m > 
[22mTimeParser[2m > [22mnormalizeTime[2m > 
[22mAM/PM format without minutes[2m > 
[22mconverts "12pm" to "12:00"
[31m[1mAssertionError[22m: expected '09:00' to 
be '12:00' // Object.is equality[39m

Expected: [32m"[7m12[27m:00"[39m
Received: [31m"[7m09[27m:00"[39m

[36m [2mÔØ»[22m src/lib/utils/__tests__/TimeParse
r.test.ts:[2m146:50[22m[39m
    [90m144| [39m
    [90m145| [39m      
[34mit[39m([32m'converts "12pm" to 
"12:00"'[39m[33m,[39m () [33m=>[39m {
    [90m146| [39m        [34mexpect[39m([33mTim
eParser[39m[33m.[39m[34mnormalizeTime[39m([32m
'12pm'[39m))[33m.[39m[34mtoBe[39m([32m'12:00'
[39m)[33m;[39m
    [90m   | [39m                                 
                [31m^[39m
    [90m147| [39m      })[33m;[39m
    [90m148| [39m

[31m[2mÔÄ»ÔÄ»ÔÄ»ÔÄ»ÔÄ»ÔÄ»ÔÄ»ÔÄ»ÔÄ»ÔÄ»ÔÄ»ÔÄ»ÔÄ»ÔÄ»Ô
Ä»ÔÄ»ÔÄ»ÔÄ»ÔÄ»ÔÄ»ÔÄ»ÔÄ»ÔÄ»[3/23]ÔÄ»[22m[39m

[41m[1m FAIL [22m[49m 
src/lib/utils/__tests__/TimeParser.test.ts[2m > 
[22mTimeParser[2m > [22mnormalizeTime[2m > 
[22mAM/PM format without minutes[2m > 
[22mhandles uppercase AM/PM
[31m[1mAssertionError[22m: expected '09:00' to 
be '14:00' // Object.is equality[39m

Expected: [32m"[7m14[27m:00"[39m
Received: [31m"[7m09[27m:00"[39m

[36m [2mÔØ»[22m src/lib/utils/__tests__/TimeParse
r.test.ts:[2m151:49[22m[39m
    [90m149| [39m      [34mit[39m([32m'handles 
uppercase AM/PM'[39m[33m,[39m () [33m=>[39m {
    [90m150| [39m        [34mexpect[39m([33mTim
eParser[39m[33m.[39m[34mnormalizeTime[39m([32m
'9AM'[39m))[33m.[39m[34mtoBe[39m([32m'09:00'[
39m)[33m;[39m
    [90m151| [39m        [34mexpect[39m([33mTim
eParser[39m[33m.[39m[34mnormalizeTime[39m([32m
'2PM'[39m))[33m.[39m[34mtoBe[39m([32m'14:00'[
39m)[33m;[39m
    [90m   | [39m                                 
               [31m^[39m
    [90m152| [39m      })[33m;[39m
    [90m153| [39m    })[33m;[39m

[31m[2mÔÄ»ÔÄ»ÔÄ»ÔÄ»ÔÄ»ÔÄ»ÔÄ»ÔÄ»ÔÄ»ÔÄ»ÔÄ»ÔÄ»ÔÄ»ÔÄ»Ô
Ä»ÔÄ»ÔÄ»ÔÄ»ÔÄ»ÔÄ»ÔÄ»ÔÄ»ÔÄ»[4/23]ÔÄ»[22m[39m

[41m[1m FAIL [22m[49m 
src/lib/utils/__tests__/TimeParser.test.ts[2m > 
[22mTimeParser[2m > [22mnormalizeTime[2m > 
[22mAM/PM format with minutes[2m > [22mconverts 
"9:30am" to "09:30"
[31m[1mAssertionError[22m: expected '09:00' to 
be '09:30' // Object.is equality[39m

Expected: [32m"09:[7m3[27m0"[39m
Received: [31m"09:[7m0[27m0"[39m

[36m [2mÔØ»[22m src/lib/utils/__tests__/TimeParse
r.test.ts:[2m157:52[22m[39m
    [90m155| [39m    
[34mdescribe[39m([32m'AM/PM format with 
minutes'[39m[33m,[39m () [33m=>[39m {
    [90m156| [39m      
[34mit[39m([32m'converts "9:30am" to 
"09:30"'[39m[33m,[39m () [33m=>[39m {
    [90m157| [39m        [34mexpect[39m([33mTim
eParser[39m[33m.[39m[34mnormalizeTime[39m([32m
'9:30am'[39m))[33m.[39m[34mtoBe[39m([32m'09:30
'[39m)[33m;[39m
    [90m   | [39m                                 
                  [31m^[39m
    [90m158| [39m      })[33m;[39m
    [90m159| [39m

[31m[2mÔÄ»ÔÄ»ÔÄ»ÔÄ»ÔÄ»ÔÄ»ÔÄ»ÔÄ»ÔÄ»ÔÄ»ÔÄ»ÔÄ»ÔÄ»ÔÄ»Ô
Ä»ÔÄ»ÔÄ»ÔÄ»ÔÄ»ÔÄ»ÔÄ»ÔÄ»ÔÄ»[5/23]ÔÄ»[22m[39m

[41m[1m FAIL [22m[49m 
src/lib/utils/__tests__/TimeParser.test.ts[2m > 
[22mTimeParser[2m > [22mnormalizeTime[2m > 
[22mAM/PM format with minutes[2m > [22mconverts 
"2:45pm" to "14:45"
[31m[1mAssertionError[22m: expected '09:00' to 
be '14:45' // Object.is equality[39m

Expected: [32m"14:45"[39m
Received: [31m"09:00"[39m

[36m [2mÔØ»[22m src/lib/utils/__tests__/TimeParse
r.test.ts:[2m161:52[22m[39m
    [90m159| [39m
    [90m160| [39m      
[34mit[39m([32m'converts "2:45pm" to 
"14:45"'[39m[33m,[39m () [33m=>[39m {
    [90m161| [39m        [34mexpect[39m([33mTim
eParser[39m[33m.[39m[34mnormalizeTime[39m([32m
'2:45pm'[39m))[33m.[39m[34mtoBe[39m([32m'14:45
'[39m)[33m;[39m
    [90m   | [39m                                 
                  [31m^[39m
    [90m162| [39m      })[33m;[39m
    [90m163| [39m

[31m[2mÔÄ»ÔÄ»ÔÄ»ÔÄ»ÔÄ»ÔÄ»ÔÄ»ÔÄ»ÔÄ»ÔÄ»ÔÄ»ÔÄ»ÔÄ»ÔÄ»Ô
Ä»ÔÄ»ÔÄ»ÔÄ»ÔÄ»ÔÄ»ÔÄ»ÔÄ»ÔÄ»[6/23]ÔÄ»[22m[39m

[41m[1m FAIL [22m[49m 
src/lib/utils/__tests__/TimeParser.test.ts[2m > 
[22mTimeParser[2m > [22mnormalizeTime[2m > 
[22mAM/PM format with minutes[2m > [22mconverts 
"12:30am" to "00:30"
[31m[1mAssertionError[22m: expected '09:00' to 
be '00:30' // Object.is equality[39m

Expected: [32m"0[7m0:3[27m0"[39m
Received: [31m"0[7m9:0[27m0"[39m

[36m [2mÔØ»[22m src/lib/utils/__tests__/TimeParse
r.test.ts:[2m165:53[22m[39m
    [90m163| [39m
    [90m164| [39m      
[34mit[39m([32m'converts "12:30am" to 
"00:30"'[39m[33m,[39m () [33m=>[39m {
    [90m165| [39m        [34mexpect[39m([33mTim
eParser[39m[33m.[39m[34mnormalizeTime[39m([32m
'12:30am'[39m))[33m.[39m[34mtoBe[39m([32m'00:3
0'[39m)[33m;[39m
    [90m   | [39m                                 
                   [31m^[39m
    [90m166| [39m      })[33m;[39m
    [90m167| [39m

[31m[2mÔÄ»ÔÄ»ÔÄ»ÔÄ»ÔÄ»ÔÄ»ÔÄ»ÔÄ»ÔÄ»ÔÄ»ÔÄ»ÔÄ»ÔÄ»ÔÄ»Ô
Ä»ÔÄ»ÔÄ»ÔÄ»ÔÄ»ÔÄ»ÔÄ»ÔÄ»ÔÄ»[7/23]ÔÄ»[22m[39m

[41m[1m FAIL [22m[49m 
src/lib/utils/__tests__/TimeParser.test.ts[2m > 
[22mTimeParser[2m > [22mnormalizeTime[2m > 
[22mAM/PM format with minutes[2m > [22mconverts 
"12:30pm" to "12:30"
[31m[1mAssertionError[22m: expected '09:00' to 
be '12:30' // Object.is equality[39m

Expected: [32m"[7m12:3[27m0"[39m
Received: [31m"[7m09:0[27m0"[39m

[36m [2mÔØ»[22m src/lib/utils/__tests__/TimeParse
r.test.ts:[2m169:53[22m[39m
    [90m167| [39m
    [90m168| [39m      
[34mit[39m([32m'converts "12:30pm" to 
"12:30"'[39m[33m,[39m () [33m=>[39m {
    [90m169| [39m        [34mexpect[39m([33mTim
eParser[39m[33m.[39m[34mnormalizeTime[39m([32m
'12:30pm'[39m))[33m.[39m[34mtoBe[39m([32m'12:3
0'[39m)[33m;[39m
    [90m   | [39m                                 
                   [31m^[39m
    [90m170| [39m      })[33m;[39m
    [90m171| [39m

[31m[2mÔÄ»ÔÄ»ÔÄ»ÔÄ»ÔÄ»ÔÄ»ÔÄ»ÔÄ»ÔÄ»ÔÄ»ÔÄ»ÔÄ»ÔÄ»ÔÄ»Ô
Ä»ÔÄ»ÔÄ»ÔÄ»ÔÄ»ÔÄ»ÔÄ»ÔÄ»ÔÄ»[8/23]ÔÄ»[22m[39m

[41m[1m FAIL [22m[49m 
src/lib/utils/__tests__/TimeParser.test.ts[2m > 
[22mTimeParser[2m > [22mnormalizeTime[2m > 
[22mAM/PM format with minutes[2m > [22mhandles 
spaces before AM/PM
[31m[1mAssertionError[22m: expected '09:00' to 
be '09:30' // Object.is equality[39m

Expected: [32m"09:[7m3[27m0"[39m
Received: [31m"09:[7m0[27m0"[39m

[36m [2mÔØ»[22m src/lib/utils/__tests__/TimeParse
r.test.ts:[2m173:53[22m[39m
    [90m171| [39m
    [90m172| [39m      [34mit[39m([32m'handles 
spaces before AM/PM'[39m[33m,[39m () 
[33m=>[39m {
    [90m173| [39m        [34mexpect[39m([33mTim
eParser[39m[33m.[39m[34mnormalizeTime[39m([32m
'9:30 am'[39m))[33m.[39m[34mtoBe[39m([32m'09:3
0'[39m)[33m;[39m
    [90m   | [39m                                 
                   [31m^[39m
    [90m174| [39m        [34mexpect[39m([33mTim
eParser[39m[33m.[39m[34mnormalizeTime[39m([32m
'2:45 PM'[39m))[33m.[39m[34mtoBe[39m([32m'14:4
5'[39m)[33m;[39m
    [90m175| [39m      })[33m;[39m

[31m[2mÔÄ»ÔÄ»ÔÄ»ÔÄ»ÔÄ»ÔÄ»ÔÄ»ÔÄ»ÔÄ»ÔÄ»ÔÄ»ÔÄ»ÔÄ»ÔÄ»Ô
Ä»ÔÄ»ÔÄ»ÔÄ»ÔÄ»ÔÄ»ÔÄ»ÔÄ»ÔÄ»[9/23]ÔÄ»[22m[39m

[41m[1m FAIL [22m[49m 
src/lib/utils/__tests__/TimeParser.test.ts[2m > 
[22mTimeParser[2m > [22mnormalizeTime[2m > 
[22m24-hour format[2m > [22mhandles single digit 
hour
[31m[1mAssertionError[22m: expected '09:00' to 
be '07:00' // Object.is equality[39m

Expected: [32m"0[7m7[27m:00"[39m
Received: [31m"0[7m9[27m:00"[39m

[36m [2mÔØ»[22m src/lib/utils/__tests__/TimeParse
r.test.ts:[2m180:47[22m[39m
    [90m178| [39m    
[34mdescribe[39m([32m'24-hour 
format'[39m[33m,[39m () [33m=>[39m {
    [90m179| [39m      [34mit[39m([32m'handles 
single digit hour'[39m[33m,[39m () [33m=>[39m {
    [90m180| [39m        [34mexpect[39m([33mTim
eParser[39m[33m.[39m[34mnormalizeTime[39m([32m
'7'[39m))[33m.[39m[34mtoBe[39m([32m'07:00'[39
m)[33m;[39m
    [90m   | [39m                                 
             [31m^[39m
    [90m181| [39m        [34mexpect[39m([33mTim
eParser[39m[33m.[39m[34mnormalizeTime[39m([32m
'9'[39m))[33m.[39m[34mtoBe[39m([32m'09:00'[39
m)[33m;[39m
    [90m182| [39m      })[33m;[39m

[31m[2mÔÄ»ÔÄ»ÔÄ»ÔÄ»ÔÄ»ÔÄ»ÔÄ»ÔÄ»ÔÄ»ÔÄ»ÔÄ»ÔÄ»ÔÄ»ÔÄ»Ô
Ä»ÔÄ»ÔÄ»ÔÄ»ÔÄ»ÔÄ»ÔÄ»ÔÄ»[10/23]ÔÄ»[22m[39m

[41m[1m FAIL [22m[49m 
src/lib/utils/__tests__/TimeParser.test.ts[2m > 
[22mTimeParser[2m > [22mnormalizeTime[2m > 
[22m24-hour format[2m > [22mhandles double digit 
hour
[31m[1mAssertionError[22m: expected '09:00' to 
be '14:00' // Object.is equality[39m

Expected: [32m"[7m14[27m:00"[39m
Received: [31m"[7m09[27m:00"[39m

[36m [2mÔØ»[22m src/lib/utils/__tests__/TimeParse
r.test.ts:[2m185:48[22m[39m
    [90m183| [39m
    [90m184| [39m      [34mit[39m([32m'handles 
double digit hour'[39m[33m,[39m () [33m=>[39m {
    [90m185| [39m        [34mexpect[39m([33mTim
eParser[39m[33m.[39m[34mnormalizeTime[39m([32m
'14'[39m))[33m.[39m[34mtoBe[39m([32m'14:00'[3
9m)[33m;[39m
    [90m   | [39m                                 
              [31m^[39m
    [90m186| [39m        [34mexpect[39m([33mTim
eParser[39m[33m.[39m[34mnormalizeTime[39m([32m
'23'[39m))[33m.[39m[34mtoBe[39m([32m'23:00'[3
9m)[33m;[39m
    [90m187| [39m      })[33m;[39m

[31m[2mÔÄ»ÔÄ»ÔÄ»ÔÄ»ÔÄ»ÔÄ»ÔÄ»ÔÄ»ÔÄ»ÔÄ»ÔÄ»ÔÄ»ÔÄ»ÔÄ»Ô
Ä»ÔÄ»ÔÄ»ÔÄ»ÔÄ»ÔÄ»ÔÄ»ÔÄ»[11/23]ÔÄ»[22m[39m

[41m[1m FAIL [22m[49m 
src/lib/utils/__tests__/TimeParser.test.ts[2m > 
[22mTimeParser[2m > [22mnormalizeTime[2m > 
[22m24-hour format[2m > [22mhandles time without 
leading zero
[31m[1mAssertionError[22m: expected '09:00' to 
be '07:30' // Object.is equality[39m

Expected: [32m"0[7m7:3[27m0"[39m
Received: [31m"0[7m9:0[27m0"[39m

[36m [2mÔØ»[22m src/lib/utils/__tests__/TimeParse
r.test.ts:[2m190:50[22m[39m
    [90m188| [39m
    [90m189| [39m      [34mit[39m([32m'handles 
time without leading zero'[39m[33m,[39m () 
[33m=>[39m {
    [90m190| [39m        [34mexpect[39m([33mTim
eParser[39m[33m.[39m[34mnormalizeTime[39m([32m
'7:30'[39m))[33m.[39m[34mtoBe[39m([32m'07:30'
[39m)[33m;[39m
    [90m   | [39m                                 
                [31m^[39m
    [90m191| [39m        [34mexpect[39m([33mTim
eParser[39m[33m.[39m[34mnormalizeTime[39m([32m
'9:45'[39m))[33m.[39m[34mtoBe[39m([32m'09:45'
[39m)[33m;[39m
    [90m192| [39m      })[33m;[39m

[31m[2mÔÄ»ÔÄ»ÔÄ»ÔÄ»ÔÄ»ÔÄ»ÔÄ»ÔÄ»ÔÄ»ÔÄ»ÔÄ»ÔÄ»ÔÄ»ÔÄ»Ô
Ä»ÔÄ»ÔÄ»ÔÄ»ÔÄ»ÔÄ»ÔÄ»ÔÄ»[12/23]ÔÄ»[22m[39m

[41m[1m FAIL [22m[49m 
src/lib/utils/__tests__/TimeParser.test.ts[2m > 
[22mTimeParser[2m > [22mnormalizeTime[2m > 
[22m24-hour format[2m > [22mhandles time with 
leading zero
[31m[1mAssertionError[22m: expected '09:00' to 
be '07:30' // Object.is equality[39m

Expected: [32m"0[7m7:3[27m0"[39m
Received: [31m"0[7m9:0[27m0"[39m

[36m [2mÔØ»[22m src/lib/utils/__tests__/TimeParse
r.test.ts:[2m195:51[22m[39m
    [90m193| [39m
    [90m194| [39m      [34mit[39m([32m'handles 
time with leading zero'[39m[33m,[39m () 
[33m=>[39m {
    [90m195| [39m        [34mexpect[39m([33mTim
eParser[39m[33m.[39m[34mnormalizeTime[39m([32m
'07:30'[39m))[33m.[39m[34mtoBe[39m([32m'07:30'
[39m)[33m;[39m
    [90m   | [39m                                 
                 [31m^[39m
    [90m196| [39m        [34mexpect[39m([33mTim
eParser[39m[33m.[39m[34mnormalizeTime[39m([32m
'14:45'[39m))[33m.[39m[34mtoBe[39m([32m'14:45'
[39m)[33m;[39m
    [90m197| [39m      })[33m;[39m

[31m[2mÔÄ»ÔÄ»ÔÄ»ÔÄ»ÔÄ»ÔÄ»ÔÄ»ÔÄ»ÔÄ»ÔÄ»ÔÄ»ÔÄ»ÔÄ»ÔÄ»Ô
Ä»ÔÄ»ÔÄ»ÔÄ»ÔÄ»ÔÄ»ÔÄ»ÔÄ»[13/23]ÔÄ»[22m[39m

[41m[1m FAIL [22m[49m 
src/lib/utils/__tests__/TimeParser.test.ts[2m > 
[22mTimeParser[2m > [22mnormalizeTime[2m > 
[22m24-hour format[2m > [22mhandles time with 
seconds
[31m[1mAssertionError[22m: expected '09:00' to 
be '14:30' // Object.is equality[39m

Expected: [32m"[7m14:3[27m0"[39m
Received: [31m"[7m09:0[27m0"[39m

[36m [2mÔØ»[22m src/lib/utils/__tests__/TimeParse
r.test.ts:[2m200:54[22m[39m
    [90m198| [39m
    [90m199| [39m      [34mit[39m([32m'handles 
time with seconds'[39m[33m,[39m () [33m=>[39m {
    [90m200| [39m        [34mexpect[39m([33mTim
eParser[39m[33m.[39m[34mnormalizeTime[39m([32m
'14:30:00'[39m))[33m.[39m[34mtoBe[39m([32m'14:
30'[39m)[33m;[39m
    [90m   | [39m                                 
                    [31m^[39m
    [90m201| [39m        [34mexpect[39m([33mTim
eParser[39m[33m.[39m[34mnormalizeTime[39m([32m
'09:15:30'[39m))[33m.[39m[34mtoBe[39m([32m'09:
15'[39m)[33m;[39m
    [90m202| [39m      })[33m;[39m

[31m[2mÔÄ»ÔÄ»ÔÄ»ÔÄ»ÔÄ»ÔÄ»ÔÄ»ÔÄ»ÔÄ»ÔÄ»ÔÄ»ÔÄ»ÔÄ»ÔÄ»Ô
Ä»ÔÄ»ÔÄ»ÔÄ»ÔÄ»ÔÄ»ÔÄ»ÔÄ»[14/23]ÔÄ»[22m[39m

[41m[1m FAIL [22m[49m 
src/lib/utils/__tests__/TimeParser.test.ts[2m > 
[22mTimeParser[2m > [22mnormalizeTime[2m > 
[22medge cases[2m > [22mtrims whitespace
[31m[1mAssertionError[22m: expected '09:00' to 
be '09:30' // Object.is equality[39m

Expected: [32m"09:[7m3[27m0"[39m
Received: [31m"09:[7m0[27m0"[39m

[36m [2mÔØ»[22m src/lib/utils/__tests__/TimeParse
r.test.ts:[2m207:56[22m[39m
    [90m205| [39m    
[34mdescribe[39m([32m'edge 
cases'[39m[33m,[39m () [33m=>[39m {
    [90m206| [39m      [34mit[39m([32m'trims 
whitespace'[39m[33m,[39m () [33m=>[39m {
    [90m207| [39m        [34mexpect[39m([33mTim
eParser[39m[33m.[39m[34mnormalizeTime[39m([32m
'  9:30am  '[39m))[33m.[39m[34mtoBe[39m([32m'0
9:30'[39m)[33m;[39m
    [90m   | [39m                                 
                      [31m^[39m
    [90m208| [39m        [34mexpect[39m([33mTim
eParser[39m[33m.[39m[34mnormalizeTime[39m([32m
'  14:30  '[39m))[33m.[39m[34mtoBe[39m([32m'14
:30'[39m)[33m;[39m
    [90m209| [39m      })[33m;[39m

[31m[2mÔÄ»ÔÄ»ÔÄ»ÔÄ»ÔÄ»ÔÄ»ÔÄ»ÔÄ»ÔÄ»ÔÄ»ÔÄ»ÔÄ»ÔÄ»ÔÄ»Ô
Ä»ÔÄ»ÔÄ»ÔÄ»ÔÄ»ÔÄ»ÔÄ»ÔÄ»[15/23]ÔÄ»[22m[39m

[41m[1m FAIL [22m[49m 
src/lib/utils/__tests__/TimeParser.test.ts[2m > 
[22mTimeParser[2m > [22mnormalizeTime[2m > 
[22medge cases[2m > [22mhandles midnight
[31m[1mAssertionError[22m: expected '09:00' to 
be '00:00' // Object.is equality[39m

Expected: [32m"0[7m0[27m:00"[39m
Received: [31m"0[7m9[27m:00"[39m

[36m [2mÔØ»[22m src/lib/utils/__tests__/TimeParse
r.test.ts:[2m217:47[22m[39m
    [90m215| [39m
    [90m216| [39m      [34mit[39m([32m'handles 
midnight'[39m[33m,[39m () [33m=>[39m {
    [90m217| [39m        [34mexpect[39m([33mTim
eParser[39m[33m.[39m[34mnormalizeTime[39m([32m
'0'[39m))[33m.[39m[34mtoBe[39m([32m'00:00'[39
m)[33m;[39m
    [90m   | [39m                                 
             [31m^[39m
    [90m218| [39m        [34mexpect[39m([33mTim
eParser[39m[33m.[39m[34mnormalizeTime[39m([32m
'00'[39m))[33m.[39m[34mtoBe[39m([32m'00:00'[3
9m)[33m;[39m
    [90m219| [39m        [34mexpect[39m([33mTim
eParser[39m[33m.[39m[34mnormalizeTime[39m([32m
'00:00'[39m))[33m.[39m[34mtoBe[39m([32m'00:00'
[39m)[33m;[39m

[31m[2mÔÄ»ÔÄ»ÔÄ»ÔÄ»ÔÄ»ÔÄ»ÔÄ»ÔÄ»ÔÄ»ÔÄ»ÔÄ»ÔÄ»ÔÄ»ÔÄ»Ô
Ä»ÔÄ»ÔÄ»ÔÄ»ÔÄ»ÔÄ»ÔÄ»ÔÄ»[16/23]ÔÄ»[22m[39m

[41m[1m FAIL [22m[49m 
src/lib/utils/__tests__/TimeParser.test.ts[2m > 
[22mTimeParser[2m > [22mnormalizeTime[2m > 
[22medge cases[2m > [22mhandles noon
[31m[1mAssertionError[22m: expected '09:00' to 
be '12:00' // Object.is equality[39m

Expected: [32m"[7m12[27m:00"[39m
Received: [31m"[7m09[27m:00"[39m

[36m [2mÔØ»[22m src/lib/utils/__tests__/TimeParse
r.test.ts:[2m223:48[22m[39m
    [90m221| [39m
    [90m222| [39m      [34mit[39m([32m'handles 
noon'[39m[33m,[39m () [33m=>[39m {
    [90m223| [39m        [34mexpect[39m([33mTim
eParser[39m[33m.[39m[34mnormalizeTime[39m([32m
'12'[39m))[33m.[39m[34mtoBe[39m([32m'12:00'[3
9m)[33m;[39m
    [90m   | [39m                                 
              [31m^[39m
    [90m224| [39m        [34mexpect[39m([33mTim
eParser[39m[33m.[39m[34mnormalizeTime[39m([32m
'12:00'[39m))[33m.[39m[34mtoBe[39m([32m'12:00'
[39m)[33m;[39m
    [90m225| [39m      })[33m;[39m

[31m[2mÔÄ»ÔÄ»ÔÄ»ÔÄ»ÔÄ»ÔÄ»ÔÄ»ÔÄ»ÔÄ»ÔÄ»ÔÄ»ÔÄ»ÔÄ»ÔÄ»Ô
Ä»ÔÄ»ÔÄ»ÔÄ»ÔÄ»ÔÄ»ÔÄ»ÔÄ»[17/23]ÔÄ»[22m[39m

[41m[1m FAIL [22m[49m 
src/lib/utils/__tests__/TimeParser.test.ts[2m > 
[22mTimeParser[2m > [22mparseDatetime[2m > 
[22mcombines date and time correctly
[31m[1mAssertionError[22m: expected 9 to be 14 
// Object.is equality[39m

[32m- Expected[39m
[31m+ Received[39m

[32m- 14[39m
[31m+ 9[39m

[36m [2mÔØ»[22m src/lib/utils/__tests__/TimeParse
r.test.ts:[2m252:47[22m[39m
    [90m250| [39m
    [90m251| [39m      [90m// Verify time 
components (hour and minute)[39m
    [90m252| [39m      [34mexpect[39m(result[33
m.[39mdepartureTime[33m.[39m[34mgetHours[39m())
[33m.[39m[34mtoBe[39m([34m14[39m)[33m;[39m
    [90m   | [39m                                 
             [31m^[39m
    [90m253| [39m      [34mexpect[39m(result[33
m.[39mdepartureTime[33m.[39m[34mgetMinutes[39m(
))[33m.[39m[34mtoBe[39m([34m30[39m)[33m;[39m
    [90m254| [39m    })[33m;[39m

[31m[2mÔÄ»ÔÄ»ÔÄ»ÔÄ»ÔÄ»ÔÄ»ÔÄ»ÔÄ»ÔÄ»ÔÄ»ÔÄ»ÔÄ»ÔÄ»ÔÄ»Ô
Ä»ÔÄ»ÔÄ»ÔÄ»ÔÄ»ÔÄ»ÔÄ»ÔÄ»[18/23]ÔÄ»[22m[39m

[41m[1m FAIL [22m[49m 
src/lib/utils/__tests__/TimeParser.test.ts[2m > 
[22mTimeParser[2m > [22mparseDatetime[2m > 
[22mhandles relative date with time
[31m[1mAssertionError[22m: expected +0 to be 30 
// Object.is equality[39m

[32m- Expected[39m
[31m+ Received[39m

[32m- 30[39m
[31m+ 0[39m

[36m [2mÔØ»[22m src/lib/utils/__tests__/TimeParse
r.test.ts:[2m267:49[22m[39m
    [90m265| [39m      [90m// Verify time 
components[39m
    [90m266| [39m      [34mexpect[39m(result[33
m.[39mdepartureTime[33m.[39m[34mgetHours[39m())
[33m.[39m[34mtoBe[39m([34m9[39m)[33m;[39m
    [90m267| [39m      [34mexpect[39m(result[33
m.[39mdepartureTime[33m.[39m[34mgetMinutes[39m(
))[33m.[39m[34mtoBe[39m([34m30[39m)[33m;[39m
    [90m   | [39m                                 
               [31m^[39m
    [90m268| [39m    })[33m;[39m
    [90m269| [39m

[31m[2mÔÄ»ÔÄ»ÔÄ»ÔÄ»ÔÄ»ÔÄ»ÔÄ»ÔÄ»ÔÄ»ÔÄ»ÔÄ»ÔÄ»ÔÄ»ÔÄ»Ô
Ä»ÔÄ»ÔÄ»ÔÄ»ÔÄ»ÔÄ»ÔÄ»ÔÄ»[19/23]ÔÄ»[22m[39m

[41m[1m FAIL [22m[49m 
src/lib/utils/__tests__/TimeParser.test.ts[2m > 
[22mTimeParser[2m > [22mparseDatetime[2m > 
[22muses current date when date is not provided
[31m[1mAssertionError[22m: expected 9 to be 14 
// Object.is equality[39m

[32m- Expected[39m
[31m+ Received[39m

[32m- 14[39m
[31m+ 9[39m

[36m [2mÔØ»[22m src/lib/utils/__tests__/TimeParse
r.test.ts:[2m286:47[22m[39m
    [90m284| [39m      )[33m;[39m
    [90m285| [39m
    [90m286| [39m      [34mexpect[39m(result[33
m.[39mdepartureTime[33m.[39m[34mgetHours[39m())
[33m.[39m[34mtoBe[39m([34m14[39m)[33m;[39m
    [90m   | [39m                                 
             [31m^[39m
    [90m287| [39m      [34mexpect[39m(result[33
m.[39mdepartureTime[33m.[39m[34mgetMinutes[39m(
))[33m.[39m[34mtoBe[39m([34m30[39m)[33m;[39m
    [90m288| [39m    })[33m;[39m

[31m[2mÔÄ»ÔÄ»ÔÄ»ÔÄ»ÔÄ»ÔÄ»ÔÄ»ÔÄ»ÔÄ»ÔÄ»ÔÄ»ÔÄ»ÔÄ»ÔÄ»Ô
Ä»ÔÄ»ÔÄ»ÔÄ»ÔÄ»ÔÄ»ÔÄ»ÔÄ»[20/23]ÔÄ»[22m[39m

[41m[1m FAIL [22m[49m 
src/lib/utils/__tests__/TimeParser.test.ts[2m > 
[22mTimeParser[2m > [22mparseDatetime[2m > 
[22mhandles multilingual date with AM/PM time
[31m[1mAssertionError[22m: expected 9 to be 14 
// Object.is equality[39m

[32m- Expected[39m
[31m+ Received[39m

[32m- 14[39m
[31m+ 9[39m

[36m [2mÔØ»[22m src/lib/utils/__tests__/TimeParse
r.test.ts:[2m310:47[22m[39m
    [90m308| [39m      )[33m;[39m
    [90m309| [39m
    [90m310| [39m      [34mexpect[39m(result[33
m.[39mdepartureTime[33m.[39m[34mgetHours[39m())
[33m.[39m[34mtoBe[39m([34m14[39m)[33m;[39m
    [90m   | [39m                                 
             [31m^[39m
    [90m311| [39m      [34mexpect[39m(result[33
m.[39mdepartureTime[33m.[39m[34mgetMinutes[39m(
))[33m.[39m[34mtoBe[39m([34m30[39m)[33m;[39m
    [90m312| [39m    })[33m;[39m

[31m[2mÔÄ»ÔÄ»ÔÄ»ÔÄ»ÔÄ»ÔÄ»ÔÄ»ÔÄ»ÔÄ»ÔÄ»ÔÄ»ÔÄ»ÔÄ»ÔÄ»Ô
Ä»ÔÄ»ÔÄ»ÔÄ»ÔÄ»ÔÄ»ÔÄ»ÔÄ»[21/23]ÔÄ»[22m[39m

[41m[1m FAIL [22m[49m 
src/lib/utils/__tests__/TimeParser.test.ts[2m > 
[22mTimeParser[2m > [22mparseDatetime[2m > 
[22mreturns current time for invalid inputs
[31m[1mAssertionError[22m: expected 
'2024-01-15T00:00:00.000Z' to be 
'2024-01-15T12:00:00.000Z' // Object.is 
equality[39m

Expected: 
[32m"2024-01-15T[7m12[27m:00:00.000Z"[39m
Received: 
[31m"2024-01-15T[7m00[27m:00:00.000Z"[39m

[36m [2mÔØ»[22m src/lib/utils/__tests__/TimeParse
r.test.ts:[2m318:41[22m[39m
    [90m316| [39m
    [90m317| [39m      [35mconst[39m now 
[33m=[39m [35mnew[39m [33mDate[39m([32m'2024-
01-15T12:00:00Z'[39m)[33m;[39m
    [90m318| [39m      [34mexpect[39m(result[33
m.[39mdate[33m.[39m[34mtoISOString[39m())[33m.
[39m[34mtoBe[39m(now[33m.[39m[34mtoISOString[
39m())[33m;[39m
    [90m   | [39m                                 
       [31m^[39m
    [90m319| [39m      expect(result.departureTime
.toISOString()).toBe(now.toISOString(ÔÇª
    [90m320| [39m    })[33m;[39m

[31m[2mÔÄ»ÔÄ»ÔÄ»ÔÄ»ÔÄ»ÔÄ»ÔÄ»ÔÄ»ÔÄ»ÔÄ»ÔÄ»ÔÄ»ÔÄ»ÔÄ»Ô
Ä»ÔÄ»ÔÄ»ÔÄ»ÔÄ»ÔÄ»ÔÄ»ÔÄ»[22/23]ÔÄ»[22m[39m

[41m[1m FAIL [22m[49m 
src/lib/utils/__tests__/TimeParser.test.ts[2m > 
[22mTimeParser[2m > [22mparseDatetime[2m > 
[22mpreserves date-only format in date field
[31m[1mAssertionError[22m: expected 9 to be 14 
// Object.is equality[39m

[32m- Expected[39m
[31m+ Received[39m

[32m- 14[39m
[31m+ 9[39m

[36m [2mÔØ»[22m src/lib/utils/__tests__/TimeParse
r.test.ts:[2m332:47[22m[39m
    [90m330| [39m        [32m'2024-03-20'[39m
    [90m331| [39m      )[33m;[39m
    [90m332| [39m      [34mexpect[39m(result[33
m.[39mdepartureTime[33m.[39m[34mgetHours[39m())
[33m.[39m[34mtoBe[39m([34m14[39m)[33m;[39m
    [90m   | [39m                                 
             [31m^[39m
    [90m333| [39m      [34mexpect[39m(result[33
m.[39mdepartureTime[33m.[39m[34mgetMinutes[39m(
))[33m.[39m[34mtoBe[39m([34m30[39m)[33m;[39m
    [90m334| [39m    })[33m;[39m

[31m[2mÔÄ»ÔÄ»ÔÄ»ÔÄ»ÔÄ»ÔÄ»ÔÄ»ÔÄ»ÔÄ»ÔÄ»ÔÄ»ÔÄ»ÔÄ»ÔÄ»Ô
Ä»ÔÄ»ÔÄ»ÔÄ»ÔÄ»ÔÄ»ÔÄ»ÔÄ»[23/23]ÔÄ»[22m[39m


[2m Test Files [22m [1m[31m1 failed[39m[22m[90m (1)[39m
[2m      Tests [22m [1m[31m23 failed[39m[22m[2m | [22m[1m[32m22 passed[39m[22m[90m (45)[39m
[2m   Start at [22m 15:43:06
[2m   Duration [22m 118ms

[1m[41m FAIL [49m[22m [31mTests failed. Watching for file changes...[39m
       [2mpress [22m[1mh[22m[2m to show help[22m[2m, [22m[2mpress [22m[1mq[22m[2m to quit[22m
c[3J[1m[44m RERUN [49m[22m [34m[2msrc/lib/utils/__tests__/TimeParser.test.ts [22m[34mx2 [34m[39m
       [2m Filename pattern: [22m[34msrc/lib/utils/__tests__/TimeParser.test.ts[39m

 [31mÔØ»[39m src/lib/utils/__tests__/TimeParser.test.ts [2m([22m[2m55 tests[22m[2m | [22m[31m23 failed[39m[2m)[22m[32m 41[2mms[22m[39m
         [32mÔ£ô[39m parses "today"[32m 1[2mms[22m[39m
         [32mÔ£ô[39m parses "tomorrow"[32m 0[2mms[22m[39m
         [32mÔ£ô[39m parses "yesterday"[32m 0[2mms[22m[39m
         [32mÔ£ô[39m parses "heute"[32m 0[2mms[22m[39m
         [32mÔ£ô[39m parses "morgen"[32m 0[2mms[22m[39m
         [32mÔ£ô[39m parses "gestern"[32m 0[2mms[22m[39m
         [32mÔ£ô[39m parses "aujourd'hui"[32m 0[2mms[22m[39m
         [32mÔ£ô[39m parses "demain"[32m 0[2mms[22m[39m
         [32mÔ£ô[39m parses "hier"[32m 0[2mms[22m[39m
         [32mÔ£ô[39m parses "oggi"[32m 0[2mms[22m[39m
         [32mÔ£ô[39m parses "domani"[32m 0[2mms[22m[39m
         [32mÔ£ô[39m parses "ieri"[32m 0[2mms[22m[39m
         [32mÔ£ô[39m parses ISO date string[32m 0[2mms[22m[39m
         [32mÔ£ô[39m parses ISO datetime string[32m 0[2mms[22m[39m
         [32mÔ£ô[39m parses "this weekend" in English (from Monday)[32m 0[2mms[22m[39m
         [32mÔ£ô[39m parses "weekend" in English[32m 0[2mms[22m[39m
         [32mÔ£ô[39m parses "dieses wochenende" in German[32m 0[2mms[22m[39m
         [32mÔ£ô[39m parses "wochenende" in German[32m 0[2mms[22m[39m
         [32mÔ£ô[39m parses "ce week-end" in French[32m 0[2mms[22m[39m
         [32mÔ£ô[39m parses "week-end" in French[32m 0[2mms[22m[39m
         [32mÔ£ô[39m parses "questo fine settimana" in Italian[32m 0[2mms[22m[39m
         [32mÔ£ô[39m parses "fine settimana" in Italian[32m 0[2mms[22m[39m
         [32mÔ£ô[39m returns next Saturday when called on Saturday[32m 0[2mms[22m[39m
         [32mÔ£ô[39m returns next Saturday when called on Sunday[32m 0[2mms[22m[39m
         [32mÔ£ô[39m is case-insensitive[32m 0[2mms[22m[39m
         [32mÔ£ô[39m trims whitespace[32m 0[2mms[22m[39m
         [32mÔ£ô[39m returns base date for invalid input[32m 0[2mms[22m[39m
         [32mÔ£ô[39m uses current date when baseDate is not provided[32m 0[2mms[22m[39m
         [32mÔ£ô[39m converts "9am" to "09:00"[32m 0[2mms[22m[39m
[31m         [31m├ù[31m converts "2pm" to "14:00"[39m[32m 10[2mms[22m[39m
[31m         [31m├ù[31m converts "12am" to "00:00"[39m[32m 1[2mms[22m[39m
[31m         [31m├ù[31m converts "12pm" to "12:00"[39m[32m 0[2mms[22m[39m
[31m         [31m├ù[31m handles uppercase AM/PM[39m[32m 1[2mms[22m[39m
[31m         [31m├ù[31m converts "9:30am" to "09:30"[39m[32m 1[2mms[22m[39m
[31m         [31m├ù[31m converts "2:45pm" to "14:45"[39m[32m 2[2mms[22m[39m
[31m         [31m├ù[31m converts "12:30am" to "00:30"[39m[32m 1[2mms[22m[39m
[31m         [31m├ù[31m converts "12:30pm" to "12:30"[39m[32m 0[2mms[22m[39m
[31m         [31m├ù[31m handles spaces before AM/PM[39m[32m 0[2mms[22m[39m
[31m         [31m├ù[31m handles single digit hour[39m[32m 0[2mms[22m[39m
[31m         [31m├ù[31m handles double digit hour[39m[32m 0[2mms[22m[39m
[31m         [31m├ù[31m handles time without leading zero[39m[32m 0[2mms[22m[39m
[31m         [31m├ù[31m handles time with leading zero[39m[32m 0[2mms[22m[39m
[31m         [31m├ù[31m handles time with seconds[39m[32m 0[2mms[22m[39m
[31m         [31m├ù[31m trims whitespace[39m[32m 0[2mms[22m[39m
         [32mÔ£ô[39m returns default for invalid input[32m 0[2mms[22m[39m
[31m         [31m├ù[31m handles midnight[39m[32m 0[2mms[22m[39m
[31m         [31m├ù[31m handles noon[39m[32m 0[2mms[22m[39m
[31m       [31m├ù[31m combines date and time correctly[39m[32m 4[2mms[22m[39m
[31m       [31m├ù[31m handles relative date with time[39m[32m 1[2mms[22m[39m
       [32mÔ£ô[39m uses default time when time is not provided[32m 0[2mms[22m[39m
[31m       [31m├ù[31m uses current date when date is not provided[39m[32m 1[2mms[22m[39m
       [32mÔ£ô[39m uses defaults when both are not provided[32m 0[2mms[22m[39m
[31m       [31m├ù[31m handles multilingual date with AM/PM time[39m[32m 1[2mms[22m[39m
[31m       [31m├ù[31m returns current time for invalid inputs[39m[32m 1[2mms[22m[39m
[31m       [31m├ù[31m preserves date-only format in date field[39m[32m 2[2mms[22m[39m

[31mÔÄ»ÔÄ»ÔÄ»ÔÄ»ÔÄ»ÔÄ»[39m[1m[41m Failed Tests 
23 [49m[22m[31mÔÄ»ÔÄ»ÔÄ»ÔÄ»ÔÄ»ÔÄ»ÔÄ»[39m

[41m[1m FAIL [22m[49m 
src/lib/utils/__tests__/TimeParser.test.ts[2m > 
[22mTimeParser[2m > [22mnormalizeTime[2m > 
[22mAM/PM format without minutes[2m > 
[22mconverts "2pm" to "14:00"
[31m[1mAssertionError[22m: expected '09:00' to 
be '14:00' // Object.is equality[39m

Expected: [32m"[7m14[27m:00"[39m
Received: [31m"[7m09[27m:00"[39m

[36m [2mÔØ»[22m src/lib/utils/__tests__/TimeParse
r.test.ts:[2m203:49[22m[39m
    [90m201| [39m
    [90m202| [39m      
[34mit[39m([32m'converts "2pm" to 
"14:00"'[39m[33m,[39m () [33m=>[39m {
    [90m203| [39m        [34mexpect[39m([33mTim
eParser[39m[33m.[39m[34mnormalizeTime[39m([32m
'2pm'[39m))[33m.[39m[34mtoBe[39m([32m'14:00'[
39m)[33m;[39m
    [90m   | [39m                                 
               [31m^[39m
    [90m204| [39m      })[33m;[39m
    [90m205| [39m

[31m[2mÔÄ»ÔÄ»ÔÄ»ÔÄ»ÔÄ»ÔÄ»ÔÄ»ÔÄ»ÔÄ»ÔÄ»ÔÄ»ÔÄ»ÔÄ»ÔÄ»Ô
Ä»ÔÄ»ÔÄ»ÔÄ»ÔÄ»ÔÄ»ÔÄ»ÔÄ»ÔÄ»[1/23]ÔÄ»[22m[39m

[41m[1m FAIL [22m[49m 
src/lib/utils/__tests__/TimeParser.test.ts[2m > 
[22mTimeParser[2m > [22mnormalizeTime[2m > 
[22mAM/PM format without minutes[2m > 
[22mconverts "12am" to "00:00"
[31m[1mAssertionError[22m: expected '09:00' to 
be '00:00' // Object.is equality[39m

Expected: [32m"0[7m0[27m:00"[39m
Received: [31m"0[7m9[27m:00"[39m

[36m [2mÔØ»[22m src/lib/utils/__tests__/TimeParse
r.test.ts:[2m207:50[22m[39m
    [90m205| [39m
    [90m206| [39m      
[34mit[39m([32m'converts "12am" to 
"00:00"'[39m[33m,[39m () [33m=>[39m {
    [90m207| [39m        [34mexpect[39m([33mTim
eParser[39m[33m.[39m[34mnormalizeTime[39m([32m
'12am'[39m))[33m.[39m[34mtoBe[39m([32m'00:00'
[39m)[33m;[39m
    [90m   | [39m                                 
                [31m^[39m
    [90m208| [39m      })[33m;[39m
    [90m209| [39m

[31m[2mÔÄ»ÔÄ»ÔÄ»ÔÄ»ÔÄ»ÔÄ»ÔÄ»ÔÄ»ÔÄ»ÔÄ»ÔÄ»ÔÄ»ÔÄ»ÔÄ»Ô
Ä»ÔÄ»ÔÄ»ÔÄ»ÔÄ»ÔÄ»ÔÄ»ÔÄ»ÔÄ»[2/23]ÔÄ»[22m[39m

[41m[1m FAIL [22m[49m 
src/lib/utils/__tests__/TimeParser.test.ts[2m > 
[22mTimeParser[2m > [22mnormalizeTime[2m > 
[22mAM/PM format without minutes[2m > 
[22mconverts "12pm" to "12:00"
[31m[1mAssertionError[22m: expected '09:00' to 
be '12:00' // Object.is equality[39m

Expected: [32m"[7m12[27m:00"[39m
Received: [31m"[7m09[27m:00"[39m

[36m [2mÔØ»[22m src/lib/utils/__tests__/TimeParse
r.test.ts:[2m211:50[22m[39m
    [90m209| [39m
    [90m210| [39m      
[34mit[39m([32m'converts "12pm" to 
"12:00"'[39m[33m,[39m () [33m=>[39m {
    [90m211| [39m        [34mexpect[39m([33mTim
eParser[39m[33m.[39m[34mnormalizeTime[39m([32m
'12pm'[39m))[33m.[39m[34mtoBe[39m([32m'12:00'
[39m)[33m;[39m
    [90m   | [39m                                 
                [31m^[39m
    [90m212| [39m      })[33m;[39m
    [90m213| [39m

[31m[2mÔÄ»ÔÄ»ÔÄ»ÔÄ»ÔÄ»ÔÄ»ÔÄ»ÔÄ»ÔÄ»ÔÄ»ÔÄ»ÔÄ»ÔÄ»ÔÄ»Ô
Ä»ÔÄ»ÔÄ»ÔÄ»ÔÄ»ÔÄ»ÔÄ»ÔÄ»ÔÄ»[3/23]ÔÄ»[22m[39m

[41m[1m FAIL [22m[49m 
src/lib/utils/__tests__/TimeParser.test.ts[2m > 
[22mTimeParser[2m > [22mnormalizeTime[2m > 
[22mAM/PM format without minutes[2m > 
[22mhandles uppercase AM/PM
[31m[1mAssertionError[22m: expected '09:00' to 
be '14:00' // Object.is equality[39m

Expected: [32m"[7m14[27m:00"[39m
Received: [31m"[7m09[27m:00"[39m

[36m [2mÔØ»[22m src/lib/utils/__tests__/TimeParse
r.test.ts:[2m216:49[22m[39m
    [90m214| [39m      [34mit[39m([32m'handles 
uppercase AM/PM'[39m[33m,[39m () [33m=>[39m {
    [90m215| [39m        [34mexpect[39m([33mTim
eParser[39m[33m.[39m[34mnormalizeTime[39m([32m
'9AM'[39m))[33m.[39m[34mtoBe[39m([32m'09:00'[
39m)[33m;[39m
    [90m216| [39m        [34mexpect[39m([33mTim
eParser[39m[33m.[39m[34mnormalizeTime[39m([32m
'2PM'[39m))[33m.[39m[34mtoBe[39m([32m'14:00'[
39m)[33m;[39m
    [90m   | [39m                                 
               [31m^[39m
    [90m217| [39m      })[33m;[39m
    [90m218| [39m    })[33m;[39m

[31m[2mÔÄ»ÔÄ»ÔÄ»ÔÄ»ÔÄ»ÔÄ»ÔÄ»ÔÄ»ÔÄ»ÔÄ»ÔÄ»ÔÄ»ÔÄ»ÔÄ»Ô
Ä»ÔÄ»ÔÄ»ÔÄ»ÔÄ»ÔÄ»ÔÄ»ÔÄ»ÔÄ»[4/23]ÔÄ»[22m[39m

[41m[1m FAIL [22m[49m 
src/lib/utils/__tests__/TimeParser.test.ts[2m > 
[22mTimeParser[2m > [22mnormalizeTime[2m > 
[22mAM/PM format with minutes[2m > [22mconverts 
"9:30am" to "09:30"
[31m[1mAssertionError[22m: expected '09:00' to 
be '09:30' // Object.is equality[39m

Expected: [32m"09:[7m3[27m0"[39m
Received: [31m"09:[7m0[27m0"[39m

[36m [2mÔØ»[22m src/lib/utils/__tests__/TimeParse
r.test.ts:[2m222:52[22m[39m
    [90m220| [39m    
[34mdescribe[39m([32m'AM/PM format with 
minutes'[39m[33m,[39m () [33m=>[39m {
    [90m221| [39m      
[34mit[39m([32m'converts "9:30am" to 
"09:30"'[39m[33m,[39m () [33m=>[39m {
    [90m222| [39m        [34mexpect[39m([33mTim
eParser[39m[33m.[39m[34mnormalizeTime[39m([32m
'9:30am'[39m))[33m.[39m[34mtoBe[39m([32m'09:30
'[39m)[33m;[39m
    [90m   | [39m                                 
                  [31m^[39m
    [90m223| [39m      })[33m;[39m
    [90m224| [39m

[31m[2mÔÄ»ÔÄ»ÔÄ»ÔÄ»ÔÄ»ÔÄ»ÔÄ»ÔÄ»ÔÄ»ÔÄ»ÔÄ»ÔÄ»ÔÄ»ÔÄ»Ô
Ä»ÔÄ»ÔÄ»ÔÄ»ÔÄ»ÔÄ»ÔÄ»ÔÄ»ÔÄ»[5/23]ÔÄ»[22m[39m

[41m[1m FAIL [22m[49m 
src/lib/utils/__tests__/TimeParser.test.ts[2m > 
[22mTimeParser[2m > [22mnormalizeTime[2m > 
[22mAM/PM format with minutes[2m > [22mconverts 
"2:45pm" to "14:45"
[31m[1mAssertionError[22m: expected '09:00' to 
be '14:45' // Object.is equality[39m

Expected: [32m"14:45"[39m
Received: [31m"09:00"[39m

[36m [2mÔØ»[22m src/lib/utils/__tests__/TimeParse
r.test.ts:[2m226:52[22m[39m
    [90m224| [39m
    [90m225| [39m      
[34mit[39m([32m'converts "2:45pm" to 
"14:45"'[39m[33m,[39m () [33m=>[39m {
    [90m226| [39m        [34mexpect[39m([33mTim
eParser[39m[33m.[39m[34mnormalizeTime[39m([32m
'2:45pm'[39m))[33m.[39m[34mtoBe[39m([32m'14:45
'[39m)[33m;[39m
    [90m   | [39m                                 
                  [31m^[39m
    [90m227| [39m      })[33m;[39m
    [90m228| [39m

[31m[2mÔÄ»ÔÄ»ÔÄ»ÔÄ»ÔÄ»ÔÄ»ÔÄ»ÔÄ»ÔÄ»ÔÄ»ÔÄ»ÔÄ»ÔÄ»ÔÄ»Ô
Ä»ÔÄ»ÔÄ»ÔÄ»ÔÄ»ÔÄ»ÔÄ»ÔÄ»ÔÄ»[6/23]ÔÄ»[22m[39m

[41m[1m FAIL [22m[49m 
src/lib/utils/__tests__/TimeParser.test.ts[2m > 
[22mTimeParser[2m > [22mnormalizeTime[2m > 
[22mAM/PM format with minutes[2m > [22mconverts 
"12:30am" to "00:30"
[31m[1mAssertionError[22m: expected '09:00' to 
be '00:30' // Object.is equality[39m

Expected: [32m"0[7m0:3[27m0"[39m
Received: [31m"0[7m9:0[27m0"[39m

[36m [2mÔØ»[22m src/lib/utils/__tests__/TimeParse
r.test.ts:[2m230:53[22m[39m
    [90m228| [39m
    [90m229| [39m      
[34mit[39m([32m'converts "12:30am" to 
"00:30"'[39m[33m,[39m () [33m=>[39m {
    [90m230| [39m        [34mexpect[39m([33mTim
eParser[39m[33m.[39m[34mnormalizeTime[39m([32m
'12:30am'[39m))[33m.[39m[34mtoBe[39m([32m'00:3
0'[39m)[33m;[39m
    [90m   | [39m                                 
                   [31m^[39m
    [90m231| [39m      })[33m;[39m
    [90m232| [39m

[31m[2mÔÄ»ÔÄ»ÔÄ»ÔÄ»ÔÄ»ÔÄ»ÔÄ»ÔÄ»ÔÄ»ÔÄ»ÔÄ»ÔÄ»ÔÄ»ÔÄ»Ô
Ä»ÔÄ»ÔÄ»ÔÄ»ÔÄ»ÔÄ»ÔÄ»ÔÄ»ÔÄ»[7/23]ÔÄ»[22m[39m

[41m[1m FAIL [22m[49m 
src/lib/utils/__tests__/TimeParser.test.ts[2m > 
[22mTimeParser[2m > [22mnormalizeTime[2m > 
[22mAM/PM format with minutes[2m > [22mconverts 
"12:30pm" to "12:30"
[31m[1mAssertionError[22m: expected '09:00' to 
be '12:30' // Object.is equality[39m

Expected: [32m"[7m12:3[27m0"[39m
Received: [31m"[7m09:0[27m0"[39m

[36m [2mÔØ»[22m src/lib/utils/__tests__/TimeParse
r.test.ts:[2m234:53[22m[39m
    [90m232| [39m
    [90m233| [39m      
[34mit[39m([32m'converts "12:30pm" to 
"12:30"'[39m[33m,[39m () [33m=>[39m {
    [90m234| [39m        [34mexpect[39m([33mTim
eParser[39m[33m.[39m[34mnormalizeTime[39m([32m
'12:30pm'[39m))[33m.[39m[34mtoBe[39m([32m'12:3
0'[39m)[33m;[39m
    [90m   | [39m                                 
                   [31m^[39m
    [90m235| [39m      })[33m;[39m
    [90m236| [39m

[31m[2mÔÄ»ÔÄ»ÔÄ»ÔÄ»ÔÄ»ÔÄ»ÔÄ»ÔÄ»ÔÄ»ÔÄ»ÔÄ»ÔÄ»ÔÄ»ÔÄ»Ô
Ä»ÔÄ»ÔÄ»ÔÄ»ÔÄ»ÔÄ»ÔÄ»ÔÄ»ÔÄ»[8/23]ÔÄ»[22m[39m

[41m[1m FAIL [22m[49m 
src/lib/utils/__tests__/TimeParser.test.ts[2m > 
[22mTimeParser[2m > [22mnormalizeTime[2m > 
[22mAM/PM format with minutes[2m > [22mhandles 
spaces before AM/PM
[31m[1mAssertionError[22m: expected '09:00' to 
be '09:30' // Object.is equality[39m

Expected: [32m"09:[7m3[27m0"[39m
Received: [31m"09:[7m0[27m0"[39m

[36m [2mÔØ»[22m src/lib/utils/__tests__/TimeParse
r.test.ts:[2m238:53[22m[39m
    [90m236| [39m
    [90m237| [39m      [34mit[39m([32m'handles 
spaces before AM/PM'[39m[33m,[39m () 
[33m=>[39m {
    [90m238| [39m        [34mexpect[39m([33mTim
eParser[39m[33m.[39m[34mnormalizeTime[39m([32m
'9:30 am'[39m))[33m.[39m[34mtoBe[39m([32m'09:3
0'[39m)[33m;[39m
    [90m   | [39m                                 
                   [31m^[39m
    [90m239| [39m        [34mexpect[39m([33mTim
eParser[39m[33m.[39m[34mnormalizeTime[39m([32m
'2:45 PM'[39m))[33m.[39m[34mtoBe[39m([32m'14:4
5'[39m)[33m;[39m
    [90m240| [39m      })[33m;[39m

[31m[2mÔÄ»ÔÄ»ÔÄ»ÔÄ»ÔÄ»ÔÄ»ÔÄ»ÔÄ»ÔÄ»ÔÄ»ÔÄ»ÔÄ»ÔÄ»ÔÄ»Ô
Ä»ÔÄ»ÔÄ»ÔÄ»ÔÄ»ÔÄ»ÔÄ»ÔÄ»ÔÄ»[9/23]ÔÄ»[22m[39m

[41m[1m FAIL [22m[49m 
src/lib/utils/__tests__/TimeParser.test.ts[2m > 
[22mTimeParser[2m > [22mnormalizeTime[2m > 
[22m24-hour format[2m > [22mhandles single digit 
hour
[31m[1mAssertionError[22m: expected '09:00' to 
be '07:00' // Object.is equality[39m

Expected: [32m"0[7m7[27m:00"[39m
Received: [31m"0[7m9[27m:00"[39m

[36m [2mÔØ»[22m src/lib/utils/__tests__/TimeParse
r.test.ts:[2m245:47[22m[39m
    [90m243| [39m    
[34mdescribe[39m([32m'24-hour 
format'[39m[33m,[39m () [33m=>[39m {
    [90m244| [39m      [34mit[39m([32m'handles 
single digit hour'[39m[33m,[39m () [33m=>[39m {
    [90m245| [39m        [34mexpect[39m([33mTim
eParser[39m[33m.[39m[34mnormalizeTime[39m([32m
'7'[39m))[33m.[39m[34mtoBe[39m([32m'07:00'[39
m)[33m;[39m
    [90m   | [39m                                 
             [31m^[39m
    [90m246| [39m        [34mexpect[39m([33mTim
eParser[39m[33m.[39m[34mnormalizeTime[39m([32m
'9'[39m))[33m.[39m[34mtoBe[39m([32m'09:00'[39
m)[33m;[39m
    [90m247| [39m      })[33m;[39m

[31m[2mÔÄ»ÔÄ»ÔÄ»ÔÄ»ÔÄ»ÔÄ»ÔÄ»ÔÄ»ÔÄ»ÔÄ»ÔÄ»ÔÄ»ÔÄ»ÔÄ»Ô
Ä»ÔÄ»ÔÄ»ÔÄ»ÔÄ»ÔÄ»ÔÄ»ÔÄ»[10/23]ÔÄ»[22m[39m

[41m[1m FAIL [22m[49m 
src/lib/utils/__tests__/TimeParser.test.ts[2m > 
[22mTimeParser[2m > [22mnormalizeTime[2m > 
[22m24-hour format[2m > [22mhandles double digit 
hour
[31m[1mAssertionError[22m: expected '09:00' to 
be '14:00' // Object.is equality[39m

Expected: [32m"[7m14[27m:00"[39m
Received: [31m"[7m09[27m:00"[39m

[36m [2mÔØ»[22m src/lib/utils/__tests__/TimeParse
r.test.ts:[2m250:48[22m[39m
    [90m248| [39m
    [90m249| [39m      [34mit[39m([32m'handles 
double digit hour'[39m[33m,[39m () [33m=>[39m {
    [90m250| [39m        [34mexpect[39m([33mTim
eParser[39m[33m.[39m[34mnormalizeTime[39m([32m
'14'[39m))[33m.[39m[34mtoBe[39m([32m'14:00'[3
9m)[33m;[39m
    [90m   | [39m                                 
              [31m^[39m
    [90m251| [39m        [34mexpect[39m([33mTim
eParser[39m[33m.[39m[34mnormalizeTime[39m([32m
'23'[39m))[33m.[39m[34mtoBe[39m([32m'23:00'[3
9m)[33m;[39m
    [90m252| [39m      })[33m;[39m

[31m[2mÔÄ»ÔÄ»ÔÄ»ÔÄ»ÔÄ»ÔÄ»ÔÄ»ÔÄ»ÔÄ»ÔÄ»ÔÄ»ÔÄ»ÔÄ»ÔÄ»Ô
Ä»ÔÄ»ÔÄ»ÔÄ»ÔÄ»ÔÄ»ÔÄ»ÔÄ»[11/23]ÔÄ»[22m[39m

[41m[1m FAIL [22m[49m 
src/lib/utils/__tests__/TimeParser.test.ts[2m > 
[22mTimeParser[2m > [22mnormalizeTime[2m > 
[22m24-hour format[2m > [22mhandles time without 
leading zero
[31m[1mAssertionError[22m: expected '09:00' to 
be '07:30' // Object.is equality[39m

Expected: [32m"0[7m7:3[27m0"[39m
Received: [31m"0[7m9:0[27m0"[39m

[36m [2mÔØ»[22m src/lib/utils/__tests__/TimeParse
r.test.ts:[2m255:50[22m[39m
    [90m253| [39m
    [90m254| [39m      [34mit[39m([32m'handles 
time without leading zero'[39m[33m,[39m () 
[33m=>[39m {
    [90m255| [39m        [34mexpect[39m([33mTim
eParser[39m[33m.[39m[34mnormalizeTime[39m([32m
'7:30'[39m))[33m.[39m[34mtoBe[39m([32m'07:30'
[39m)[33m;[39m
    [90m   | [39m                                 
                [31m^[39m
    [90m256| [39m        [34mexpect[39m([33mTim
eParser[39m[33m.[39m[34mnormalizeTime[39m([32m
'9:45'[39m))[33m.[39m[34mtoBe[39m([32m'09:45'
[39m)[33m;[39m
    [90m257| [39m      })[33m;[39m

[31m[2mÔÄ»ÔÄ»ÔÄ»ÔÄ»ÔÄ»ÔÄ»ÔÄ»ÔÄ»ÔÄ»ÔÄ»ÔÄ»ÔÄ»ÔÄ»ÔÄ»Ô
Ä»ÔÄ»ÔÄ»ÔÄ»ÔÄ»ÔÄ»ÔÄ»ÔÄ»[12/23]ÔÄ»[22m[39m

[41m[1m FAIL [22m[49m 
src/lib/utils/__tests__/TimeParser.test.ts[2m > 
[22mTimeParser[2m > [22mnormalizeTime[2m > 
[22m24-hour format[2m > [22mhandles time with 
leading zero
[31m[1mAssertionError[22m: expected '09:00' to 
be '07:30' // Object.is equality[39m

Expected: [32m"0[7m7:3[27m0"[39m
Received: [31m"0[7m9:0[27m0"[39m

[36m [2mÔØ»[22m src/lib/utils/__tests__/TimeParse
r.test.ts:[2m260:51[22m[39m
    [90m258| [39m
    [90m259| [39m      [34mit[39m([32m'handles 
time with leading zero'[39m[33m,[39m () 
[33m=>[39m {
    [90m260| [39m        [34mexpect[39m([33mTim
eParser[39m[33m.[39m[34mnormalizeTime[39m([32m
'07:30'[39m))[33m.[39m[34mtoBe[39m([32m'07:30'
[39m)[33m;[39m
    [90m   | [39m                                 
                 [31m^[39m
    [90m261| [39m        [34mexpect[39m([33mTim
eParser[39m[33m.[39m[34mnormalizeTime[39m([32m
'14:45'[39m))[33m.[39m[34mtoBe[39m([32m'14:45'
[39m)[33m;[39m
    [90m262| [39m      })[33m;[39m

[31m[2mÔÄ»ÔÄ»ÔÄ»ÔÄ»ÔÄ»ÔÄ»ÔÄ»ÔÄ»ÔÄ»ÔÄ»ÔÄ»ÔÄ»ÔÄ»ÔÄ»Ô
Ä»ÔÄ»ÔÄ»ÔÄ»ÔÄ»ÔÄ»ÔÄ»ÔÄ»[13/23]ÔÄ»[22m[39m

[41m[1m FAIL [22m[49m 
src/lib/utils/__tests__/TimeParser.test.ts[2m > 
[22mTimeParser[2m > [22mnormalizeTime[2m > 
[22m24-hour format[2m > [22mhandles time with 
seconds
[31m[1mAssertionError[22m: expected '09:00' to 
be '14:30' // Object.is equality[39m

Expected: [32m"[7m14:3[27m0"[39m
Received: [31m"[7m09:0[27m0"[39m

[36m [2mÔØ»[22m src/lib/utils/__tests__/TimeParse
r.test.ts:[2m265:54[22m[39m
    [90m263| [39m
    [90m264| [39m      [34mit[39m([32m'handles 
time with seconds'[39m[33m,[39m () [33m=>[39m {
    [90m265| [39m        [34mexpect[39m([33mTim
eParser[39m[33m.[39m[34mnormalizeTime[39m([32m
'14:30:00'[39m))[33m.[39m[34mtoBe[39m([32m'14:
30'[39m)[33m;[39m
    [90m   | [39m                                 
                    [31m^[39m
    [90m266| [39m        [34mexpect[39m([33mTim
eParser[39m[33m.[39m[34mnormalizeTime[39m([32m
'09:15:30'[39m))[33m.[39m[34mtoBe[39m([32m'09:
15'[39m)[33m;[39m
    [90m267| [39m      })[33m;[39m

[31m[2mÔÄ»ÔÄ»ÔÄ»ÔÄ»ÔÄ»ÔÄ»ÔÄ»ÔÄ»ÔÄ»ÔÄ»ÔÄ»ÔÄ»ÔÄ»ÔÄ»Ô
Ä»ÔÄ»ÔÄ»ÔÄ»ÔÄ»ÔÄ»ÔÄ»ÔÄ»[14/23]ÔÄ»[22m[39m

[41m[1m FAIL [22m[49m 
src/lib/utils/__tests__/TimeParser.test.ts[2m > 
[22mTimeParser[2m > [22mnormalizeTime[2m > 
[22medge cases[2m > [22mtrims whitespace
[31m[1mAssertionError[22m: expected '09:00' to 
be '09:30' // Object.is equality[39m

Expected: [32m"09:[7m3[27m0"[39m
Received: [31m"09:[7m0[27m0"[39m

[36m [2mÔØ»[22m src/lib/utils/__tests__/TimeParse
r.test.ts:[2m272:56[22m[39m
    [90m270| [39m    
[34mdescribe[39m([32m'edge 
cases'[39m[33m,[39m () [33m=>[39m {
    [90m271| [39m      [34mit[39m([32m'trims 
whitespace'[39m[33m,[39m () [33m=>[39m {
    [90m272| [39m        [34mexpect[39m([33mTim
eParser[39m[33m.[39m[34mnormalizeTime[39m([32m
'  9:30am  '[39m))[33m.[39m[34mtoBe[39m([32m'0
9:30'[39m)[33m;[39m
    [90m   | [39m                                 
                      [31m^[39m
    [90m273| [39m        [34mexpect[39m([33mTim
eParser[39m[33m.[39m[34mnormalizeTime[39m([32m
'  14:30  '[39m))[33m.[39m[34mtoBe[39m([32m'14
:30'[39m)[33m;[39m
    [90m274| [39m      })[33m;[39m

[31m[2mÔÄ»ÔÄ»ÔÄ»ÔÄ»ÔÄ»ÔÄ»ÔÄ»ÔÄ»ÔÄ»ÔÄ»ÔÄ»ÔÄ»ÔÄ»ÔÄ»Ô
Ä»ÔÄ»ÔÄ»ÔÄ»ÔÄ»ÔÄ»ÔÄ»ÔÄ»[15/23]ÔÄ»[22m[39m

[41m[1m FAIL [22m[49m 
src/lib/utils/__tests__/TimeParser.test.ts[2m > 
[22mTimeParser[2m > [22mnormalizeTime[2m > 
[22medge cases[2m > [22mhandles midnight
[31m[1mAssertionError[22m: expected '09:00' to 
be '00:00' // Object.is equality[39m

Expected: [32m"0[7m0[27m:00"[39m
Received: [31m"0[7m9[27m:00"[39m

[36m [2mÔØ»[22m src/lib/utils/__tests__/TimeParse
r.test.ts:[2m282:47[22m[39m
    [90m280| [39m
    [90m281| [39m      [34mit[39m([32m'handles 
midnight'[39m[33m,[39m () [33m=>[39m {
    [90m282| [39m        [34mexpect[39m([33mTim
eParser[39m[33m.[39m[34mnormalizeTime[39m([32m
'0'[39m))[33m.[39m[34mtoBe[39m([32m'00:00'[39
m)[33m;[39m
    [90m   | [39m                                 
             [31m^[39m
    [90m283| [39m        [34mexpect[39m([33mTim
eParser[39m[33m.[39m[34mnormalizeTime[39m([32m
'00'[39m))[33m.[39m[34mtoBe[39m([32m'00:00'[3
9m)[33m;[39m
    [90m284| [39m        [34mexpect[39m([33mTim
eParser[39m[33m.[39m[34mnormalizeTime[39m([32m
'00:00'[39m))[33m.[39m[34mtoBe[39m([32m'00:00'
[39m)[33m;[39m

[31m[2mÔÄ»ÔÄ»ÔÄ»ÔÄ»ÔÄ»ÔÄ»ÔÄ»ÔÄ»ÔÄ»ÔÄ»ÔÄ»ÔÄ»ÔÄ»ÔÄ»Ô
Ä»ÔÄ»ÔÄ»ÔÄ»ÔÄ»ÔÄ»ÔÄ»ÔÄ»[16/23]ÔÄ»[22m[39m

[41m[1m FAIL [22m[49m 
src/lib/utils/__tests__/TimeParser.test.ts[2m > 
[22mTimeParser[2m > [22mnormalizeTime[2m > 
[22medge cases[2m > [22mhandles noon
[31m[1mAssertionError[22m: expected '09:00' to 
be '12:00' // Object.is equality[39m

Expected: [32m"[7m12[27m:00"[39m
Received: [31m"[7m09[27m:00"[39m

[36m [2mÔØ»[22m src/lib/utils/__tests__/TimeParse
r.test.ts:[2m288:48[22m[39m
    [90m286| [39m
    [90m287| [39m      [34mit[39m([32m'handles 
noon'[39m[33m,[39m () [33m=>[39m {
    [90m288| [39m        [34mexpect[39m([33mTim
eParser[39m[33m.[39m[34mnormalizeTime[39m([32m
'12'[39m))[33m.[39m[34mtoBe[39m([32m'12:00'[3
9m)[33m;[39m
    [90m   | [39m                                 
              [31m^[39m
    [90m289| [39m        [34mexpect[39m([33mTim
eParser[39m[33m.[39m[34mnormalizeTime[39m([32m
'12:00'[39m))[33m.[39m[34mtoBe[39m([32m'12:00'
[39m)[33m;[39m
    [90m290| [39m      })[33m;[39m

[31m[2mÔÄ»ÔÄ»ÔÄ»ÔÄ»ÔÄ»ÔÄ»ÔÄ»ÔÄ»ÔÄ»ÔÄ»ÔÄ»ÔÄ»ÔÄ»ÔÄ»Ô
Ä»ÔÄ»ÔÄ»ÔÄ»ÔÄ»ÔÄ»ÔÄ»ÔÄ»[17/23]ÔÄ»[22m[39m

[41m[1m FAIL [22m[49m 
src/lib/utils/__tests__/TimeParser.test.ts[2m > 
[22mTimeParser[2m > [22mparseDatetime[2m > 
[22mcombines date and time correctly
[31m[1mAssertionError[22m: expected 9 to be 14 
// Object.is equality[39m

[32m- Expected[39m
[31m+ Received[39m

[32m- 14[39m
[31m+ 9[39m

[36m [2mÔØ»[22m src/lib/utils/__tests__/TimeParse
r.test.ts:[2m317:47[22m[39m
    [90m315| [39m
    [90m316| [39m      [90m// Verify time 
components (hour and minute)[39m
    [90m317| [39m      [34mexpect[39m(result[33
m.[39mdepartureTime[33m.[39m[34mgetHours[39m())
[33m.[39m[34mtoBe[39m([34m14[39m)[33m;[39m
    [90m   | [39m                                 
             [31m^[39m
    [90m318| [39m      [34mexpect[39m(result[33
m.[39mdepartureTime[33m.[39m[34mgetMinutes[39m(
))[33m.[39m[34mtoBe[39m([34m30[39m)[33m;[39m
    [90m319| [39m    })[33m;[39m

[31m[2mÔÄ»ÔÄ»ÔÄ»ÔÄ»ÔÄ»ÔÄ»ÔÄ»ÔÄ»ÔÄ»ÔÄ»ÔÄ»ÔÄ»ÔÄ»ÔÄ»Ô
Ä»ÔÄ»ÔÄ»ÔÄ»ÔÄ»ÔÄ»ÔÄ»ÔÄ»[18/23]ÔÄ»[22m[39m

[41m[1m FAIL [22m[49m 
src/lib/utils/__tests__/TimeParser.test.ts[2m > 
[22mTimeParser[2m > [22mparseDatetime[2m > 
[22mhandles relative date with time
[31m[1mAssertionError[22m: expected +0 to be 30 
// Object.is equality[39m

[32m- Expected[39m
[31m+ Received[39m

[32m- 30[39m
[31m+ 0[39m

[36m [2mÔØ»[22m src/lib/utils/__tests__/TimeParse
r.test.ts:[2m332:49[22m[39m
    [90m330| [39m      [90m// Verify time 
components[39m
    [90m331| [39m      [34mexpect[39m(result[33
m.[39mdepartureTime[33m.[39m[34mgetHours[39m())
[33m.[39m[34mtoBe[39m([34m9[39m)[33m;[39m
    [90m332| [39m      [34mexpect[39m(result[33
m.[39mdepartureTime[33m.[39m[34mgetMinutes[39m(
))[33m.[39m[34mtoBe[39m([34m30[39m)[33m;[39m
    [90m   | [39m                                 
               [31m^[39m
    [90m333| [39m    })[33m;[39m
    [90m334| [39m

[31m[2mÔÄ»ÔÄ»ÔÄ»ÔÄ»ÔÄ»ÔÄ»ÔÄ»ÔÄ»ÔÄ»ÔÄ»ÔÄ»ÔÄ»ÔÄ»ÔÄ»Ô
Ä»ÔÄ»ÔÄ»ÔÄ»ÔÄ»ÔÄ»ÔÄ»ÔÄ»[19/23]ÔÄ»[22m[39m

[41m[1m FAIL [22m[49m 
src/lib/utils/__tests__/TimeParser.test.ts[2m > 
[22mTimeParser[2m > [22mparseDatetime[2m > 
[22muses current date when date is not provided
[31m[1mAssertionError[22m: expected 9 to be 14 
// Object.is equality[39m

[32m- Expected[39m
[31m+ Received[39m

[32m- 14[39m
[31m+ 9[39m

[36m [2mÔØ»[22m src/lib/utils/__tests__/TimeParse
r.test.ts:[2m351:47[22m[39m
    [90m349| [39m      )[33m;[39m
    [90m350| [39m
    [90m351| [39m      [34mexpect[39m(result[33
m.[39mdepartureTime[33m.[39m[34mgetHours[39m())
[33m.[39m[34mtoBe[39m([34m14[39m)[33m;[39m
    [90m   | [39m                                 
             [31m^[39m
    [90m352| [39m      [34mexpect[39m(result[33
m.[39mdepartureTime[33m.[39m[34mgetMinutes[39m(
))[33m.[39m[34mtoBe[39m([34m30[39m)[33m;[39m
    [90m353| [39m    })[33m;[39m

[31m[2mÔÄ»ÔÄ»ÔÄ»ÔÄ»ÔÄ»ÔÄ»ÔÄ»ÔÄ»ÔÄ»ÔÄ»ÔÄ»ÔÄ»ÔÄ»ÔÄ»Ô
Ä»ÔÄ»ÔÄ»ÔÄ»ÔÄ»ÔÄ»ÔÄ»ÔÄ»[20/23]ÔÄ»[22m[39m

[41m[1m FAIL [22m[49m 
src/lib/utils/__tests__/TimeParser.test.ts[2m > 
[22mTimeParser[2m > [22mparseDatetime[2m > 
[22mhandles multilingual date with AM/PM time
[31m[1mAssertionError[22m: expected 9 to be 14 
// Object.is equality[39m

[32m- Expected[39m
[31m+ Received[39m

[32m- 14[39m
[31m+ 9[39m

[36m [2mÔØ»[22m src/lib/utils/__tests__/TimeParse
r.test.ts:[2m375:47[22m[39m
    [90m373| [39m      )[33m;[39m
    [90m374| [39m
    [90m375| [39m      [34mexpect[39m(result[33
m.[39mdepartureTime[33m.[39m[34mgetHours[39m())
[33m.[39m[34mtoBe[39m([34m14[39m)[33m;[39m
    [90m   | [39m                                 
             [31m^[39m
    [90m376| [39m      [34mexpect[39m(result[33
m.[39mdepartureTime[33m.[39m[34mgetMinutes[39m(
))[33m.[39m[34mtoBe[39m([34m30[39m)[33m;[39m
    [90m377| [39m    })[33m;[39m

[31m[2mÔÄ»ÔÄ»ÔÄ»ÔÄ»ÔÄ»ÔÄ»ÔÄ»ÔÄ»ÔÄ»ÔÄ»ÔÄ»ÔÄ»ÔÄ»ÔÄ»Ô
Ä»ÔÄ»ÔÄ»ÔÄ»ÔÄ»ÔÄ»ÔÄ»ÔÄ»[21/23]ÔÄ»[22m[39m

[41m[1m FAIL [22m[49m 
src/lib/utils/__tests__/TimeParser.test.ts[2m > 
[22mTimeParser[2m > [22mparseDatetime[2m > 
[22mreturns current time for invalid inputs
[31m[1mAssertionError[22m: expected 
'2024-01-15T00:00:00.000Z' to be 
'2024-01-15T12:00:00.000Z' // Object.is 
equality[39m

Expected: 
[32m"2024-01-15T[7m12[27m:00:00.000Z"[39m
Received: 
[31m"2024-01-15T[7m00[27m:00:00.000Z"[39m


[2m Test Files [22m [1m[31m1 failed[39m[22m[90m (1)[39m
[2m      Tests [22m [1m[31m23 failed[39m[22m[2m | [22m[1m[32m32 passed[39m[22m[90m (55)[39m
[2m   Start at [22m 15:43:52
[2m   Duration [22m 195ms

[1m[41m FAIL [49m[22m [31mTests failed. Watching for file changes...[39m
       [2mpress [22m[1mh[22m[2m to show help[22m[2m, [22m[2mpress [22m[1mq[22m[2m to quit[22m
[36m [2mÔØ»[22m src/lib/utils/__tests__/TimeParse
r.test.ts:[2m383:41[22m[39m
    [90m381| [39m
    [90m382| [39m      [35mconst[39m now 
[33m=[39m [35mnew[39m [33mDate[39m([32m'2024-
01-15T12:00:00Z'[39m)[33m;[39m
    [90m383| [39m      [34mexpect[39m(result[33
m.[39mdate[33m.[39m[34mtoISOString[39m())[33m.
[39m[34mtoBe[39m(now[33m.[39m[34mtoISOString[
39m())[33m;[39m
    [90m   | [39m                                 
       [31m^[39m
    [90m384| [39m      expect(result.departureTime
.toISOString()).toBe(now.toISOString(ÔÇª
    [90m385| [39m    })[33m;[39m

[31m[2mÔÄ»ÔÄ»ÔÄ»ÔÄ»ÔÄ»ÔÄ»ÔÄ»ÔÄ»ÔÄ»ÔÄ»ÔÄ»ÔÄ»ÔÄ»ÔÄ»Ô
Ä»ÔÄ»ÔÄ»ÔÄ»ÔÄ»ÔÄ»ÔÄ»ÔÄ»[22/23]ÔÄ»[22m[39m

[41m[1m FAIL [22m[49m 
src/lib/utils/__tests__/TimeParser.test.ts[2m > 
[22mTimeParser[2m > [22mparseDatetime[2m > 
[22mpreserves date-only format in date field
[31m[1mAssertionError[22m: expected 9 to be 14 
// Object.is equality[39m

[32m- Expected[39m
[31m+ Received[39m

[32m- 14[39m
[31m+ 9[39m

[36m [2mÔØ»[22m src/lib/utils/__tests__/TimeParse
r.test.ts:[2m397:47[22m[39m
    [90m395| [39m        [32m'2024-03-20'[39m
    [90m396| [39m      )[33m;[39m
    [90m397| [39m      [34mexpect[39m(result[33
m.[39mdepartureTime[33m.[39m[34mgetHours[39m())
[33m.[39m[34mtoBe[39m([34m14[39m)[33m;[39m
    [90m   | [39m                                 
             [31m^[39m
    [90m398| [39m      [34mexpect[39m(result[33
m.[39mdepartureTime[33m.[39m[34mgetMinutes[39m(
))[33m.[39m[34mtoBe[39m([34m30[39m)[33m;[39m
    [90m399| [39m    })[33m;[39m

[31m[2mÔÄ»ÔÄ»ÔÄ»ÔÄ»ÔÄ»ÔÄ»ÔÄ»ÔÄ»ÔÄ»ÔÄ»ÔÄ»ÔÄ»ÔÄ»ÔÄ»Ô
Ä»ÔÄ»ÔÄ»ÔÄ»ÔÄ»ÔÄ»ÔÄ»ÔÄ»[23/23]ÔÄ»[22m[39m

c[3J[1m[44m RERUN [49m[22m [34m[2msbb-chat-mcp/package.json [22m[34mx3 [34m[39m
       [2m Filename pattern: [22m[34msrc/lib/utils/__tests__/TimeParser.test.ts[39m

 [31mÔØ»[39m src/lib/utils/__tests__/TimeParser.test.ts [2m([22m[2m55 tests[22m[2m | [22m[31m23 failed[39m[2m)[22m[32m 43[2mms[22m[39m
         [32mÔ£ô[39m parses "today"[32m 1[2mms[22m[39m
         [32mÔ£ô[39m parses "tomorrow"[32m 0[2mms[22m[39m
         [32mÔ£ô[39m parses "yesterday"[32m 0[2mms[22m[39m
         [32mÔ£ô[39m parses "heute"[32m 0[2mms[22m[39m
         [32mÔ£ô[39m parses "morgen"[32m 0[2mms[22m[39m
         [32mÔ£ô[39m parses "gestern"[32m 0[2mms[22m[39m
         [32mÔ£ô[39m parses "aujourd'hui"[32m 0[2mms[22m[39m
         [32mÔ£ô[39m parses "demain"[32m 0[2mms[22m[39m
         [32mÔ£ô[39m parses "hier"[32m 1[2mms[22m[39m
         [32mÔ£ô[39m parses "oggi"[32m 0[2mms[22m[39m
         [32mÔ£ô[39m parses "domani"[32m 0[2mms[22m[39m
         [32mÔ£ô[39m parses "ieri"[32m 0[2mms[22m[39m
         [32mÔ£ô[39m parses ISO date string[32m 0[2mms[22m[39m
         [32mÔ£ô[39m parses ISO datetime string[32m 0[2mms[22m[39m
         [32mÔ£ô[39m parses "this weekend" in English (from Monday)[32m 0[2mms[22m[39m
         [32mÔ£ô[39m parses "weekend" in English[32m 0[2mms[22m[39m
         [32mÔ£ô[39m parses "dieses wochenende" in German[32m 0[2mms[22m[39m
         [32mÔ£ô[39m parses "wochenende" in German[32m 0[2mms[22m[39m
         [32mÔ£ô[39m parses "ce week-end" in French[32m 0[2mms[22m[39m
         [32mÔ£ô[39m parses "week-end" in French[32m 0[2mms[22m[39m
         [32mÔ£ô[39m parses "questo fine settimana" in Italian[32m 0[2mms[22m[39m
         [32mÔ£ô[39m parses "fine settimana" in Italian[32m 0[2mms[22m[39m
         [32mÔ£ô[39m returns next Saturday when called on Saturday[32m 0[2mms[22m[39m
         [32mÔ£ô[39m returns next Saturday when called on Sunday[32m 0[2mms[22m[39m
         [32mÔ£ô[39m is case-insensitive[32m 0[2mms[22m[39m
         [32mÔ£ô[39m trims whitespace[32m 0[2mms[22m[39m
         [32mÔ£ô[39m returns base date for invalid input[32m 0[2mms[22m[39m
         [32mÔ£ô[39m uses current date when baseDate is not provided[32m 0[2mms[22m[39m
         [32mÔ£ô[39m converts "9am" to "09:00"[32m 0[2mms[22m[39m
[31m         [31m├ù[31m converts "2pm" to "14:00"[39m[32m 8[2mms[22m[39m
[31m         [31m├ù[31m converts "12am" to "00:00"[39m[32m 1[2mms[22m[39m
[31m         [31m├ù[31m converts "12pm" to "12:00"[39m[32m 1[2mms[22m[39m
[31m         [31m├ù[31m handles uppercase AM/PM[39m[32m 1[2mms[22m[39m
[31m         [31m├ù[31m converts "9:30am" to "09:30"[39m[32m 0[2mms[22m[39m
[31m         [31m├ù[31m converts "2:45pm" to "14:45"[39m[32m 1[2mms[22m[39m
[31m         [31m├ù[31m converts "12:30am" to "00:30"[39m[32m 1[2mms[22m[39m
[31m         [31m├ù[31m converts "12:30pm" to "12:30"[39m[32m 0[2mms[22m[39m
[31m         [31m├ù[31m handles spaces before AM/PM[39m[32m 1[2mms[22m[39m
[31m         [31m├ù[31m handles single digit hour[39m[32m 1[2mms[22m[39m
[31m         [31m├ù[31m handles double digit hour[39m[32m 1[2mms[22m[39m
[31m         [31m├ù[31m handles time without leading zero[39m[32m 1[2mms[22m[39m
[31m         [31m├ù[31m handles time with leading zero[39m[32m 1[2mms[22m[39m
[31m         [31m├ù[31m handles time with seconds[39m[32m 1[2mms[22m[39m
[31m         [31m├ù[31m trims whitespace[39m[32m 1[2mms[22m[39m
         [32mÔ£ô[39m returns default for invalid input[32m 0[2mms[22m[39m
[31m         [31m├ù[31m handles midnight[39m[32m 1[2mms[22m[39m
[31m         [31m├ù[31m handles noon[39m[32m 1[2mms[22m[39m
[31m       [31m├ù[31m combines date and time correctly[39m[32m 5[2mms[22m[39m
[31m       [31m├ù[31m handles relative date with time[39m[32m 1[2mms[22m[39m
       [32mÔ£ô[39m uses default time when time is not provided[32m 1[2mms[22m[39m
[31m       [31m├ù[31m uses current date when date is not provided[39m[32m 1[2mms[22m[39m
       [32mÔ£ô[39m uses defaults when both are not provided[32m 1[2mms[22m[39m
[31m       [31m├ù[31m handles multilingual date with AM/PM time[39m[32m 1[2mms[22m[39m
[31m       [31m├ù[31m returns current time for invalid inputs[39m[32m 1[2mms[22m[39m
[31m       [31m├ù[31m preserves date-only format in date field[39m[32m 1[2mms[22m[39m

[31mÔÄ»ÔÄ»ÔÄ»ÔÄ»ÔÄ»ÔÄ»[39m[1m[41m Failed Tests 
23 [49m[22m[31mÔÄ»ÔÄ»ÔÄ»ÔÄ»ÔÄ»ÔÄ»ÔÄ»[39m

[41m[1m FAIL [22m[49m 
src/lib/utils/__tests__/TimeParser.test.ts[2m > 
[22mTimeParser[2m > [22mnormalizeTime[2m > 
[22mAM/PM format without minutes[2m > 
[22mconverts "2pm" to "14:00"
[31m[1mAssertionError[22m: expected '09:00' to 
be '14:00' // Object.is equality[39m

Expected: [32m"[7m14[27m:00"[39m
Received: [31m"[7m09[27m:00"[39m

[36m [2mÔØ»[22m src/lib/utils/__tests__/TimeParse
r.test.ts:[2m203:49[22m[39m
    [90m201| [39m
    [90m202| [39m      
[34mit[39m([32m'converts "2pm" to 
"14:00"'[39m[33m,[39m () [33m=>[39m {
    [90m203| [39m        [34mexpect[39m([33mTim
eParser[39m[33m.[39m[34mnormalizeTime[39m([32m
'2pm'[39m))[33m.[39m[34mtoBe[39m([32m'14:00'[
39m)[33m;[39m
    [90m   | [39m                                 
               [31m^[39m
    [90m204| [39m      })[33m;[39m
    [90m205| [39m

[31m[2mÔÄ»ÔÄ»ÔÄ»ÔÄ»ÔÄ»ÔÄ»ÔÄ»ÔÄ»ÔÄ»ÔÄ»ÔÄ»ÔÄ»ÔÄ»ÔÄ»Ô
Ä»ÔÄ»ÔÄ»ÔÄ»ÔÄ»ÔÄ»ÔÄ»ÔÄ»ÔÄ»[1/23]ÔÄ»[22m[39m

[41m[1m FAIL [22m[49m 
src/lib/utils/__tests__/TimeParser.test.ts[2m > 
[22mTimeParser[2m > [22mnormalizeTime[2m > 
[22mAM/PM format without minutes[2m > 
[22mconverts "12am" to "00:00"
[31m[1mAssertionError[22m: expected '09:00' to 
be '00:00' // Object.is equality[39m

Expected: [32m"0[7m0[27m:00"[39m
Received: [31m"0[7m9[27m:00"[39m

[36m [2mÔØ»[22m src/lib/utils/__tests__/TimeParse
r.test.ts:[2m207:50[22m[39m
    [90m205| [39m
    [90m206| [39m      
[34mit[39m([32m'converts "12am" to 
"00:00"'[39m[33m,[39m () [33m=>[39m {
    [90m207| [39m        [34mexpect[39m([33mTim
eParser[39m[33m.[39m[34mnormalizeTime[39m([32m
'12am'[39m))[33m.[39m[34mtoBe[39m([32m'00:00'
[39m)[33m;[39m
    [90m   | [39m                                 
                [31m^[39m
    [90m208| [39m      })[33m;[39m
    [90m209| [39m

[31m[2mÔÄ»ÔÄ»ÔÄ»ÔÄ»ÔÄ»ÔÄ»ÔÄ»ÔÄ»ÔÄ»ÔÄ»ÔÄ»ÔÄ»ÔÄ»ÔÄ»Ô
Ä»ÔÄ»ÔÄ»ÔÄ»ÔÄ»ÔÄ»ÔÄ»ÔÄ»ÔÄ»[2/23]ÔÄ»[22m[39m

[41m[1m FAIL [22m[49m 
src/lib/utils/__tests__/TimeParser.test.ts[2m > 
[22mTimeParser[2m > [22mnormalizeTime[2m > 
[22mAM/PM format without minutes[2m > 
[22mconverts "12pm" to "12:00"
[31m[1mAssertionError[22m: expected '09:00' to 
be '12:00' // Object.is equality[39m

Expected: [32m"[7m12[27m:00"[39m
Received: [31m"[7m09[27m:00"[39m

[36m [2mÔØ»[22m src/lib/utils/__tests__/TimeParse
r.test.ts:[2m211:50[22m[39m
    [90m209| [39m
    [90m210| [39m      
[34mit[39m([32m'converts "12pm" to 
"12:00"'[39m[33m,[39m () [33m=>[39m {
    [90m211| [39m        [34mexpect[39m([33mTim
eParser[39m[33m.[39m[34mnormalizeTime[39m([32m
'12pm'[39m))[33m.[39m[34mtoBe[39m([32m'12:00'
[39m)[33m;[39m
    [90m   | [39m                                 
                [31m^[39m
    [90m212| [39m      })[33m;[39m
    [90m213| [39m

[31m[2mÔÄ»ÔÄ»ÔÄ»ÔÄ»ÔÄ»ÔÄ»ÔÄ»ÔÄ»ÔÄ»ÔÄ»ÔÄ»ÔÄ»ÔÄ»ÔÄ»Ô
Ä»ÔÄ»ÔÄ»ÔÄ»ÔÄ»ÔÄ»ÔÄ»ÔÄ»ÔÄ»[3/23]ÔÄ»[22m[39m

[41m[1m FAIL [22m[49m 
src/lib/utils/__tests__/TimeParser.test.ts[2m > 
[22mTimeParser[2m > [22mnormalizeTime[2m > 
[22mAM/PM format without minutes[2m > 
[22mhandles uppercase AM/PM
[31m[1mAssertionError[22m: expected '09:00' to 
be '14:00' // Object.is equality[39m

Expected: [32m"[7m14[27m:00"[39m
Received: [31m"[7m09[27m:00"[39m

[36m [2mÔØ»[22m src/lib/utils/__tests__/TimeParse
r.test.ts:[2m216:49[22m[39m
    [90m214| [39m      [34mit[39m([32m'handles 
uppercase AM/PM'[39m[33m,[39m () [33m=>[39m {
    [90m215| [39m        [34mexpect[39m([33mTim
eParser[39m[33m.[39m[34mnormalizeTime[39m([32m
'9AM'[39m))[33m.[39m[34mtoBe[39m([32m'09:00'[
39m)[33m;[39m
    [90m216| [39m        [34mexpect[39m([33mTim
eParser[39m[33m.[39m[34mnormalizeTime[39m([32m
'2PM'[39m))[33m.[39m[34mtoBe[39m([32m'14:00'[
39m)[33m;[39m
    [90m   | [39m                                 
               [31m^[39m
    [90m217| [39m      })[33m;[39m
    [90m218| [39m    })[33m;[39m

[31m[2mÔÄ»ÔÄ»ÔÄ»ÔÄ»ÔÄ»ÔÄ»ÔÄ»ÔÄ»ÔÄ»ÔÄ»ÔÄ»ÔÄ»ÔÄ»ÔÄ»Ô
Ä»ÔÄ»ÔÄ»ÔÄ»ÔÄ»ÔÄ»ÔÄ»ÔÄ»ÔÄ»[4/23]ÔÄ»[22m[39m

[41m[1m FAIL [22m[49m 
src/lib/utils/__tests__/TimeParser.test.ts[2m > 
[22mTimeParser[2m > [22mnormalizeTime[2m > 
[22mAM/PM format with minutes[2m > [22mconverts 
"9:30am" to "09:30"
[31m[1mAssertionError[22m: expected '09:00' to 
be '09:30' // Object.is equality[39m

Expected: [32m"09:[7m3[27m0"[39m
Received: [31m"09:[7m0[27m0"[39m

[36m [2mÔØ»[22m src/lib/utils/__tests__/TimeParse
r.test.ts:[2m222:52[22m[39m
    [90m220| [39m    
[34mdescribe[39m([32m'AM/PM format with 
minutes'[39m[33m,[39m () [33m=>[39m {
    [90m221| [39m      
[34mit[39m([32m'converts "9:30am" to 
"09:30"'[39m[33m,[39m () [33m=>[39m {
    [90m222| [39m        [34mexpect[39m([33mTim
eParser[39m[33m.[39m[34mnormalizeTime[39m([32m
'9:30am'[39m))[33m.[39m[34mtoBe[39m([32m'09:30
'[39m)[33m;[39m
    [90m   | [39m                                 
                  [31m^[39m
    [90m223| [39m      })[33m;[39m
    [90m224| [39m

[31m[2mÔÄ»ÔÄ»ÔÄ»ÔÄ»ÔÄ»ÔÄ»ÔÄ»ÔÄ»ÔÄ»ÔÄ»ÔÄ»ÔÄ»ÔÄ»ÔÄ»Ô
Ä»ÔÄ»ÔÄ»ÔÄ»ÔÄ»ÔÄ»ÔÄ»ÔÄ»ÔÄ»[5/23]ÔÄ»[22m[39m

[41m[1m FAIL [22m[49m 
src/lib/utils/__tests__/TimeParser.test.ts[2m > 
[22mTimeParser[2m > [22mnormalizeTime[2m > 
[22mAM/PM format with minutes[2m > [22mconverts 
"2:45pm" to "14:45"
[31m[1mAssertionError[22m: expected '09:00' to 
be '14:45' // Object.is equality[39m

Expected: [32m"14:45"[39m
Received: [31m"09:00"[39m

[36m [2mÔØ»[22m src/lib/utils/__tests__/TimeParse
r.test.ts:[2m226:52[22m[39m
    [90m224| [39m
    [90m225| [39m      
[34mit[39m([32m'converts "2:45pm" to 
"14:45"'[39m[33m,[39m () [33m=>[39m {
    [90m226| [39m        [34mexpect[39m([33mTim
eParser[39m[33m.[39m[34mnormalizeTime[39m([32m
'2:45pm'[39m))[33m.[39m[34mtoBe[39m([32m'14:45
'[39m)[33m;[39m
    [90m   | [39m                                 
                  [31m^[39m
    [90m227| [39m      })[33m;[39m
    [90m228| [39m

[31m[2mÔÄ»ÔÄ»ÔÄ»ÔÄ»ÔÄ»ÔÄ»ÔÄ»ÔÄ»ÔÄ»ÔÄ»ÔÄ»ÔÄ»ÔÄ»ÔÄ»Ô
Ä»ÔÄ»ÔÄ»ÔÄ»ÔÄ»ÔÄ»ÔÄ»ÔÄ»ÔÄ»[6/23]ÔÄ»[22m[39m

[41m[1m FAIL [22m[49m 
src/lib/utils/__tests__/TimeParser.test.ts[2m > 
[22mTimeParser[2m > [22mnormalizeTime[2m > 
[22mAM/PM format with minutes[2m > [22mconverts 
"12:30am" to "00:30"
[31m[1mAssertionError[22m: expected '09:00' to 
be '00:30' // Object.is equality[39m

Expected: [32m"0[7m0:3[27m0"[39m
Received: [31m"0[7m9:0[27m0"[39m

[36m [2mÔØ»[22m src/lib/utils/__tests__/TimeParse
r.test.ts:[2m230:53[22m[39m
    [90m228| [39m
    [90m229| [39m      
[34mit[39m([32m'converts "12:30am" to 
"00:30"'[39m[33m,[39m () [33m=>[39m {
    [90m230| [39m        [34mexpect[39m([33mTim
eParser[39m[33m.[39m[34mnormalizeTime[39m([32m
'12:30am'[39m))[33m.[39m[34mtoBe[39m([32m'00:3
0'[39m)[33m;[39m
    [90m   | [39m                                 
                   [31m^[39m
    [90m231| [39m      })[33m;[39m
    [90m232| [39m

[31m[2mÔÄ»ÔÄ»ÔÄ»ÔÄ»ÔÄ»ÔÄ»ÔÄ»ÔÄ»ÔÄ»ÔÄ»ÔÄ»ÔÄ»ÔÄ»ÔÄ»Ô
Ä»ÔÄ»ÔÄ»ÔÄ»ÔÄ»ÔÄ»ÔÄ»ÔÄ»ÔÄ»[7/23]ÔÄ»[22m[39m

[41m[1m FAIL [22m[49m 
src/lib/utils/__tests__/TimeParser.test.ts[2m > 
[22mTimeParser[2m > [22mnormalizeTime[2m > 
[22mAM/PM format with minutes[2m > [22mconverts 
"12:30pm" to "12:30"
[31m[1mAssertionError[22m: expected '09:00' to 
be '12:30' // Object.is equality[39m

Expected: [32m"[7m12:3[27m0"[39m
Received: [31m"[7m09:0[27m0"[39m

[36m [2mÔØ»[22m src/lib/utils/__tests__/TimeParse
r.test.ts:[2m234:53[22m[39m
    [90m232| [39m
    [90m233| [39m      
[34mit[39m([32m'converts "12:30pm" to 
"12:30"'[39m[33m,[39m () [33m=>[39m {
    [90m234| [39m        [34mexpect[39m([33mTim
eParser[39m[33m.[39m[34mnormalizeTime[39m([32m
'12:30pm'[39m))[33m.[39m[34mtoBe[39m([32m'12:3
0'[39m)[33m;[39m
    [90m   | [39m                                 
                   [31m^[39m
    [90m235| [39m      })[33m;[39m
    [90m236| [39m

[31m[2mÔÄ»ÔÄ»ÔÄ»ÔÄ»ÔÄ»ÔÄ»ÔÄ»ÔÄ»ÔÄ»ÔÄ»ÔÄ»ÔÄ»ÔÄ»ÔÄ»Ô
Ä»ÔÄ»ÔÄ»ÔÄ»ÔÄ»ÔÄ»ÔÄ»ÔÄ»ÔÄ»[8/23]ÔÄ»[22m[39m

[41m[1m FAIL [22m[49m 
src/lib/utils/__tests__/TimeParser.test.ts[2m > 
[22mTimeParser[2m > [22mnormalizeTime[2m > 
[22mAM/PM format with minutes[2m > [22mhandles 
spaces before AM/PM
[31m[1mAssertionError[22m: expected '09:00' to 
be '09:30' // Object.is equality[39m

Expected: [32m"09:[7m3[27m0"[39m
Received: [31m"09:[7m0[27m0"[39m

[36m [2mÔØ»[22m src/lib/utils/__tests__/TimeParse
r.test.ts:[2m238:53[22m[39m
    [90m236| [39m
    [90m237| [39m      [34mit[39m([32m'handles 
spaces before AM/PM'[39m[33m,[39m () 
[33m=>[39m {
    [90m238| [39m        [34mexpect[39m([33mTim
eParser[39m[33m.[39m[34mnormalizeTime[39m([32m
'9:30 am'[39m))[33m.[39m[34mtoBe[39m([32m'09:3
0'[39m)[33m;[39m
    [90m   | [39m                                 
                   [31m^[39m
    [90m239| [39m        [34mexpect[39m([33mTim
eParser[39m[33m.[39m[34mnormalizeTime[39m([32m
'2:45 PM'[39m))[33m.[39m[34mtoBe[39m([32m'14:4
5'[39m)[33m;[39m
    [90m240| [39m      })[33m;[39m

[31m[2mÔÄ»ÔÄ»ÔÄ»ÔÄ»ÔÄ»ÔÄ»ÔÄ»ÔÄ»ÔÄ»ÔÄ»ÔÄ»ÔÄ»ÔÄ»ÔÄ»Ô
Ä»ÔÄ»ÔÄ»ÔÄ»ÔÄ»ÔÄ»ÔÄ»ÔÄ»ÔÄ»[9/23]ÔÄ»[22m[39m

[41m[1m FAIL [22m[49m 
src/lib/utils/__tests__/TimeParser.test.ts[2m > 
[22mTimeParser[2m > [22mnormalizeTime[2m > 
[22m24-hour format[2m > [22mhandles single digit 
hour
[31m[1mAssertionError[22m: expected '09:00' to 
be '07:00' // Object.is equality[39m

Expected: [32m"0[7m7[27m:00"[39m
Received: [31m"0[7m9[27m:00"[39m

[36m [2mÔØ»[22m src/lib/utils/__tests__/TimeParse
r.test.ts:[2m245:47[22m[39m
    [90m243| [39m    
[34mdescribe[39m([32m'24-hour 
format'[39m[33m,[39m () [33m=>[39m {
    [90m244| [39m      [34mit[39m([32m'handles 
single digit hour'[39m[33m,[39m () [33m=>[39m {
    [90m245| [39m        [34mexpect[39m([33mTim
eParser[39m[33m.[39m[34mnormalizeTime[39m([32m
'7'[39m))[33m.[39m[34mtoBe[39m([32m'07:00'[39
m)[33m;[39m
    [90m   | [39m                                 
             [31m^[39m
    [90m246| [39m        [34mexpect[39m([33mTim
eParser[39m[33m.[39m[34mnormalizeTime[39m([32m
'9'[39m))[33m.[39m[34mtoBe[39m([32m'09:00'[39
m)[33m;[39m
    [90m247| [39m      })[33m;[39m

[31m[2mÔÄ»ÔÄ»ÔÄ»ÔÄ»ÔÄ»ÔÄ»ÔÄ»ÔÄ»ÔÄ»ÔÄ»ÔÄ»ÔÄ»ÔÄ»ÔÄ»Ô
Ä»ÔÄ»ÔÄ»ÔÄ»ÔÄ»ÔÄ»ÔÄ»ÔÄ»[10/23]ÔÄ»[22m[39m

[41m[1m FAIL [22m[49m 
src/lib/utils/__tests__/TimeParser.test.ts[2m > 
[22mTimeParser[2m > [22mnormalizeTime[2m > 
[22m24-hour format[2m > [22mhandles double digit 
hour
[31m[1mAssertionError[22m: expected '09:00' to 
be '14:00' // Object.is equality[39m

Expected: [32m"[7m14[27m:00"[39m
Received: [31m"[7m09[27m:00"[39m

[36m [2mÔØ»[22m src/lib/utils/__tests__/TimeParse
r.test.ts:[2m250:48[22m[39m
    [90m248| [39m
    [90m249| [39m      [34mit[39m([32m'handles 
double digit hour'[39m[33m,[39m () [33m=>[39m {
    [90m250| [39m        [34mexpect[39m([33mTim
eParser[39m[33m.[39m[34mnormalizeTime[39m([32m
'14'[39m))[33m.[39m[34mtoBe[39m([32m'14:00'[3
9m)[33m;[39m
    [90m   | [39m                                 
              [31m^[39m
    [90m251| [39m        [34mexpect[39m([33mTim
eParser[39m[33m.[39m[34mnormalizeTime[39m([32m
'23'[39m))[33m.[39m[34mtoBe[39m([32m'23:00'[3
9m)[33m;[39m
    [90m252| [39m      })[33m;[39m

[31m[2mÔÄ»ÔÄ»ÔÄ»ÔÄ»ÔÄ»ÔÄ»ÔÄ»ÔÄ»ÔÄ»ÔÄ»ÔÄ»ÔÄ»ÔÄ»ÔÄ»Ô
Ä»ÔÄ»ÔÄ»ÔÄ»ÔÄ»ÔÄ»ÔÄ»ÔÄ»[11/23]ÔÄ»[22m[39m

[41m[1m FAIL [22m[49m 
src/lib/utils/__tests__/TimeParser.test.ts[2m > 
[22mTimeParser[2m > [22mnormalizeTime[2m > 
[22m24-hour format[2m > [22mhandles time without 
leading zero
[31m[1mAssertionError[22m: expected '09:00' to 
be '07:30' // Object.is equality[39m

Expected: [32m"0[7m7:3[27m0"[39m
Received: [31m"0[7m9:0[27m0"[39m

[36m [2mÔØ»[22m src/lib/utils/__tests__/TimeParse
r.test.ts:[2m255:50[22m[39m
    [90m253| [39m
    [90m254| [39m      [34mit[39m([32m'handles 
time without leading zero'[39m[33m,[39m () 
[33m=>[39m {
    [90m255| [39m        [34mexpect[39m([33mTim
eParser[39m[33m.[39m[34mnormalizeTime[39m([32m
'7:30'[39m))[33m.[39m[34mtoBe[39m([32m'07:30'
[39m)[33m;[39m
    [90m   | [39m                                 
                [31m^[39m
    [90m256| [39m        [34mexpect[39m([33mTim
eParser[39m[33m.[39m[34mnormalizeTime[39m([32m
'9:45'[39m))[33m.[39m[34mtoBe[39m([32m'09:45'
[39m)[33m;[39m
    [90m257| [39m      })[33m;[39m

[31m[2mÔÄ»ÔÄ»ÔÄ»ÔÄ»ÔÄ»ÔÄ»ÔÄ»ÔÄ»ÔÄ»ÔÄ»ÔÄ»ÔÄ»ÔÄ»ÔÄ»Ô
Ä»ÔÄ»ÔÄ»ÔÄ»ÔÄ»ÔÄ»ÔÄ»ÔÄ»[12/23]ÔÄ»[22m[39m

[41m[1m FAIL [22m[49m 
src/lib/utils/__tests__/TimeParser.test.ts[2m > 
[22mTimeParser[2m > [22mnormalizeTime[2m > 
[22m24-hour format[2m > [22mhandles time with 
leading zero
[31m[1mAssertionError[22m: expected '09:00' to 
be '07:30' // Object.is equality[39m

Expected: [32m"0[7m7:3[27m0"[39m
Received: [31m"0[7m9:0[27m0"[39m

[36m [2mÔØ»[22m src/lib/utils/__tests__/TimeParse
r.test.ts:[2m260:51[22m[39m
    [90m258| [39m
    [90m259| [39m      [34mit[39m([32m'handles 
time with leading zero'[39m[33m,[39m () 
[33m=>[39m {
    [90m260| [39m        [34mexpect[39m([33mTim
eParser[39m[33m.[39m[34mnormalizeTime[39m([32m
'07:30'[39m))[33m.[39m[34mtoBe[39m([32m'07:30'
[39m)[33m;[39m
    [90m   | [39m                                 
                 [31m^[39m
    [90m261| [39m        [34mexpect[39m([33mTim
eParser[39m[33m.[39m[34mnormalizeTime[39m([32m
'14:45'[39m))[33m.[39m[34mtoBe[39m([32m'14:45'
[39m)[33m;[39m
    [90m262| [39m      })[33m;[39m

[31m[2mÔÄ»ÔÄ»ÔÄ»ÔÄ»ÔÄ»ÔÄ»ÔÄ»ÔÄ»ÔÄ»ÔÄ»ÔÄ»ÔÄ»ÔÄ»ÔÄ»Ô
Ä»ÔÄ»ÔÄ»ÔÄ»ÔÄ»ÔÄ»ÔÄ»ÔÄ»[13/23]ÔÄ»[22m[39m

[41m[1m FAIL [22m[49m 
src/lib/utils/__tests__/TimeParser.test.ts[2m > 
[22mTimeParser[2m > [22mnormalizeTime[2m > 
[22m24-hour format[2m > [22mhandles time with 
seconds
[31m[1mAssertionError[22m: expected '09:00' to 
be '14:30' // Object.is equality[39m

Expected: [32m"[7m14:3[27m0"[39m
Received: [31m"[7m09:0[27m0"[39m

[36m [2mÔØ»[22m src/lib/utils/__tests__/TimeParse
r.test.ts:[2m265:54[22m[39m
    [90m263| [39m
    [90m264| [39m      [34mit[39m([32m'handles 
time with seconds'[39m[33m,[39m () [33m=>[39m {
    [90m265| [39m        [34mexpect[39m([33mTim
eParser[39m[33m.[39m[34mnormalizeTime[39m([32m
'14:30:00'[39m))[33m.[39m[34mtoBe[39m([32m'14:
30'[39m)[33m;[39m
    [90m   | [39m                                 
                    [31m^[39m
    [90m266| [39m        [34mexpect[39m([33mTim
eParser[39m[33m.[39m[34mnormalizeTime[39m([32m
'09:15:30'[39m))[33m.[39m[34mtoBe[39m([32m'09:
15'[39m)[33m;[39m
    [90m267| [39m      })[33m;[39m

[31m[2mÔÄ»ÔÄ»ÔÄ»ÔÄ»ÔÄ»ÔÄ»ÔÄ»ÔÄ»ÔÄ»ÔÄ»ÔÄ»ÔÄ»ÔÄ»ÔÄ»Ô
Ä»ÔÄ»ÔÄ»ÔÄ»ÔÄ»ÔÄ»ÔÄ»ÔÄ»[14/23]ÔÄ»[22m[39m

[41m[1m FAIL [22m[49m 
src/lib/utils/__tests__/TimeParser.test.ts[2m > 
[22mTimeParser[2m > [22mnormalizeTime[2m > 
[22medge cases[2m > [22mtrims whitespace
[31m[1mAssertionError[22m: expected '09:00' to 
be '09:30' // Object.is equality[39m

Expected: [32m"09:[7m3[27m0"[39m
Received: [31m"09:[7m0[27m0"[39m

[36m [2mÔØ»[22m src/lib/utils/__tests__/TimeParse
r.test.ts:[2m272:56[22m[39m
    [90m270| [39m    
[34mdescribe[39m([32m'edge 
cases'[39m[33m,[39m () [33m=>[39m {
    [90m271| [39m      [34mit[39m([32m'trims 
whitespace'[39m[33m,[39m () [33m=>[39m {
    [90m272| [39m        [34mexpect[39m([33mTim
eParser[39m[33m.[39m[34mnormalizeTime[39m([32m
'  9:30am  '[39m))[33m.[39m[34mtoBe[39m([32m'0
9:30'[39m)[33m;[39m
    [90m   | [39m                                 
                      [31m^[39m
    [90m273| [39m        [34mexpect[39m([33mTim
eParser[39m[33m.[39m[34mnormalizeTime[39m([32m
'  14:30  '[39m))[33m.[39m[34mtoBe[39m([32m'14
:30'[39m)[33m;[39m
    [90m274| [39m      })[33m;[39m

[31m[2mÔÄ»ÔÄ»ÔÄ»ÔÄ»ÔÄ»ÔÄ»ÔÄ»ÔÄ»ÔÄ»ÔÄ»ÔÄ»ÔÄ»ÔÄ»ÔÄ»Ô
Ä»ÔÄ»ÔÄ»ÔÄ»ÔÄ»ÔÄ»ÔÄ»ÔÄ»[15/23]ÔÄ»[22m[39m

[41m[1m FAIL [22m[49m 
src/lib/utils/__tests__/TimeParser.test.ts[2m > 
[22mTimeParser[2m > [22mnormalizeTime[2m > 
[22medge cases[2m > [22mhandles midnight
[31m[1mAssertionError[22m: expected '09:00' to 
be '00:00' // Object.is equality[39m

Expected: [32m"0[7m0[27m:00"[39m
Received: [31m"0[7m9[27m:00"[39m

[36m [2mÔØ»[22m src/lib/utils/__tests__/TimeParse
r.test.ts:[2m282:47[22m[39m
    [90m280| [39m
    [90m281| [39m      [34mit[39m([32m'handles 
midnight'[39m[33m,[39m () [33m=>[39m {
    [90m282| [39m        [34mexpect[39m([33mTim
eParser[39m[33m.[39m[34mnormalizeTime[39m([32m
'0'[39m))[33m.[39m[34mtoBe[39m([32m'00:00'[39
m)[33m;[39m
    [90m   | [39m                                 
             [31m^[39m
    [90m283| [39m        [34mexpect[39m([33mTim
eParser[39m[33m.[39m[34mnormalizeTime[39m([32m
'00'[39m))[33m.[39m[34mtoBe[39m([32m'00:00'[3
9m)[33m;[39m
    [90m284| [39m        [34mexpect[39m([33mTim
eParser[39m[33m.[39m[34mnormalizeTime[39m([32m
'00:00'[39m))[33m.[39m[34mtoBe[39m([32m'00:00'
[39m)[33m;[39m

[31m[2mÔÄ»ÔÄ»ÔÄ»ÔÄ»ÔÄ»ÔÄ»ÔÄ»ÔÄ»ÔÄ»ÔÄ»ÔÄ»ÔÄ»ÔÄ»ÔÄ»Ô
Ä»ÔÄ»ÔÄ»ÔÄ»ÔÄ»ÔÄ»ÔÄ»ÔÄ»[16/23]ÔÄ»[22m[39m

[41m[1m FAIL [22m[49m 
src/lib/utils/__tests__/TimeParser.test.ts[2m > 
[22mTimeParser[2m > [22mnormalizeTime[2m > 
[22medge cases[2m > [22mhandles noon
[31m[1mAssertionError[22m: expected '09:00' to 
be '12:00' // Object.is equality[39m

Expected: [32m"[7m12[27m:00"[39m
Received: [31m"[7m09[27m:00"[39m

[36m [2mÔØ»[22m src/lib/utils/__tests__/TimeParse
r.test.ts:[2m288:48[22m[39m
    [90m286| [39m
    [90m287| [39m      [34mit[39m([32m'handles 
noon'[39m[33m,[39m () [33m=>[39m {
    [90m288| [39m        [34mexpect[39m([33mTim
eParser[39m[33m.[39m[34mnormalizeTime[39m([32m
'12'[39m))[33m.[39m[34mtoBe[39m([32m'12:00'[3
9m)[33m;[39m
    [90m   | [39m                                 
              [31m^[39m
    [90m289| [39m        [34mexpect[39m([33mTim
eParser[39m[33m.[39m[34mnormalizeTime[39m([32m
'12:00'[39m))[33m.[39m[34mtoBe[39m([32m'12:00'
[39m)[33m;[39m
    [90m290| [39m      })[33m;[39m

[31m[2mÔÄ»ÔÄ»ÔÄ»ÔÄ»ÔÄ»ÔÄ»ÔÄ»ÔÄ»ÔÄ»ÔÄ»ÔÄ»ÔÄ»ÔÄ»ÔÄ»Ô
Ä»ÔÄ»ÔÄ»ÔÄ»ÔÄ»ÔÄ»ÔÄ»ÔÄ»[17/23]ÔÄ»[22m[39m

[41m[1m FAIL [22m[49m 
src/lib/utils/__tests__/TimeParser.test.ts[2m > 
[22mTimeParser[2m > [22mparseDatetime[2m > 
[22mcombines date and time correctly
[31m[1mAssertionError[22m: expected 9 to be 14 
// Object.is equality[39m

[32m- Expected[39m
[31m+ Received[39m

[32m- 14[39m
[31m+ 9[39m

[36m [2mÔØ»[22m src/lib/utils/__tests__/TimeParse
r.test.ts:[2m317:47[22m[39m
    [90m315| [39m
    [90m316| [39m      [90m// Verify time 
components (hour and minute)[39m
    [90m317| [39m      [34mexpect[39m(result[33
m.[39mdepartureTime[33m.[39m[34mgetHours[39m())
[33m.[39m[34mtoBe[39m([34m14[39m)[33m;[39m
    [90m   | [39m                                 
             [31m^[39m
    [90m318| [39m      [34mexpect[39m(result[33
m.[39mdepartureTime[33m.[39m[34mgetMinutes[39m(
))[33m.[39m[34mtoBe[39m([34m30[39m)[33m;[39m
    [90m319| [39m    })[33m;[39m

[31m[2mÔÄ»ÔÄ»ÔÄ»ÔÄ»ÔÄ»ÔÄ»ÔÄ»ÔÄ»ÔÄ»ÔÄ»ÔÄ»ÔÄ»ÔÄ»ÔÄ»Ô
Ä»ÔÄ»ÔÄ»ÔÄ»ÔÄ»ÔÄ»ÔÄ»ÔÄ»[18/23]ÔÄ»[22m[39m

[41m[1m FAIL [22m[49m 
src/lib/utils/__tests__/TimeParser.test.ts[2m > 
[22mTimeParser[2m > [22mparseDatetime[2m > 
[22mhandles relative date with time
[31m[1mAssertionError[22m: expected +0 to be 30 
// Object.is equality[39m

[32m- Expected[39m
[31m+ Received[39m

[32m- 30[39m
[31m+ 0[39m

[36m [2mÔØ»[22m src/lib/utils/__tests__/TimeParse
r.test.ts:[2m332:49[22m[39m
    [90m330| [39m      [90m// Verify time 
components[39m
    [90m331| [39m      [34mexpect[39m(result[33
m.[39mdepartureTime[33m.[39m[34mgetHours[39m())
[33m.[39m[34mtoBe[39m([34m9[39m)[33m;[39m
    [90m332| [39m      [34mexpect[39m(result[33
m.[39mdepartureTime[33m.[39m[34mgetMinutes[39m(
))[33m.[39m[34mtoBe[39m([34m30[39m)[33m;[39m
    [90m   | [39m                                 
               [31m^[39m
    [90m333| [39m    })[33m;[39m
    [90m334| [39m

[31m[2mÔÄ»ÔÄ»ÔÄ»ÔÄ»ÔÄ»ÔÄ»ÔÄ»ÔÄ»ÔÄ»ÔÄ»ÔÄ»ÔÄ»ÔÄ»ÔÄ»Ô
Ä»ÔÄ»ÔÄ»ÔÄ»ÔÄ»ÔÄ»ÔÄ»ÔÄ»[19/23]ÔÄ»[22m[39m

[41m[1m FAIL [22m[49m 
src/lib/utils/__tests__/TimeParser.test.ts[2m > 
[22mTimeParser[2m > [22mparseDatetime[2m > 
[22muses current date when date is not provided
[31m[1mAssertionError[22m: expected 9 to be 14 
// Object.is equality[39m

[32m- Expected[39m
[31m+ Received[39m

[32m- 14[39m
[31m+ 9[39m

[36m [2mÔØ»[22m src/lib/utils/__tests__/TimeParse
r.test.ts:[2m351:47[22m[39m
    [90m349| [39m      )[33m;[39m
    [90m350| [39m
    [90m351| [39m      [34mexpect[39m(result[33
m.[39mdepartureTime[33m.[39m[34mgetHours[39m())
[33m.[39m[34mtoBe[39m([34m14[39m)[33m;[39m
    [90m   | [39m                                 
             [31m^[39m
    [90m352| [39m      [34mexpect[39m(result[33
m.[39mdepartureTime[33m.[39m[34mgetMinutes[39m(
))[33m.[39m[34mtoBe[39m([34m30[39m)[33m;[39m
    [90m353| [39m    })[33m;[39m

[31m[2mÔÄ»ÔÄ»ÔÄ»ÔÄ»ÔÄ»ÔÄ»ÔÄ»ÔÄ»ÔÄ»ÔÄ»ÔÄ»ÔÄ»ÔÄ»ÔÄ»Ô
Ä»ÔÄ»ÔÄ»ÔÄ»ÔÄ»ÔÄ»ÔÄ»ÔÄ»[20/23]ÔÄ»[22m[39m

[41m[1m FAIL [22m[49m 
src/lib/utils/__tests__/TimeParser.test.ts[2m > 
[22mTimeParser[2m > [22mparseDatetime[2m > 
[22mhandles multilingual date with AM/PM time
[31m[1mAssertionError[22m: expected 9 to be 14 
// Object.is equality[39m

[32m- Expected[39m
[31m+ Received[39m

[32m- 14[39m
[31m+ 9[39m

[36m [2mÔØ»[22m src/lib/utils/__tests__/TimeParse
r.test.ts:[2m375:47[22m[39m
    [90m373| [39m      )[33m;[39m
    [90m374| [39m
    [90m375| [39m      [34mexpect[39m(result[33
m.[39mdepartureTime[33m.[39m[34mgetHours[39m())
[33m.[39m[34mtoBe[39m([34m14[39m)[33m;[39m
    [90m   | [39m                                 
             [31m^[39m
    [90m376| [39m      [34mexpect[39m(result[33
m.[39mdepartureTime[33m.[39m[34mgetMinutes[39m(
))[33m.[39m[34mtoBe[39m([34m30[39m)[33m;[39m
    [90m377| [39m    })[33m;[39m

[31m[2mÔÄ»ÔÄ»ÔÄ»ÔÄ»ÔÄ»ÔÄ»ÔÄ»ÔÄ»ÔÄ»ÔÄ»ÔÄ»ÔÄ»ÔÄ»ÔÄ»Ô
Ä»ÔÄ»ÔÄ»ÔÄ»ÔÄ»ÔÄ»ÔÄ»ÔÄ»[21/23]ÔÄ»[22m[39m

[41m[1m FAIL [22m[49m 
src/lib/utils/__tests__/TimeParser.test.ts[2m > 
[22mTimeParser[2m > [22mparseDatetime[2m > 
[22mreturns current time for invalid inputs
[31m[1mAssertionError[22m: expected 
'2024-01-15T00:00:00.000Z' to be 
'2024-01-15T12:00:00.000Z' // Object.is 
equality[39m

Expected: 
[32m"2024-01-15T[7m12[27m:00:00.000Z"[39m
Received: 
[31m"2024-01-15T[7m00[27m:00:00.000Z"[39m

[36m [2mÔØ»[22m src/lib/utils/__tests__/TimeParse
r.test.ts:[2m383:41[22m[39m
    [90m381| [39m
    [90m382| [39m      [35mconst[39m now 
[33m=[39m [35mnew[39m [33mDate[39m([32m'2024-
01-15T12:00:00Z'[39m)[33m;[39m
    [90m383| [39m      [34mexpect[39m(result[33
m.[39mdate[33m.[39m[34mtoISOString[39m())[33m.
[39m[34mtoBe[39m(now[33m.[39m[34mtoISOString[
39m())[33m;[39m
    [90m   | [39m                                 
       [31m^[39m
    [90m384| [39m      expect(result.departureTime
.toISOString()).toBe(now.toISOString(ÔÇª
    [90m385| [39m    })[33m;[39m

[31m[2mÔÄ»ÔÄ»ÔÄ»ÔÄ»ÔÄ»ÔÄ»ÔÄ»ÔÄ»ÔÄ»ÔÄ»ÔÄ»ÔÄ»ÔÄ»ÔÄ»Ô
Ä»ÔÄ»ÔÄ»ÔÄ»ÔÄ»ÔÄ»ÔÄ»ÔÄ»[22/23]ÔÄ»[22m[39m

[41m[1m FAIL [22m[49m 
src/lib/utils/__tests__/TimeParser.test.ts[2m > 
[22mTimeParser[2m > [22mparseDatetime[2m > 
[22mpreserves date-only format in date field
[31m[1mAssertionError[22m: expected 9 to be 14 
// Object.is equality[39m

[32m- Expected[39m
[31m+ Received[39m

[32m- 14[39m
[31m+ 9[39m

[36m [2mÔØ»[22m src/lib/utils/__tests__/TimeParse
r.test.ts:[2m397:47[22m[39m
    [90m395| [39m        [32m'2024-03-20'[39m
    [90m396| [39m      )[33m;[39m
    [90m397| [39m      [34mexpect[39m(result[33
m.[39mdepartureTime[33m.[39m[34mgetHours[39m())
[33m.[39m[34mtoBe[39m([34m14[39m)[33m;[39m
    [90m   | [39m                                 
             [31m^[39m
    [90m398| [39m      [34mexpect[39m(result[33
m.[39mdepartureTime[33m.[39m[34mgetMinutes[39m(
))[33m.[39m[34mtoBe[39m([34m30[39m)[33m;[39m
    [90m399| [39m    })[33m;[39m

[31m[2mÔÄ»ÔÄ»ÔÄ»ÔÄ»ÔÄ»ÔÄ»ÔÄ»ÔÄ»ÔÄ»ÔÄ»ÔÄ»ÔÄ»ÔÄ»ÔÄ»Ô
Ä»ÔÄ»ÔÄ»ÔÄ»ÔÄ»ÔÄ»ÔÄ»ÔÄ»[23/23]ÔÄ»[22m[39m


[2m Test Files [22m [1m[31m1 failed[39m[22m[90m (1)[39m
[2m      Tests [22m [1m[31m23 failed[39m[22m[2m | [22m[1m[32m32 passed[39m[22m[90m (55)[39m
[2m   Start at [22m 17:00:13
[2m   Duration [22m 255ms

[1m[41m FAIL [49m[22m [31mTests failed. Watching for file changes...[39m
       [2mpress [22m[1mh[22m[2m to show help[22m[2m, [22m[2mpress [22m[1mq[22m[2m to quit[22m
c[3J[1m[44m RERUN [49m[22m [34m[2mpackage.json [22m[34mx4 [34m[39m
       [2m Filename pattern: [22m[34msrc/lib/utils/__tests__/TimeParser.test.ts[39m

 [31mÔØ»[39m src/lib/utils/__tests__/TimeParser.test.ts [2m([22m[2m55 tests[22m[2m | [22m[31m23 failed[39m[2m)[22m[32m 63[2mms[22m[39m
         [32mÔ£ô[39m parses "today"[32m 2[2mms[22m[39m
         [32mÔ£ô[39m parses "tomorrow"[32m 0[2mms[22m[39m
         [32mÔ£ô[39m parses "yesterday"[32m 0[2mms[22m[39m
         [32mÔ£ô[39m parses "heute"[32m 0[2mms[22m[39m
         [32mÔ£ô[39m parses "morgen"[32m 0[2mms[22m[39m
         [32mÔ£ô[39m parses "gestern"[32m 0[2mms[22m[39m
         [32mÔ£ô[39m parses "aujourd'hui"[32m 0[2mms[22m[39m
         [32mÔ£ô[39m parses "demain"[32m 0[2mms[22m[39m
         [32mÔ£ô[39m parses "hier"[32m 0[2mms[22m[39m
         [32mÔ£ô[39m parses "oggi"[32m 0[2mms[22m[39m
         [32mÔ£ô[39m parses "domani"[32m 0[2mms[22m[39m
         [32mÔ£ô[39m parses "ieri"[32m 0[2mms[22m[39m
         [32mÔ£ô[39m parses ISO date string[32m 0[2mms[22m[39m
         [32mÔ£ô[39m parses ISO datetime string[32m 0[2mms[22m[39m
         [32mÔ£ô[39m parses "this weekend" in English (from Monday)[32m 0[2mms[22m[39m
         [32mÔ£ô[39m parses "weekend" in English[32m 0[2mms[22m[39m
         [32mÔ£ô[39m parses "dieses wochenende" in German[32m 0[2mms[22m[39m
         [32mÔ£ô[39m parses "wochenende" in German[32m 0[2mms[22m[39m
         [32mÔ£ô[39m parses "ce week-end" in French[32m 0[2mms[22m[39m
         [32mÔ£ô[39m parses "week-end" in French[32m 0[2mms[22m[39m
         [32mÔ£ô[39m parses "questo fine settimana" in Italian[32m 0[2mms[22m[39m
         [32mÔ£ô[39m parses "fine settimana" in Italian[32m 0[2mms[22m[39m
         [32mÔ£ô[39m returns next Saturday when called on Saturday[32m 0[2mms[22m[39m
         [32mÔ£ô[39m returns next Saturday when called on Sunday[32m 0[2mms[22m[39m
         [32mÔ£ô[39m is case-insensitive[32m 0[2mms[22m[39m
         [32mÔ£ô[39m trims whitespace[32m 0[2mms[22m[39m
         [32mÔ£ô[39m returns base date for invalid input[32m 0[2mms[22m[39m
         [32mÔ£ô[39m uses current date when baseDate is not provided[32m 0[2mms[22m[39m
         [32mÔ£ô[39m converts "9am" to "09:00"[32m 0[2mms[22m[39m
[31m         [31m├ù[31m converts "2pm" to "14:00"[39m[32m 10[2mms[22m[39m
[31m         [31m├ù[31m converts "12am" to "00:00"[39m[32m 1[2mms[22m[39m
[31m         [31m├ù[31m converts "12pm" to "12:00"[39m[32m 1[2mms[22m[39m
[31m         [31m├ù[31m handles uppercase AM/PM[39m[32m 1[2mms[22m[39m
[31m         [31m├ù[31m converts "9:30am" to "09:30"[39m[32m 1[2mms[22m[39m
[31m         [31m├ù[31m converts "2:45pm" to "14:45"[39m[32m 1[2mms[22m[39m
[31m         [31m├ù[31m converts "12:30am" to "00:30"[39m[32m 1[2mms[22m[39m
[31m         [31m├ù[31m converts "12:30pm" to "12:30"[39m[32m 1[2mms[22m[39m
[31m         [31m├ù[31m handles spaces before AM/PM[39m[32m 1[2mms[22m[39m
[31m         [31m├ù[31m handles single digit hour[39m[32m 1[2mms[22m[39m
[31m         [31m├ù[31m handles double digit hour[39m[32m 1[2mms[22m[39m
[31m         [31m├ù[31m handles time without leading zero[39m[32m 1[2mms[22m[39m
[31m         [31m├ù[31m handles time with leading zero[39m[32m 1[2mms[22m[39m
[31m         [31m├ù[31m handles time with seconds[39m[32m 1[2mms[22m[39m
[31m         [31m├ù[31m trims whitespace[39m[32m 9[2mms[22m[39m
         [32mÔ£ô[39m returns default for invalid input[32m 0[2mms[22m[39m
[31m         [31m├ù[31m handles midnight[39m[32m 2[2mms[22m[39m
[31m         [31m├ù[31m handles noon[39m[32m 1[2mms[22m[39m
[31m       [31m├ù[31m combines date and time correctly[39m[32m 4[2mms[22m[39m
[31m       [31m├ù[31m handles relative date with time[39m[32m 2[2mms[22m[39m
       [32mÔ£ô[39m uses default time when time is not provided[32m 2[2mms[22m[39m
[31m       [31m├ù[31m uses current date when date is not provided[39m[32m 2[2mms[22m[39m
       [32mÔ£ô[39m uses defaults when both are not provided[32m 1[2mms[22m[39m
[31m       [31m├ù[31m handles multilingual date with AM/PM time[39m[32m 2[2mms[22m[39m
[31m       [31m├ù[31m returns current time for invalid inputs[39m[32m 1[2mms[22m[39m
[31m       [31m├ù[31m preserves date-only format in date field[39m[32m 2[2mms[22m[39m

[31mÔÄ»ÔÄ»ÔÄ»ÔÄ»ÔÄ»ÔÄ»[39m[1m[41m Failed Tests 
23 [49m[22m[31mÔÄ»ÔÄ»ÔÄ»ÔÄ»ÔÄ»ÔÄ»ÔÄ»[39m

[41m[1m FAIL [22m[49m 
src/lib/utils/__tests__/TimeParser.test.ts[2m > 
[22mTimeParser[2m > [22mnormalizeTime[2m > 
[22mAM/PM format without minutes[2m > 
[22mconverts "2pm" to "14:00"
[31m[1mAssertionError[22m: expected '09:00' to 
be '14:00' // Object.is equality[39m

Expected: [32m"[7m14[27m:00"[39m
Received: [31m"[7m09[27m:00"[39m

[36m [2mÔØ»[22m src/lib/utils/__tests__/TimeParse
r.test.ts:[2m203:49[22m[39m
    [90m201| [39m
    [90m202| [39m      
[34mit[39m([32m'converts "2pm" to 
"14:00"'[39m[33m,[39m () [33m=>[39m {
    [90m203| [39m        [34mexpect[39m([33mTim
eParser[39m[33m.[39m[34mnormalizeTime[39m([32m
'2pm'[39m))[33m.[39m[34mtoBe[39m([32m'14:00'[
39m)[33m;[39m
    [90m   | [39m                                 
               [31m^[39m
    [90m204| [39m      })[33m;[39m
    [90m205| [39m

[31m[2mÔÄ»ÔÄ»ÔÄ»ÔÄ»ÔÄ»ÔÄ»ÔÄ»ÔÄ»ÔÄ»ÔÄ»ÔÄ»ÔÄ»ÔÄ»ÔÄ»Ô
Ä»ÔÄ»ÔÄ»ÔÄ»ÔÄ»ÔÄ»ÔÄ»ÔÄ»ÔÄ»[1/23]ÔÄ»[22m[39m

[41m[1m FAIL [22m[49m 
src/lib/utils/__tests__/TimeParser.test.ts[2m > 
[22mTimeParser[2m > [22mnormalizeTime[2m > 
[22mAM/PM format without minutes[2m > 
[22mconverts "12am" to "00:00"
[31m[1mAssertionError[22m: expected '09:00' to 
be '00:00' // Object.is equality[39m

Expected: [32m"0[7m0[27m:00"[39m
Received: [31m"0[7m9[27m:00"[39m

[36m [2mÔØ»[22m src/lib/utils/__tests__/TimeParse
r.test.ts:[2m207:50[22m[39m
    [90m205| [39m
    [90m206| [39m      
[34mit[39m([32m'converts "12am" to 
"00:00"'[39m[33m,[39m () [33m=>[39m {
    [90m207| [39m        [34mexpect[39m([33mTim
eParser[39m[33m.[39m[34mnormalizeTime[39m([32m
'12am'[39m))[33m.[39m[34mtoBe[39m([32m'00:00'
[39m)[33m;[39m
    [90m   | [39m                                 
                [31m^[39m
    [90m208| [39m      })[33m;[39m
    [90m209| [39m

[31m[2mÔÄ»ÔÄ»ÔÄ»ÔÄ»ÔÄ»ÔÄ»ÔÄ»ÔÄ»ÔÄ»ÔÄ»ÔÄ»ÔÄ»ÔÄ»ÔÄ»Ô
Ä»ÔÄ»ÔÄ»ÔÄ»ÔÄ»ÔÄ»ÔÄ»ÔÄ»ÔÄ»[2/23]ÔÄ»[22m[39m

[41m[1m FAIL [22m[49m 
src/lib/utils/__tests__/TimeParser.test.ts[2m > 
[22mTimeParser[2m > [22mnormalizeTime[2m > 
[22mAM/PM format without minutes[2m > 
[22mconverts "12pm" to "12:00"
[31m[1mAssertionError[22m: expected '09:00' to 
be '12:00' // Object.is equality[39m

Expected: [32m"[7m12[27m:00"[39m
Received: [31m"[7m09[27m:00"[39m

[36m [2mÔØ»[22m src/lib/utils/__tests__/TimeParse
r.test.ts:[2m211:50[22m[39m
    [90m209| [39m
    [90m210| [39m      
[34mit[39m([32m'converts "12pm" to 
"12:00"'[39m[33m,[39m () [33m=>[39m {
    [90m211| [39m        [34mexpect[39m([33mTim
eParser[39m[33m.[39m[34mnormalizeTime[39m([32m
'12pm'[39m))[33m.[39m[34mtoBe[39m([32m'12:00'
[39m)[33m;[39m
    [90m   | [39m                                 
                [31m^[39m
    [90m212| [39m      })[33m;[39m
    [90m213| [39m

[31m[2mÔÄ»ÔÄ»ÔÄ»ÔÄ»ÔÄ»ÔÄ»ÔÄ»ÔÄ»ÔÄ»ÔÄ»ÔÄ»ÔÄ»ÔÄ»ÔÄ»Ô
Ä»ÔÄ»ÔÄ»ÔÄ»ÔÄ»ÔÄ»ÔÄ»ÔÄ»ÔÄ»[3/23]ÔÄ»[22m[39m

[41m[1m FAIL [22m[49m 
src/lib/utils/__tests__/TimeParser.test.ts[2m > 
[22mTimeParser[2m > [22mnormalizeTime[2m > 
[22mAM/PM format without minutes[2m > 
[22mhandles uppercase AM/PM
[31m[1mAssertionError[22m: expected '09:00' to 
be '14:00' // Object.is equality[39m

Expected: [32m"[7m14[27m:00"[39m
Received: [31m"[7m09[27m:00"[39m

[36m [2mÔØ»[22m src/lib/utils/__tests__/TimeParse
r.test.ts:[2m216:49[22m[39m
    [90m214| [39m      [34mit[39m([32m'handles 
uppercase AM/PM'[39m[33m,[39m () [33m=>[39m {
    [90m215| [39m        [34mexpect[39m([33mTim
eParser[39m[33m.[39m[34mnormalizeTime[39m([32m
'9AM'[39m))[33m.[39m[34mtoBe[39m([32m'09:00'[
39m)[33m;[39m
    [90m216| [39m        [34mexpect[39m([33mTim
eParser[39m[33m.[39m[34mnormalizeTime[39m([32m
'2PM'[39m))[33m.[39m[34mtoBe[39m([32m'14:00'[
39m)[33m;[39m
    [90m   | [39m                                 
               [31m^[39m
    [90m217| [39m      })[33m;[39m
    [90m218| [39m    })[33m;[39m

[31m[2mÔÄ»ÔÄ»ÔÄ»ÔÄ»ÔÄ»ÔÄ»ÔÄ»ÔÄ»ÔÄ»ÔÄ»ÔÄ»ÔÄ»ÔÄ»ÔÄ»Ô
Ä»ÔÄ»ÔÄ»ÔÄ»ÔÄ»ÔÄ»ÔÄ»ÔÄ»ÔÄ»[4/23]ÔÄ»[22m[39m

[41m[1m FAIL [22m[49m 
src/lib/utils/__tests__/TimeParser.test.ts[2m > 
[22mTimeParser[2m > [22mnormalizeTime[2m > 
[22mAM/PM format with minutes[2m > [22mconverts 
"9:30am" to "09:30"
[31m[1mAssertionError[22m: expected '09:00' to 
be '09:30' // Object.is equality[39m

Expected: [32m"09:[7m3[27m0"[39m
Received: [31m"09:[7m0[27m0"[39m

[36m [2mÔØ»[22m src/lib/utils/__tests__/TimeParse
r.test.ts:[2m222:52[22m[39m
    [90m220| [39m    
[34mdescribe[39m([32m'AM/PM format with 
minutes'[39m[33m,[39m () [33m=>[39m {
    [90m221| [39m      
[34mit[39m([32m'converts "9:30am" to 
"09:30"'[39m[33m,[39m () [33m=>[39m {
    [90m222| [39m        [34mexpect[39m([33mTim
eParser[39m[33m.[39m[34mnormalizeTime[39m([32m
'9:30am'[39m))[33m.[39m[34mtoBe[39m([32m'09:30
'[39m)[33m;[39m
    [90m   | [39m                                 
                  [31m^[39m
    [90m223| [39m      })[33m;[39m
    [90m224| [39m

[31m[2mÔÄ»ÔÄ»ÔÄ»ÔÄ»ÔÄ»ÔÄ»ÔÄ»ÔÄ»ÔÄ»ÔÄ»ÔÄ»ÔÄ»ÔÄ»ÔÄ»Ô
Ä»ÔÄ»ÔÄ»ÔÄ»ÔÄ»ÔÄ»ÔÄ»ÔÄ»ÔÄ»[5/23]ÔÄ»[22m[39m

[41m[1m FAIL [22m[49m 
src/lib/utils/__tests__/TimeParser.test.ts[2m > 
[22mTimeParser[2m > [22mnormalizeTime[2m > 
[22mAM/PM format with minutes[2m > [22mconverts 
"2:45pm" to "14:45"
[31m[1mAssertionError[22m: expected '09:00' to 
be '14:45' // Object.is equality[39m

Expected: [32m"14:45"[39m
Received: [31m"09:00"[39m

[36m [2mÔØ»[22m src/lib/utils/__tests__/TimeParse
r.test.ts:[2m226:52[22m[39m
    [90m224| [39m
    [90m225| [39m      
[34mit[39m([32m'converts "2:45pm" to 
"14:45"'[39m[33m,[39m () [33m=>[39m {
    [90m226| [39m        [34mexpect[39m([33mTim
eParser[39m[33m.[39m[34mnormalizeTime[39m([32m
'2:45pm'[39m))[33m.[39m[34mtoBe[39m([32m'14:45
'[39m)[33m;[39m
    [90m   | [39m                                 
                  [31m^[39m
    [90m227| [39m      })[33m;[39m
    [90m228| [39m

[31m[2mÔÄ»ÔÄ»ÔÄ»ÔÄ»ÔÄ»ÔÄ»ÔÄ»ÔÄ»ÔÄ»ÔÄ»ÔÄ»ÔÄ»ÔÄ»ÔÄ»Ô
Ä»ÔÄ»ÔÄ»ÔÄ»ÔÄ»ÔÄ»ÔÄ»ÔÄ»ÔÄ»[6/23]ÔÄ»[22m[39m

[41m[1m FAIL [22m[49m 
src/lib/utils/__tests__/TimeParser.test.ts[2m > 
[22mTimeParser[2m > [22mnormalizeTime[2m > 
[22mAM/PM format with minutes[2m > [22mconverts 
"12:30am" to "00:30"
[31m[1mAssertionError[22m: expected '09:00' to 
be '00:30' // Object.is equality[39m

Expected: [32m"0[7m0:3[27m0"[39m
Received: [31m"0[7m9:0[27m0"[39m

[36m [2mÔØ»[22m src/lib/utils/__tests__/TimeParse
r.test.ts:[2m230:53[22m[39m
    [90m228| [39m
    [90m229| [39m      
[34mit[39m([32m'converts "12:30am" to 
"00:30"'[39m[33m,[39m () [33m=>[39m {
    [90m230| [39m        [34mexpect[39m([33mTim
eParser[39m[33m.[39m[34mnormalizeTime[39m([32m
'12:30am'[39m))[33m.[39m[34mtoBe[39m([32m'00:3
0'[39m)[33m;[39m
    [90m   | [39m                                 
                   [31m^[39m
    [90m231| [39m      })[33m;[39m
    [90m232| [39m

[31m[2mÔÄ»ÔÄ»ÔÄ»ÔÄ»ÔÄ»ÔÄ»ÔÄ»ÔÄ»ÔÄ»ÔÄ»ÔÄ»ÔÄ»ÔÄ»ÔÄ»Ô
Ä»ÔÄ»ÔÄ»ÔÄ»ÔÄ»ÔÄ»ÔÄ»ÔÄ»ÔÄ»[7/23]ÔÄ»[22m[39m

[41m[1m FAIL [22m[49m 
src/lib/utils/__tests__/TimeParser.test.ts[2m > 
[22mTimeParser[2m > [22mnormalizeTime[2m > 
[22mAM/PM format with minutes[2m > [22mconverts 
"12:30pm" to "12:30"
[31m[1mAssertionError[22m: expected '09:00' to 
be '12:30' // Object.is equality[39m

Expected: [32m"[7m12:3[27m0"[39m
Received: [31m"[7m09:0[27m0"[39m

[36m [2mÔØ»[22m src/lib/utils/__tests__/TimeParse
r.test.ts:[2m234:53[22m[39m
    [90m232| [39m
    [90m233| [39m      
[34mit[39m([32m'converts "12:30pm" to 
"12:30"'[39m[33m,[39m () [33m=>[39m {
    [90m234| [39m        [34mexpect[39m([33mTim
eParser[39m[33m.[39m[34mnormalizeTime[39m([32m
'12:30pm'[39m))[33m.[39m[34mtoBe[39m([32m'12:3
0'[39m)[33m;[39m
    [90m   | [39m                                 
                   [31m^[39m
    [90m235| [39m      })[33m;[39m
    [90m236| [39m

[31m[2mÔÄ»ÔÄ»ÔÄ»ÔÄ»ÔÄ»ÔÄ»ÔÄ»ÔÄ»ÔÄ»ÔÄ»ÔÄ»ÔÄ»ÔÄ»ÔÄ»Ô
Ä»ÔÄ»ÔÄ»ÔÄ»ÔÄ»ÔÄ»ÔÄ»ÔÄ»ÔÄ»[8/23]ÔÄ»[22m[39m

[41m[1m FAIL [22m[49m 
src/lib/utils/__tests__/TimeParser.test.ts[2m > 
[22mTimeParser[2m > [22mnormalizeTime[2m > 
[22mAM/PM format with minutes[2m > [22mhandles 
spaces before AM/PM
[31m[1mAssertionError[22m: expected '09:00' to 
be '09:30' // Object.is equality[39m

Expected: [32m"09:[7m3[27m0"[39m
Received: [31m"09:[7m0[27m0"[39m

[36m [2mÔØ»[22m src/lib/utils/__tests__/TimeParse
r.test.ts:[2m238:53[22m[39m
    [90m236| [39m
    [90m237| [39m      [34mit[39m([32m'handles 
spaces before AM/PM'[39m[33m,[39m () 
[33m=>[39m {
    [90m238| [39m        [34mexpect[39m([33mTim
eParser[39m[33m.[39m[34mnormalizeTime[39m([32m
'9:30 am'[39m))[33m.[39m[34mtoBe[39m([32m'09:3
0'[39m)[33m;[39m
    [90m   | [39m                                 
                   [31m^[39m
    [90m239| [39m        [34mexpect[39m([33mTim
eParser[39m[33m.[39m[34mnormalizeTime[39m([32m
'2:45 PM'[39m))[33m.[39m[34mtoBe[39m([32m'14:4
5'[39m)[33m;[39m
    [90m240| [39m      })[33m;[39m

[31m[2mÔÄ»ÔÄ»ÔÄ»ÔÄ»ÔÄ»ÔÄ»ÔÄ»ÔÄ»ÔÄ»ÔÄ»ÔÄ»ÔÄ»ÔÄ»ÔÄ»Ô
Ä»ÔÄ»ÔÄ»ÔÄ»ÔÄ»ÔÄ»ÔÄ»ÔÄ»ÔÄ»[9/23]ÔÄ»[22m[39m

[41m[1m FAIL [22m[49m 
src/lib/utils/__tests__/TimeParser.test.ts[2m > 
[22mTimeParser[2m > [22mnormalizeTime[2m > 
[22m24-hour format[2m > [22mhandles single digit 
hour
[31m[1mAssertionError[22m: expected '09:00' to 
be '07:00' // Object.is equality[39m

Expected: [32m"0[7m7[27m:00"[39m
Received: [31m"0[7m9[27m:00"[39m

[36m [2mÔØ»[22m src/lib/utils/__tests__/TimeParse
r.test.ts:[2m245:47[22m[39m
    [90m243| [39m    
[34mdescribe[39m([32m'24-hour 
format'[39m[33m,[39m () [33m=>[39m {
    [90m244| [39m      [34mit[39m([32m'handles 
single digit hour'[39m[33m,[39m () [33m=>[39m {
    [90m245| [39m        [34mexpect[39m([33mTim
eParser[39m[33m.[39m[34mnormalizeTime[39m([32m
'7'[39m))[33m.[39m[34mtoBe[39m([32m'07:00'[39
m)[33m;[39m
    [90m   | [39m                                 
             [31m^[39m
    [90m246| [39m        [34mexpect[39m([33mTim
eParser[39m[33m.[39m[34mnormalizeTime[39m([32m
'9'[39m))[33m.[39m[34mtoBe[39m([32m'09:00'[39
m)[33m;[39m
    [90m247| [39m      })[33m;[39m

[31m[2mÔÄ»ÔÄ»ÔÄ»ÔÄ»ÔÄ»ÔÄ»ÔÄ»ÔÄ»ÔÄ»ÔÄ»ÔÄ»ÔÄ»ÔÄ»ÔÄ»Ô
Ä»ÔÄ»ÔÄ»ÔÄ»ÔÄ»ÔÄ»ÔÄ»ÔÄ»[10/23]ÔÄ»[22m[39m

[41m[1m FAIL [22m[49m 
src/lib/utils/__tests__/TimeParser.test.ts[2m > 
[22mTimeParser[2m > [22mnormalizeTime[2m > 
[22m24-hour format[2m > [22mhandles double digit 
hour
[31m[1mAssertionError[22m: expected '09:00' to 
be '14:00' // Object.is equality[39m

Expected: [32m"[7m14[27m:00"[39m
Received: [31m"[7m09[27m:00"[39m

[36m [2mÔØ»[22m src/lib/utils/__tests__/TimeParse
r.test.ts:[2m250:48[22m[39m
    [90m248| [39m
    [90m249| [39m      [34mit[39m([32m'handles 
double digit hour'[39m[33m,[39m () [33m=>[39m {
    [90m250| [39m        [34mexpect[39m([33mTim
eParser[39m[33m.[39m[34mnormalizeTime[39m([32m
'14'[39m))[33m.[39m[34mtoBe[39m([32m'14:00'[3
9m)[33m;[39m
    [90m   | [39m                                 
              [31m^[39m
    [90m251| [39m        [34mexpect[39m([33mTim
eParser[39m[33m.[39m[34mnormalizeTime[39m([32m
'23'[39m))[33m.[39m[34mtoBe[39m([32m'23:00'[3
9m)[33m;[39m
    [90m252| [39m      })[33m;[39m

[31m[2mÔÄ»ÔÄ»ÔÄ»ÔÄ»ÔÄ»ÔÄ»ÔÄ»ÔÄ»ÔÄ»ÔÄ»ÔÄ»ÔÄ»ÔÄ»ÔÄ»Ô
Ä»ÔÄ»ÔÄ»ÔÄ»ÔÄ»ÔÄ»ÔÄ»ÔÄ»[11/23]ÔÄ»[22m[39m

[41m[1m FAIL [22m[49m 
src/lib/utils/__tests__/TimeParser.test.ts[2m > 
[22mTimeParser[2m > [22mnormalizeTime[2m > 
[22m24-hour format[2m > [22mhandles time without 
leading zero
[31m[1mAssertionError[22m: expected '09:00' to 
be '07:30' // Object.is equality[39m

Expected: [32m"0[7m7:3[27m0"[39m
Received: [31m"0[7m9:0[27m0"[39m

[36m [2mÔØ»[22m src/lib/utils/__tests__/TimeParse
r.test.ts:[2m255:50[22m[39m
    [90m253| [39m
    [90m254| [39m      [34mit[39m([32m'handles 
time without leading zero'[39m[33m,[39m () 
[33m=>[39m {
    [90m255| [39m        [34mexpect[39m([33mTim
eParser[39m[33m.[39m[34mnormalizeTime[39m([32m
'7:30'[39m))[33m.[39m[34mtoBe[39m([32m'07:30'
[39m)[33m;[39m
    [90m   | [39m                                 
                [31m^[39m
    [90m256| [39m        [34mexpect[39m([33mTim
eParser[39m[33m.[39m[34mnormalizeTime[39m([32m
'9:45'[39m))[33m.[39m[34mtoBe[39m([32m'09:45'
[39m)[33m;[39m
    [90m257| [39m      })[33m;[39m

[31m[2mÔÄ»ÔÄ»ÔÄ»ÔÄ»ÔÄ»ÔÄ»ÔÄ»ÔÄ»ÔÄ»ÔÄ»ÔÄ»ÔÄ»ÔÄ»ÔÄ»Ô
Ä»ÔÄ»ÔÄ»ÔÄ»ÔÄ»ÔÄ»ÔÄ»ÔÄ»[12/23]ÔÄ»[22m[39m

[41m[1m FAIL [22m[49m 
src/lib/utils/__tests__/TimeParser.test.ts[2m > 
[22mTimeParser[2m > [22mnormalizeTime[2m > 
[22m24-hour format[2m > [22mhandles time with 
leading zero
[31m[1mAssertionError[22m: expected '09:00' to 
be '07:30' // Object.is equality[39m

Expected: [32m"0[7m7:3[27m0"[39m
Received: [31m"0[7m9:0[27m0"[39m

[36m [2mÔØ»[22m src/lib/utils/__tests__/TimeParse
r.test.ts:[2m260:51[22m[39m
    [90m258| [39m
    [90m259| [39m      [34mit[39m([32m'handles 
time with leading zero'[39m[33m,[39m () 
[33m=>[39m {
    [90m260| [39m        [34mexpect[39m([33mTim
eParser[39m[33m.[39m[34mnormalizeTime[39m([32m
'07:30'[39m))[33m.[39m[34mtoBe[39m([32m'07:30'
[39m)[33m;[39m
    [90m   | [39m                                 
                 [31m^[39m
    [90m261| [39m        [34mexpect[39m([33mTim
eParser[39m[33m.[39m[34mnormalizeTime[39m([32m
'14:45'[39m))[33m.[39m[34mtoBe[39m([32m'14:45'
[39m)[33m;[39m
    [90m262| [39m      })[33m;[39m

[31m[2mÔÄ»ÔÄ»ÔÄ»ÔÄ»ÔÄ»ÔÄ»ÔÄ»ÔÄ»ÔÄ»ÔÄ»ÔÄ»ÔÄ»ÔÄ»ÔÄ»Ô
Ä»ÔÄ»ÔÄ»ÔÄ»ÔÄ»ÔÄ»ÔÄ»ÔÄ»[13/23]ÔÄ»[22m[39m

[41m[1m FAIL [22m[49m 
src/lib/utils/__tests__/TimeParser.test.ts[2m > 
[22mTimeParser[2m > [22mnormalizeTime[2m > 
[22m24-hour format[2m > [22mhandles time with 
seconds
[31m[1mAssertionError[22m: expected '09:00' to 
be '14:30' // Object.is equality[39m

Expected: [32m"[7m14:3[27m0"[39m
Received: [31m"[7m09:0[27m0"[39m

[36m [2mÔØ»[22m src/lib/utils/__tests__/TimeParse
r.test.ts:[2m265:54[22m[39m
    [90m263| [39m
    [90m264| [39m      [34mit[39m([32m'handles 
time with seconds'[39m[33m,[39m () [33m=>[39m {
    [90m265| [39m        [34mexpect[39m([33mTim
eParser[39m[33m.[39m[34mnormalizeTime[39m([32m
'14:30:00'[39m))[33m.[39m[34mtoBe[39m([32m'14:
30'[39m)[33m;[39m
    [90m   | [39m                                 
                    [31m^[39m
    [90m266| [39m        [34mexpect[39m([33mTim
eParser[39m[33m.[39m[34mnormalizeTime[39m([32m
'09:15:30'[39m))[33m.[39m[34mtoBe[39m([32m'09:
15'[39m)[33m;[39m
    [90m267| [39m      })[33m;[39m

[31m[2mÔÄ»ÔÄ»ÔÄ»ÔÄ»ÔÄ»ÔÄ»ÔÄ»ÔÄ»ÔÄ»ÔÄ»ÔÄ»ÔÄ»ÔÄ»ÔÄ»Ô
Ä»ÔÄ»ÔÄ»ÔÄ»ÔÄ»ÔÄ»ÔÄ»ÔÄ»[14/23]ÔÄ»[22m[39m

[41m[1m FAIL [22m[49m 
src/lib/utils/__tests__/TimeParser.test.ts[2m > 
[22mTimeParser[2m > [22mnormalizeTime[2m > 
[22medge cases[2m > [22mtrims whitespace
[31m[1mAssertionError[22m: expected '09:00' to 
be '09:30' // Object.is equality[39m

Expected: [32m"09:[7m3[27m0"[39m
Received: [31m"09:[7m0[27m0"[39m

[36m [2mÔØ»[22m src/lib/utils/__tests__/TimeParse
r.test.ts:[2m272:56[22m[39m
    [90m270| [39m    
[34mdescribe[39m([32m'edge 
cases'[39m[33m,[39m () [33m=>[39m {
    [90m271| [39m      [34mit[39m([32m'trims 
whitespace'[39m[33m,[39m () [33m=>[39m {
    [90m272| [39m        [34mexpect[39m([33mTim
eParser[39m[33m.[39m[34mnormalizeTime[39m([32m
'  9:30am  '[39m))[33m.[39m[34mtoBe[39m([32m'0
9:30'[39m)[33m;[39m
    [90m   | [39m                                 
                      [31m^[39m
    [90m273| [39m        [34mexpect[39m([33mTim
eParser[39m[33m.[39m[34mnormalizeTime[39m([32m
'  14:30  '[39m))[33m.[39m[34mtoBe[39m([32m'14
:30'[39m)[33m;[39m
    [90m274| [39m      })[33m;[39m

[31m[2mÔÄ»ÔÄ»ÔÄ»ÔÄ»ÔÄ»ÔÄ»ÔÄ»ÔÄ»ÔÄ»ÔÄ»ÔÄ»ÔÄ»ÔÄ»ÔÄ»Ô
Ä»ÔÄ»ÔÄ»ÔÄ»ÔÄ»ÔÄ»ÔÄ»ÔÄ»[15/23]ÔÄ»[22m[39m

[41m[1m FAIL [22m[49m 
src/lib/utils/__tests__/TimeParser.test.ts[2m > 
[22mTimeParser[2m > [22mnormalizeTime[2m > 
[22medge cases[2m > [22mhandles midnight
[31m[1mAssertionError[22m: expected '09:00' to 
be '00:00' // Object.is equality[39m

Expected: [32m"0[7m0[27m:00"[39m
Received: [31m"0[7m9[27m:00"[39m

[36m [2mÔØ»[22m src/lib/utils/__tests__/TimeParse
r.test.ts:[2m282:47[22m[39m
    [90m280| [39m
    [90m281| [39m      [34mit[39m([32m'handles 
midnight'[39m[33m,[39m () [33m=>[39m {
    [90m282| [39m        [34mexpect[39m([33mTim
eParser[39m[33m.[39m[34mnormalizeTime[39m([32m
'0'[39m))[33m.[39m[34mtoBe[39m([32m'00:00'[39
m)[33m;[39m
    [90m   | [39m                                 
             [31m^[39m
    [90m283| [39m        [34mexpect[39m([33mTim
eParser[39m[33m.[39m[34mnormalizeTime[39m([32m
'00'[39m))[33m.[39m[34mtoBe[39m([32m'00:00'[3
9m)[33m;[39m
    [90m284| [39m        [34mexpect[39m([33mTim
eParser[39m[33m.[39m[34mnormalizeTime[39m([32m
'00:00'[39m))[33m.[39m[34mtoBe[39m([32m'00:00'
[39m)[33m;[39m

[31m[2mÔÄ»ÔÄ»ÔÄ»ÔÄ»ÔÄ»ÔÄ»ÔÄ»ÔÄ»ÔÄ»ÔÄ»ÔÄ»ÔÄ»ÔÄ»ÔÄ»Ô
Ä»ÔÄ»ÔÄ»ÔÄ»ÔÄ»ÔÄ»ÔÄ»ÔÄ»[16/23]ÔÄ»[22m[39m

[41m[1m FAIL [22m[49m 
src/lib/utils/__tests__/TimeParser.test.ts[2m > 
[22mTimeParser[2m > [22mnormalizeTime[2m > 
[22medge cases[2m > [22mhandles noon
[31m[1mAssertionError[22m: expected '09:00' to 
be '12:00' // Object.is equality[39m

Expected: [32m"[7m12[27m:00"[39m
Received: [31m"[7m09[27m:00"[39m

[36m [2mÔØ»[22m src/lib/utils/__tests__/TimeParse
r.test.ts:[2m288:48[22m[39m
    [90m286| [39m
    [90m287| [39m      [34mit[39m([32m'handles 
noon'[39m[33m,[39m () [33m=>[39m {
    [90m288| [39m        [34mexpect[39m([33mTim
eParser[39m[33m.[39m[34mnormalizeTime[39m([32m
'12'[39m))[33m.[39m[34mtoBe[39m([32m'12:00'[3
9m)[33m;[39m
    [90m   | [39m                                 
              [31m^[39m
    [90m289| [39m        [34mexpect[39m([33mTim
eParser[39m[33m.[39m[34mnormalizeTime[39m([32m
'12:00'[39m))[33m.[39m[34mtoBe[39m([32m'12:00'
[39m)[33m;[39m
    [90m290| [39m      })[33m;[39m

[31m[2mÔÄ»ÔÄ»ÔÄ»ÔÄ»ÔÄ»ÔÄ»ÔÄ»ÔÄ»ÔÄ»ÔÄ»ÔÄ»ÔÄ»ÔÄ»ÔÄ»Ô
Ä»ÔÄ»ÔÄ»ÔÄ»ÔÄ»ÔÄ»ÔÄ»ÔÄ»[17/23]ÔÄ»[22m[39m

[41m[1m FAIL [22m[49m 
src/lib/utils/__tests__/TimeParser.test.ts[2m > 
[22mTimeParser[2m > [22mparseDatetime[2m > 
[22mcombines date and time correctly
[31m[1mAssertionError[22m: expected 9 to be 14 
// Object.is equality[39m

[32m- Expected[39m
[31m+ Received[39m

[32m- 14[39m
[31m+ 9[39m

[36m [2mÔØ»[22m src/lib/utils/__tests__/TimeParse
r.test.ts:[2m317:47[22m[39m
    [90m315| [39m
    [90m316| [39m      [90m// Verify time 
components (hour and minute)[39m
    [90m317| [39m      [34mexpect[39m(result[33
m.[39mdepartureTime[33m.[39m[34mgetHours[39m())
[33m.[39m[34mtoBe[39m([34m14[39m)[33m;[39m
    [90m   | [39m                                 
             [31m^[39m
    [90m318| [39m      [34mexpect[39m(result[33
m.[39mdepartureTime[33m.[39m[34mgetMinutes[39m(
))[33m.[39m[34mtoBe[39m([34m30[39m)[33m;[39m
    [90m319| [39m    })[33m;[39m

[31m[2mÔÄ»ÔÄ»ÔÄ»ÔÄ»ÔÄ»ÔÄ»ÔÄ»ÔÄ»ÔÄ»ÔÄ»ÔÄ»ÔÄ»ÔÄ»ÔÄ»Ô
Ä»ÔÄ»ÔÄ»ÔÄ»ÔÄ»ÔÄ»ÔÄ»ÔÄ»[18/23]ÔÄ»[22m[39m

[41m[1m FAIL [22m[49m 
src/lib/utils/__tests__/TimeParser.test.ts[2m > 
[22mTimeParser[2m > [22mparseDatetime[2m > 
[22mhandles relative date with time
[31m[1mAssertionError[22m: expected +0 to be 30 
// Object.is equality[39m

[32m- Expected[39m
[31m+ Received[39m

[32m- 30[39m
[31m+ 0[39m

[36m [2mÔØ»[22m src/lib/utils/__tests__/TimeParse
r.test.ts:[2m332:49[22m[39m
    [90m330| [39m      [90m// Verify time 
components[39m
    [90m331| [39m      [34mexpect[39m(result[33
m.[39mdepartureTime[33m.[39m[34mgetHours[39m())
[33m.[39m[34mtoBe[39m([34m9[39m)[33m;[39m
    [90m332| [39m      [34mexpect[39m(result[33
m.[39mdepartureTime[33m.[39m[34mgetMinutes[39m(
))[33m.[39m[34mtoBe[39m([34m30[39m)[33m;[39m
    [90m   | [39m                                 
               [31m^[39m
    [90m333| [39m    })[33m;[39m
    [90m334| [39m

[31m[2mÔÄ»ÔÄ»ÔÄ»ÔÄ»ÔÄ»ÔÄ»ÔÄ»ÔÄ»ÔÄ»ÔÄ»ÔÄ»ÔÄ»ÔÄ»ÔÄ»Ô
Ä»ÔÄ»ÔÄ»ÔÄ»ÔÄ»ÔÄ»ÔÄ»ÔÄ»[19/23]ÔÄ»[22m[39m

[41m[1m FAIL [22m[49m 
src/lib/utils/__tests__/TimeParser.test.ts[2m > 
[22mTimeParser[2m > [22mparseDatetime[2m > 
[22muses current date when date is not provided
[31m[1mAssertionError[22m: expected 9 to be 14 
// Object.is equality[39m

[32m- Expected[39m
[31m+ Received[39m

[32m- 14[39m
[31m+ 9[39m

[36m [2mÔØ»[22m src/lib/utils/__tests__/TimeParse
r.test.ts:[2m351:47[22m[39m
    [90m349| [39m      )[33m;[39m
    [90m350| [39m
    [90m351| [39m      [34mexpect[39m(result[33
m.[39mdepartureTime[33m.[39m[34mgetHours[39m())
[33m.[39m[34mtoBe[39m([34m14[39m)[33m;[39m
    [90m   | [39m                                 
             [31m^[39m
    [90m352| [39m      [34mexpect[39m(result[33
m.[39mdepartureTime[33m.[39m[34mgetMinutes[39m(
))[33m.[39m[34mtoBe[39m([34m30[39m)[33m;[39m
    [90m353| [39m    })[33m;[39m

[31m[2mÔÄ»ÔÄ»ÔÄ»ÔÄ»ÔÄ»ÔÄ»ÔÄ»ÔÄ»ÔÄ»ÔÄ»ÔÄ»ÔÄ»ÔÄ»ÔÄ»Ô
Ä»ÔÄ»ÔÄ»ÔÄ»ÔÄ»ÔÄ»ÔÄ»ÔÄ»[20/23]ÔÄ»[22m[39m

[41m[1m FAIL [22m[49m 
src/lib/utils/__tests__/TimeParser.test.ts[2m > 
[22mTimeParser[2m > [22mparseDatetime[2m > 
[22mhandles multilingual date with AM/PM time
[31m[1mAssertionError[22m: expected 9 to be 14 
// Object.is equality[39m

[32m- Expected[39m
[31m+ Received[39m

[32m- 14[39m
[31m+ 9[39m

[36m [2mÔØ»[22m src/lib/utils/__tests__/TimeParse
r.test.ts:[2m375:47[22m[39m
    [90m373| [39m      )[33m;[39m
    [90m374| [39m
    [90m375| [39m      [34mexpect[39m(result[33
m.[39mdepartureTime[33m.[39m[34mgetHours[39m())
[33m.[39m[34mtoBe[39m([34m14[39m)[33m;[39m
    [90m   | [39m                                 
             [31m^[39m
    [90m376| [39m      [34mexpect[39m(result[33
m.[39mdepartureTime[33m.[39m[34mgetMinutes[39m(
))[33m.[39m[34mtoBe[39m([34m30[39m)[33m;[39m
    [90m377| [39m    })[33m;[39m

[31m[2mÔÄ»ÔÄ»ÔÄ»ÔÄ»ÔÄ»ÔÄ»ÔÄ»ÔÄ»ÔÄ»ÔÄ»ÔÄ»ÔÄ»ÔÄ»ÔÄ»Ô
Ä»ÔÄ»ÔÄ»ÔÄ»ÔÄ»ÔÄ»ÔÄ»ÔÄ»[21/23]ÔÄ»[22m[39m

[41m[1m FAIL [22m[49m 
src/lib/utils/__tests__/TimeParser.test.ts[2m > 
[22mTimeParser[2m > [22mparseDatetime[2m > 
[22mreturns current time for invalid inputs
[31m[1mAssertionError[22m: expected 
'2024-01-15T00:00:00.000Z' to be 
'2024-01-15T12:00:00.000Z' // Object.is 
equality[39m

Expected: 
[32m"2024-01-15T[7m12[27m:00:00.000Z"[39m
Received: 
[31m"2024-01-15T[7m00[27m:00:00.000Z"[39m

[36m [2mÔØ»[22m src/lib/utils/__tests__/TimeParse
r.test.ts:[2m383:41[22m[39m
    [90m381| [39m
    [90m382| [39m      [35mconst[39m now 
[33m=[39m [35mnew[39m [33mDate[39m([32m'2024-
01-15T12:00:00Z'[39m)[33m;[39m
    [90m383| [39m      [34mexpect[39m(result[33
m.[39mdate[33m.[39m[34mtoISOString[39m())[33m.
[39m[34mtoBe[39m(now[33m.[39m[34mtoISOString[
39m())[33m;[39m
    [90m   | [39m                                 
       [31m^[39m
    [90m384| [39m      expect(result.departureTime
.toISOString()).toBe(now.toISOString(ÔÇª
    [90m385| [39m    })[33m;[39m

[31m[2mÔÄ»ÔÄ»ÔÄ»ÔÄ»ÔÄ»ÔÄ»ÔÄ»ÔÄ»ÔÄ»ÔÄ»ÔÄ»ÔÄ»ÔÄ»ÔÄ»Ô
Ä»ÔÄ»ÔÄ»ÔÄ»ÔÄ»ÔÄ»ÔÄ»ÔÄ»[22/23]ÔÄ»[22m[39m

[41m[1m FAIL [22m[49m 
src/lib/utils/__tests__/TimeParser.test.ts[2m > 
[22mTimeParser[2m > [22mparseDatetime[2m > 
[22mpreserves date-only format in date field
[31m[1mAssertionError[22m: expected 9 to be 14 
// Object.is equality[39m

[32m- Expected[39m
[31m+ Received[39m

[32m- 14[39m
[31m+ 9[39m

[36m [2mÔØ»[22m src/lib/utils/__tests__/TimeParse
r.test.ts:[2m397:47[22m[39m
    [90m395| [39m        [32m'2024-03-20'[39m
    [90m396| [39m      )[33m;[39m
    [90m397| [39m      [34mexpect[39m(result[33
m.[39mdepartureTime[33m.[39m[34mgetHours[39m())
[33m.[39m[34mtoBe[39m([34m14[39m)[33m;[39m
    [90m   | [39m                                 
             [31m^[39m
    [90m398| [39m      [34mexpect[39m(result[33
m.[39mdepartureTime[33m.[39m[34mgetMinutes[39m(
))[33m.[39m[34mtoBe[39m([34m30[39m)[33m;[39m
    [90m399| [39m    })[33m;[39m

[31m[2mÔÄ»ÔÄ»ÔÄ»ÔÄ»ÔÄ»ÔÄ»ÔÄ»ÔÄ»ÔÄ»ÔÄ»ÔÄ»ÔÄ»ÔÄ»ÔÄ»Ô
Ä»ÔÄ»ÔÄ»ÔÄ»ÔÄ»ÔÄ»ÔÄ»ÔÄ»[23/23]ÔÄ»[22m[39m


[2m Test Files [22m [1m[31m1 failed[39m[22m[90m (1)[39m
[2m      Tests [22m [1m[31m23 failed[39m[22m[2m | [22m[1m[32m32 passed[39m[22m[90m (55)[39m
[2m   Start at [22m 21:49:33
[2m   Duration [22m 323ms

[1m[41m FAIL [49m[22m [31mTests failed. Watching for file changes...[39m
       [2mpress [22m[1mh[22m[2m to show help[22m[2m, [22m[2mpress [22m[1mq[22m[2m to quit[22m
